Archive member included to satisfy reference by file (symbol)

C:/ST/STM32CubeIDE_1.17.0/STM32CubeIDE/plugins/com.st.stm32cube.ide.mcu.externaltools.gnu-tools-for-stm32.12.3.rel1.win32_1.1.0.202410251130/tools/bin/../lib/gcc/arm-none-eabi/12.3.1/../../../../arm-none-eabi/lib/thumb/v7e-m+fp/hard\libc_nano.a(libc_a-exit.o)
                              C:/ST/STM32CubeIDE_1.17.0/STM32CubeIDE/plugins/com.st.stm32cube.ide.mcu.externaltools.gnu-tools-for-stm32.12.3.rel1.win32_1.1.0.202410251130/tools/bin/../lib/gcc/arm-none-eabi/12.3.1/../../../../arm-none-eabi/lib/thumb/v7e-m+fp/hard/crt0.o (exit)
C:/ST/STM32CubeIDE_1.17.0/STM32CubeIDE/plugins/com.st.stm32cube.ide.mcu.externaltools.gnu-tools-for-stm32.12.3.rel1.win32_1.1.0.202410251130/tools/bin/../lib/gcc/arm-none-eabi/12.3.1/../../../../arm-none-eabi/lib/thumb/v7e-m+fp/hard\libc_nano.a(libc_a-findfp.o)
                              C:/ST/STM32CubeIDE_1.17.0/STM32CubeIDE/plugins/com.st.stm32cube.ide.mcu.externaltools.gnu-tools-for-stm32.12.3.rel1.win32_1.1.0.202410251130/tools/bin/../lib/gcc/arm-none-eabi/12.3.1/../../../../arm-none-eabi/lib/thumb/v7e-m+fp/hard\libc_nano.a(libc_a-exit.o) (__stdio_exit_handler)
C:/ST/STM32CubeIDE_1.17.0/STM32CubeIDE/plugins/com.st.stm32cube.ide.mcu.externaltools.gnu-tools-for-stm32.12.3.rel1.win32_1.1.0.202410251130/tools/bin/../lib/gcc/arm-none-eabi/12.3.1/../../../../arm-none-eabi/lib/thumb/v7e-m+fp/hard\libc_nano.a(libc_a-fwalk.o)
                              C:/ST/STM32CubeIDE_1.17.0/STM32CubeIDE/plugins/com.st.stm32cube.ide.mcu.externaltools.gnu-tools-for-stm32.12.3.rel1.win32_1.1.0.202410251130/tools/bin/../lib/gcc/arm-none-eabi/12.3.1/../../../../arm-none-eabi/lib/thumb/v7e-m+fp/hard\libc_nano.a(libc_a-findfp.o) (_fwalk_sglue)
C:/ST/STM32CubeIDE_1.17.0/STM32CubeIDE/plugins/com.st.stm32cube.ide.mcu.externaltools.gnu-tools-for-stm32.12.3.rel1.win32_1.1.0.202410251130/tools/bin/../lib/gcc/arm-none-eabi/12.3.1/../../../../arm-none-eabi/lib/thumb/v7e-m+fp/hard\libc_nano.a(libc_a-stdio.o)
                              C:/ST/STM32CubeIDE_1.17.0/STM32CubeIDE/plugins/com.st.stm32cube.ide.mcu.externaltools.gnu-tools-for-stm32.12.3.rel1.win32_1.1.0.202410251130/tools/bin/../lib/gcc/arm-none-eabi/12.3.1/../../../../arm-none-eabi/lib/thumb/v7e-m+fp/hard\libc_nano.a(libc_a-findfp.o) (__sread)
C:/ST/STM32CubeIDE_1.17.0/STM32CubeIDE/plugins/com.st.stm32cube.ide.mcu.externaltools.gnu-tools-for-stm32.12.3.rel1.win32_1.1.0.202410251130/tools/bin/../lib/gcc/arm-none-eabi/12.3.1/../../../../arm-none-eabi/lib/thumb/v7e-m+fp/hard\libc_nano.a(libc_a-vsnprintf.o)
                              ./Core/Src/logger.o (vsnprintf)
C:/ST/STM32CubeIDE_1.17.0/STM32CubeIDE/plugins/com.st.stm32cube.ide.mcu.externaltools.gnu-tools-for-stm32.12.3.rel1.win32_1.1.0.202410251130/tools/bin/../lib/gcc/arm-none-eabi/12.3.1/../../../../arm-none-eabi/lib/thumb/v7e-m+fp/hard\libc_nano.a(libc_a-memset.o)
                              C:/ST/STM32CubeIDE_1.17.0/STM32CubeIDE/plugins/com.st.stm32cube.ide.mcu.externaltools.gnu-tools-for-stm32.12.3.rel1.win32_1.1.0.202410251130/tools/bin/../lib/gcc/arm-none-eabi/12.3.1/../../../../arm-none-eabi/lib/thumb/v7e-m+fp/hard/crt0.o (memset)
C:/ST/STM32CubeIDE_1.17.0/STM32CubeIDE/plugins/com.st.stm32cube.ide.mcu.externaltools.gnu-tools-for-stm32.12.3.rel1.win32_1.1.0.202410251130/tools/bin/../lib/gcc/arm-none-eabi/12.3.1/../../../../arm-none-eabi/lib/thumb/v7e-m+fp/hard\libc_nano.a(libc_a-strsep.o)
                              ./Core/Src/console.o (strsep)
C:/ST/STM32CubeIDE_1.17.0/STM32CubeIDE/plugins/com.st.stm32cube.ide.mcu.externaltools.gnu-tools-for-stm32.12.3.rel1.win32_1.1.0.202410251130/tools/bin/../lib/gcc/arm-none-eabi/12.3.1/../../../../arm-none-eabi/lib/thumb/v7e-m+fp/hard\libc_nano.a(libc_a-strtok_r.o)
                              C:/ST/STM32CubeIDE_1.17.0/STM32CubeIDE/plugins/com.st.stm32cube.ide.mcu.externaltools.gnu-tools-for-stm32.12.3.rel1.win32_1.1.0.202410251130/tools/bin/../lib/gcc/arm-none-eabi/12.3.1/../../../../arm-none-eabi/lib/thumb/v7e-m+fp/hard\libc_nano.a(libc_a-strsep.o) (__strtok_r)
C:/ST/STM32CubeIDE_1.17.0/STM32CubeIDE/plugins/com.st.stm32cube.ide.mcu.externaltools.gnu-tools-for-stm32.12.3.rel1.win32_1.1.0.202410251130/tools/bin/../lib/gcc/arm-none-eabi/12.3.1/../../../../arm-none-eabi/lib/thumb/v7e-m+fp/hard\libc_nano.a(libc_a-closer.o)
                              C:/ST/STM32CubeIDE_1.17.0/STM32CubeIDE/plugins/com.st.stm32cube.ide.mcu.externaltools.gnu-tools-for-stm32.12.3.rel1.win32_1.1.0.202410251130/tools/bin/../lib/gcc/arm-none-eabi/12.3.1/../../../../arm-none-eabi/lib/thumb/v7e-m+fp/hard\libc_nano.a(libc_a-stdio.o) (_close_r)
C:/ST/STM32CubeIDE_1.17.0/STM32CubeIDE/plugins/com.st.stm32cube.ide.mcu.externaltools.gnu-tools-for-stm32.12.3.rel1.win32_1.1.0.202410251130/tools/bin/../lib/gcc/arm-none-eabi/12.3.1/../../../../arm-none-eabi/lib/thumb/v7e-m+fp/hard\libc_nano.a(libc_a-reent.o)
[...]
Memory Configuration

Name             Origin             Length             Attributes
RAM              0x20000000         0x00018000         xrw
FLASH            0x08000000         0x00080000         xr
*default*        0x00000000         0xffffffff

Linker script and memory map

LOAD C:/ST/STM32CubeIDE_1.17.0/STM32CubeIDE/plugins/com.st.stm32cube.ide.mcu.externaltools.gnu-tools-for-stm32.12.3.rel1.win32_1.1.0.202410251130/tools/bin/../lib/gcc/arm-none-eabi/12.3.1/thumb/v7e-m+fp/hard/crti.o
LOAD C:/ST/STM32CubeIDE_1.17.0/STM32CubeIDE/plugins/com.st.stm32cube.ide.mcu.externaltools.gnu-tools-for-stm32.12.3.rel1.win32_1.1.0.202410251130/tools/bin/../lib/gcc/arm-none-eabi/12.3.1/thumb/v7e-m+fp/hard/crtbegin.o
LOAD C:/ST/STM32CubeIDE_1.17.0/STM32CubeIDE/plugins/com.st.stm32cube.ide.mcu.externaltools.gnu-tools-for-stm32.12.3.rel1.win32_1.1.0.202410251130/tools/bin/../lib/gcc/arm-none-eabi/12.3.1/../../../../arm-none-eabi/lib/thumb/v7e-m+fp/hard/crt0.o
LOAD ./Core/Src/console.o
LOAD ./Core/Src/logger.o
LOAD ./Core/Src/main.o
LOAD ./Core/Src/ring_buffer.o
LOAD ./Core/Src/stm32f4xx_hal_msp.o
LOAD ./Core/Src/stm32f4xx_it.o
LOAD ./Core/Src/syscalls.o
LOAD ./Core/Src/sysmem.o
LOAD ./Core/Src/system_stm32f4xx.o
LOAD ./Core/Startup/startup_stm32f401retx.o
LOAD ./Drivers/STM32F4xx_HAL_Driver/Src/stm32f4xx_hal.o
LOAD ./Drivers/STM32F4xx_HAL_Driver/Src/stm32f4xx_hal_cortex.o
LOAD ./Drivers/STM32F4xx_HAL_Driver/Src/stm32f4xx_hal_dma.o
LOAD ./Drivers/STM32F4xx_HAL_Driver/Src/stm32f4xx_hal_dma_ex.o
LOAD ./Drivers/STM32F4xx_HAL_Driver/Src/stm32f4xx_hal_exti.o
LOAD ./Drivers/STM32F4xx_HAL_Driver/Src/stm32f4xx_hal_flash.o
LOAD ./Drivers/STM32F4xx_HAL_Driver/Src/stm32f4xx_hal_flash_ex.o
LOAD ./Drivers/STM32F4xx_HAL_Driver/Src/stm32f4xx_hal_flash_ramfunc.o
LOAD ./Drivers/STM32F4xx_HAL_Driver/Src/stm32f4xx_hal_gpio.o
LOAD ./Drivers/STM32F4xx_HAL_Driver/Src/stm32f4xx_hal_pcd.o
LOAD ./Drivers/STM32F4xx_HAL_Driver/Src/stm32f4xx_hal_pcd_ex.o
LOAD ./Drivers/STM32F4xx_HAL_Driver/Src/stm32f4xx_hal_pwr.o
LOAD ./Drivers/STM32F4xx_HAL_Driver/Src/stm32f4xx_hal_pwr_ex.o
LOAD ./Drivers/STM32F4xx_HAL_Driver/Src/stm32f4xx_hal_rcc.o
LOAD ./Drivers/STM32F4xx_HAL_Driver/Src/stm32f4xx_hal_rcc_ex.o
LOAD ./Drivers/STM32F4xx_HAL_Driver/Src/stm32f4xx_hal_uart.o
LOAD ./Drivers/STM32F4xx_HAL_Driver/Src/stm32f4xx_ll_usb.o
LOAD ./Middlewares2/ST/STM32_USB_Device_Library/Class/CustomHID/Src/usbd_customhid.o
LOAD ./Middlewares2/ST/STM32_USB_Device_Library/Core/Src/usbd_core.o
LOAD ./Middlewares2/ST/STM32_USB_Device_Library/Core/Src/usbd_ctlreq.o
LOAD ./Middlewares2/ST/STM32_USB_Device_Library/Core/Src/usbd_ioreq.o
LOAD ./USB_DEVICE/App/usb_device.o
LOAD ./USB_DEVICE/App/usbd_custom_hid_if.o
LOAD ./USB_DEVICE/App/usbd_desc.o
LOAD ./USB_DEVICE/Target/usbd_conf.o
START GROUP
LOAD C:/ST/STM32CubeIDE_1.17.0/STM32CubeIDE/plugins/com.st.stm32cube.ide.mcu.externaltools.gnu-tools-for-stm32.12.3.rel1.win32_1.1.0.202410251130/tools/bin/../lib/gcc/arm-none-eabi/12.3.1/../../../../arm-none-eabi/lib/thumb/v7e-m+fp/hard\libc_nano.a
LOAD C:/ST/STM32CubeIDE_1.17.0/STM32CubeIDE/plugins/com.st.stm32cube.ide.mcu.externaltools.gnu-tools-for-stm32.12.3.rel1.win32_1.1.0.202410251130/tools/bin/../lib/gcc/arm-none-eabi/12.3.1/../../../../arm-none-eabi/lib/thumb/v7e-m+fp/hard\libm.a
END GROUP
START GROUP
LOAD C:/ST/STM32CubeIDE_1.17.0/STM32CubeIDE/plugins/com.st.stm32cube.ide.mcu.externaltools.gnu-tools-for-stm32.12.3.rel1.win32_1.1.0.202410251130/tools/bin/../lib/gcc/arm-none-eabi/12.3.1/thumb/v7e-m+fp/hard\libgcc.a
LOAD C:/ST/STM32CubeIDE_1.17.0/STM32CubeIDE/plugins/com.st.stm32cube.ide.mcu.externaltools.gnu-tools-for-stm32.12.3.rel1.win32_1.1.0.202410251130/tools/bin/../lib/gcc/arm-none-eabi/12.3.1/../../../../arm-none-eabi/lib/thumb/v7e-m+fp/hard\libc_nano.a
END GROUP
START GROUP
LOAD C:/ST/STM32CubeIDE_1.17.0/STM32CubeIDE/plugins/com.st.stm32cube.ide.mcu.externaltools.gnu-tools-for-stm32.12.3.rel1.win32_1.1.0.202410251130/tools/bin/../lib/gcc/arm-none-eabi/12.3.1/thumb/v7e-m+fp/hard\libgcc.a
LOAD C:/ST/STM32CubeIDE_1.17.0/STM32CubeIDE/plugins/com.st.stm32cube.ide.mcu.externaltools.gnu-tools-for-stm32.12.3.rel1.win32_1.1.0.202410251130/tools/bin/../lib/gcc/arm-none-eabi/12.3.1/../../../../arm-none-eabi/lib/thumb/v7e-m+fp/hard\libc_nano.a
LOAD C:/ST/STM32CubeIDE_1.17.0/STM32CubeIDE/plugins/com.st.stm32cube.ide.mcu.externaltools.gnu-tools-for-stm32.12.3.rel1.win32_1.1.0.202410251130/tools/bin/../lib/gcc/arm-none-eabi/12.3.1/../../../../arm-none-eabi/lib/thumb/v7e-m+fp/hard\libnosys.a
END GROUP
START GROUP
LOAD C:/ST/STM32CubeIDE_1.17.0/STM32CubeIDE/plugins/com.st.stm32cube.ide.mcu.externaltools.gnu-tools-for-stm32.12.3.rel1.win32_1.1.0.202410251130/tools/bin/../lib/gcc/arm-none-eabi/12.3.1/thumb/v7e-m+fp/hard\libgcc.a
LOAD C:/ST/STM32CubeIDE_1.17.0/STM32CubeIDE/plugins/com.st.stm32cube.ide.mcu.externaltools.gnu-tools-for-stm32.12.3.rel1.win32_1.1.0.202410251130/tools/bin/../lib/gcc/arm-none-eabi/12.3.1/../../../../arm-none-eabi/lib/thumb/v7e-m+fp/hard\libc_nano.a
LOAD C:/ST/STM32CubeIDE_1.17.0/STM32CubeIDE/plugins/com.st.stm32cube.ide.mcu.externaltools.gnu-tools-for-stm32.12.3.rel1.win32_1.1.0.202410251130/tools/bin/../lib/gcc/arm-none-eabi/12.3.1/../../../../arm-none-eabi/lib/thumb/v7e-m+fp/hard\libnosys.a
END GROUP
LOAD C:/ST/STM32CubeIDE_1.17.0/STM32CubeIDE/plugins/com.st.stm32cube.ide.mcu.externaltools.gnu-tools-for-stm32.12.3.rel1.win32_1.1.0.202410251130/tools/bin/../lib/gcc/arm-none-eabi/12.3.1/thumb/v7e-m+fp/hard/crtend.o
LOAD C:/ST/STM32CubeIDE_1.17.0/STM32CubeIDE/plugins/com.st.stm32cube.ide.mcu.externaltools.gnu-tools-for-stm32.12.3.rel1.win32_1.1.0.202410251130/tools/bin/../lib/gcc/arm-none-eabi/12.3.1/thumb/v7e-m+fp/hard/crtn.o
                0x20018000                        _estack = (ORIGIN (RAM) + LENGTH (RAM))
                0x00000200                        _Min_Heap_Size = 0x200
                0x00000400                        _Min_Stack_Size = 0x400

.isr_vector     0x08000000      0x194
                0x08000000                        . = ALIGN (0x4)
 *(.isr_vector)
 .isr_vector    0x08000000      0x194 ./Core/Startup/startup_stm32f401retx.o
                0x08000000                g_pfnVectors
                0x08000194                        . = ALIGN (0x4)

.text           0x080001a0     0x901c
                0x080001a0                        . = ALIGN (0x4)
 *(.text)
 .text          0x080001a0       0x40 C:/ST/STM32CubeIDE_1.17.0/STM32CubeIDE/plugins/com.st.stm32cube.ide.mcu.externaltools.gnu-tools-for-stm32.12.3.rel1.win32_1.1.0.202410251130/tools/bin/../lib/gcc/arm-none-eabi/12.3.1/thumb/v7e-m+fp/hard/crtbegin.o
 .text          0x080001e0       0x14 C:/ST/STM32CubeIDE_1.17.0/STM32CubeIDE/plugins/com.st.stm32cube.ide.mcu.externaltools.gnu-tools-for-stm32.12.3.rel1.win32_1.1.0.202410251130/tools/bin/../lib/gcc/arm-none-eabi/12.3.1/../../../../arm-none-eabi/lib/thumb/v7e-m+fp/hard\libc_nano.a(libc_a-strcmp.o)
                0x080001e0                strcmp
 .text          0x080001f4       0x10 C:/ST/STM32CubeIDE_1.17.0/STM32CubeIDE/plugins/com.st.stm32cube.ide.mcu.externaltools.gnu-tools-for-stm32.12.3.rel1.win32_1.1.0.202410251130/tools/bin/../lib/gcc/arm-none-eabi/12.3.1/../../../../arm-none-eabi/lib/thumb/v7e-m+fp/hard\libc_nano.a(libc_a-strlen.o)
                0x080001f4                strlen
 *fill*         0x08000204        0xc 
 .text          0x08000210       0xa0 C:/ST/STM32CubeIDE_1.17.0/STM32CubeIDE/plugins/com.st.stm32cube.ide.mcu.externaltools.gnu-tools-for-stm32.12.3.rel1.win32_1.1.0.202410251130/tools/bin/../lib/gcc/arm-none-eabi/12.3.1/../../../../arm-none-eabi/lib/thumb/v7e-m+fp/hard\libc_nano.a(libc_a-memchr.o)
                0x08000210                memchr
 .text          0x080002b0       0x30 C:/ST/STM32CubeIDE_1.17.0/STM32CubeIDE/plugins/com.st.stm32cube.ide.mcu.externaltools.gnu-tools-for-stm32.12.3.rel1.win32_1.1.0.202410251130/tools/bin/../lib/gcc/arm-none-eabi/12.3.1/thumb/v7e-m+fp/hard\libgcc.a(_aeabi_uldivmod.o)
                0x080002b0                __aeabi_uldivmod
 .text          0x080002e0      0x2bc C:/ST/STM32CubeIDE_1.17.0/STM32CubeIDE/plugins/com.st.stm32cube.ide.mcu.externaltools.gnu-tools-for-stm32.12.3.rel1.win32_1.1.0.202410251130/tools/bin/../lib/gcc/arm-none-eabi/12.3.1/thumb/v7e-m+fp/hard\libgcc.a(_udivmoddi4.o)
                0x080002e0                __udivmoddi4
 .text          0x0800059c        0x4 C:/ST/STM32CubeIDE_1.17.0/STM32CubeIDE/plugins/com.st.stm32cube.ide.mcu.externaltools.gnu-tools-for-stm32.12.3.rel1.win32_1.1.0.202410251130/tools/bin/../lib/gcc/arm-none-eabi/12.3.1/thumb/v7e-m+fp/hard\libgcc.a(_dvmd_tls.o)
                0x0800059c                __aeabi_idiv0
                0x0800059c                __aeabi_ldiv0
 *(.text*)
 .text.console_init
                0x080005a0       0x74 ./Core/Src/console.o
                0x080005a0                console_init
 .text.console_register_commands
                0x08000614       0x2c ./Core/Src/console.o
                0x08000614                console_register_commands
 .text.console_write
                0x08000640       0x40 ./Core/Src/console.o
                0x08000640                console_write
 .text.console_clear_screen
                0x08000680       0x14 ./Core/Src/console.o
                0x08000680                console_clear_screen
 .text.cmd_clear
                0x08000694       0x20 ./Core/Src/console.o
                0x08000694                cmd_clear
 .text.console_start_tx
                0x080006b4       0x6c ./Core/Src/console.o
 .text.console_send_char
                0x08000720       0x28 ./Core/Src/console.o
 .text.console_task
                0x08000748       0xf4 ./Core/Src/console.o
                0x08000748                console_task
 .text.console_process_line
                0x0800083c      0x110 ./Core/Src/console.o
 .text.HAL_UART_RxCpltCallback
                0x0800094c       0x40 ./Core/Src/console.o
                0x0800094c                HAL_UART_RxCpltCallback
 .text.HAL_UART_TxCpltCallback
                0x0800098c       0x3c ./Core/Src/console.o
                0x0800098c                HAL_UART_TxCpltCallback
 .text.logger_init
                0x080009c8       0x1c ./Core/Src/logger.o
                0x080009c8                logger_init
 .text.log_message
                0x080009e4       0x60 ./Core/Src/logger.o
                0x080009e4                log_message
 .text.cmd_log_dump
                0x08000a44       0x74 ./Core/Src/logger.o
                0x08000a44                cmd_log_dump
 .text.cmd_log_clear
                0x08000ab8       0x30 ./Core/Src/logger.o
                0x08000ab8                cmd_log_clear
 .text.main     0x08000ae8       0x38 ./Core/Src/main.o
                0x08000ae8                main
 .text.SystemClock_Config
                0x08000b20       0xd8 ./Core/Src/main.o
                0x08000b20                SystemClock_Config
 .text.MX_USART2_UART_Init
                0x08000bf8       0x54 ./Core/Src/main.o
 .text.MX_USB_OTG_FS_PCD_Init
                0x08000c4c       0x60 ./Core/Src/main.o
 .text.MX_GPIO_Init
                0x08000cac       0xdc ./Core/Src/main.o
 .text.cmd_help
                0x08000d88       0x7c ./Core/Src/main.o
 .text.cmd_info
                0x08000e04       0x30 ./Core/Src/main.o
 .text.Error_Handler
                0x08000e34        0xc ./Core/Src/main.o
                0x08000e34                Error_Handler
 .text.ring_buffer_init
                0x08000e40       0x36 ./Core/Src/ring_buffer.o
                0x08000e40                ring_buffer_init
 .text.ring_buffer_empty
                0x08000e76       0x3a ./Core/Src/ring_buffer.o
                0x08000e76                ring_buffer_empty
 .text.ring_buffer_size
                0x08000eb0       0x50 ./Core/Src/ring_buffer.o
                0x08000eb0                ring_buffer_size
 .text.ring_buffer_enqueue
                0x08000f00      0x11c ./Core/Src/ring_buffer.o
                0x08000f00                ring_buffer_enqueue
 .text.ring_buffer_dequeue
                0x0800101c      0x104 ./Core/Src/ring_buffer.o
                0x0800101c                ring_buffer_dequeue
 .text.HAL_MspInit
                0x08001120       0x50 ./Core/Src/stm32f4xx_hal_msp.o
                0x08001120                HAL_MspInit
 .text.HAL_UART_MspInit
                0x08001170       0xa0 ./Core/Src/stm32f4xx_hal_msp.o
                0x08001170                HAL_UART_MspInit
 .text.HAL_PCD_MspInit
                0x08001210       0xa8 ./Core/Src/stm32f4xx_hal_msp.o
                0x08001210                HAL_PCD_MspInit
 .text.NMI_Handler
                0x080012b8        0x8 ./Core/Src/stm32f4xx_it.o
                0x080012b8                NMI_Handler
 .text.HardFault_Handler
                0x080012c0        0x8 ./Core/Src/stm32f4xx_it.o
                0x080012c0                HardFault_Handler
 .text.MemManage_Handler
                0x080012c8        0x8 ./Core/Src/stm32f4xx_it.o
                0x080012c8                MemManage_Handler
 .text.BusFault_Handler
                0x080012d0        0x8 ./Core/Src/stm32f4xx_it.o
                0x080012d0                BusFault_Handler
 .text.UsageFault_Handler
                0x080012d8        0x8 ./Core/Src/stm32f4xx_it.o
                0x080012d8                UsageFault_Handler
 .text.SVC_Handler
                0x080012e0        0xe ./Core/Src/stm32f4xx_it.o
                0x080012e0                SVC_Handler
 .text.DebugMon_Handler
                0x080012ee        0xe ./Core/Src/stm32f4xx_it.o
                0x080012ee                DebugMon_Handler
 .text.PendSV_Handler
                0x080012fc        0xe ./Core/Src/stm32f4xx_it.o
                0x080012fc                PendSV_Handler
 .text.SysTick_Handler
                0x0800130a        0xc ./Core/Src/stm32f4xx_it.o
                0x0800130a                SysTick_Handler
 *fill*         0x08001316        0x2 
 .text.USART2_IRQHandler
                0x08001318       0x14 ./Core/Src/stm32f4xx_it.o
                0x08001318                USART2_IRQHandler
 .text.OTG_FS_IRQHandler
                0x0800132c       0x14 ./Core/Src/stm32f4xx_it.o
                0x0800132c                OTG_FS_IRQHandler
 .text._sbrk    0x08001340       0x6c ./Core/Src/sysmem.o
                0x08001340                _sbrk
 .text.SystemInit
                0x080013ac       0x24 ./Core/Src/system_stm32f4xx.o
                0x080013ac                SystemInit
 .text.Reset_Handler
                0x080013d0       0x50 ./Core/Startup/startup_stm32f401retx.o
                0x080013d0                Reset_Handler
 .text.Default_Handler
                0x08001420        0x2 ./Core/Startup/startup_stm32f401retx.o
                0x08001420                RTC_Alarm_IRQHandler
                0x08001420                EXTI2_IRQHandler
                0x08001420                SPI4_IRQHandler
                0x08001420                TIM1_CC_IRQHandler
                0x08001420                DMA2_Stream5_IRQHandler
                0x08001420                DMA1_Stream5_IRQHandler
                0x08001420                PVD_IRQHandler
                0x08001420                SDIO_IRQHandler
                0x08001420                TAMP_STAMP_IRQHandler
                0x08001420                EXTI3_IRQHandler
                0x08001420                TIM1_UP_TIM10_IRQHandler
                0x08001420                I2C3_ER_IRQHandler
                0x08001420                EXTI0_IRQHandler
                0x08001420                I2C2_EV_IRQHandler
                0x08001420                DMA1_Stream2_IRQHandler
                0x08001420                FPU_IRQHandler
                0x08001420                DMA2_Stream2_IRQHandler
                0x08001420                SPI1_IRQHandler
                0x08001420                TIM1_BRK_TIM9_IRQHandler
                0x08001420                DMA2_Stream3_IRQHandler
                0x08001420                USART6_IRQHandler
                0x08001420                DMA2_Stream0_IRQHandler
                0x08001420                TIM4_IRQHandler
                0x08001420                I2C1_EV_IRQHandler
                0x08001420                DMA1_Stream6_IRQHandler
                0x08001420                DMA1_Stream1_IRQHandler
                0x08001420                TIM3_IRQHandler
                0x08001420                RCC_IRQHandler
                0x08001420                Default_Handler
                0x08001420                EXTI15_10_IRQHandler
                0x08001420                ADC_IRQHandler
                0x08001420                DMA1_Stream7_IRQHandler
                0x08001420                TIM5_IRQHandler
                0x08001420                DMA2_Stream7_IRQHandler
                0x08001420                I2C3_EV_IRQHandler
                0x08001420                EXTI9_5_IRQHandler
                0x08001420                RTC_WKUP_IRQHandler
                0x08001420                SPI2_IRQHandler
                0x08001420                DMA1_Stream0_IRQHandler
                0x08001420                EXTI4_IRQHandler
                0x08001420                WWDG_IRQHandler
                0x08001420                TIM2_IRQHandler
                0x08001420                OTG_FS_WKUP_IRQHandler
                0x08001420                TIM1_TRG_COM_TIM11_IRQHandler
                0x08001420                EXTI1_IRQHandler
                0x08001420                I2C2_ER_IRQHandler
                0x08001420                DMA2_Stream1_IRQHandler
                0x08001420                FLASH_IRQHandler
                0x08001420                DMA2_Stream4_IRQHandler
                0x08001420                USART1_IRQHandler
                0x08001420                SPI3_IRQHandler
                0x08001420                DMA1_Stream4_IRQHandler
                0x08001420                I2C1_ER_IRQHandler
                0x08001420                DMA2_Stream6_IRQHandler
                0x08001420                DMA1_Stream3_IRQHandler
 *fill*         0x08001422        0x2 
 .text.HAL_Init
                0x08001424       0x44 ./Drivers/STM32F4xx_HAL_Driver/Src/stm32f4xx_hal.o
                0x08001424                HAL_Init
 .text.HAL_InitTick
                0x08001468       0x60 ./Drivers/STM32F4xx_HAL_Driver/Src/stm32f4xx_hal.o
                0x08001468                HAL_InitTick
 .text.HAL_IncTick
                0x080014c8       0x28 ./Drivers/STM32F4xx_HAL_Driver/Src/stm32f4xx_hal.o
                0x080014c8                HAL_IncTick
 .text.HAL_GetTick
                0x080014f0       0x18 ./Drivers/STM32F4xx_HAL_Driver/Src/stm32f4xx_hal.o
                0x080014f0                HAL_GetTick
 .text.HAL_Delay
                0x08001508       0x48 ./Drivers/STM32F4xx_HAL_Driver/Src/stm32f4xx_hal.o
                0x08001508                HAL_Delay
 .text.__NVIC_SetPriorityGrouping
                0x08001550       0x48 ./Drivers/STM32F4xx_HAL_Driver/Src/stm32f4xx_hal_cortex.o
 .text.__NVIC_GetPriorityGrouping
                0x08001598       0x1c ./Drivers/STM32F4xx_HAL_Driver/Src/stm32f4xx_hal_cortex.o
 .text.__NVIC_EnableIRQ
                0x080015b4       0x3c ./Drivers/STM32F4xx_HAL_Driver/Src/stm32f4xx_hal_cortex.o
 .text.__NVIC_SetPriority
                0x080015f0       0x54 ./Drivers/STM32F4xx_HAL_Driver/Src/stm32f4xx_hal_cortex.o
 .text.NVIC_EncodePriority
                0x08001644       0x66 ./Drivers/STM32F4xx_HAL_Driver/Src/stm32f4xx_hal_cortex.o
 *fill*         0x080016aa        0x2 
 .text.SysTick_Config
                0x080016ac       0x44 ./Drivers/STM32F4xx_HAL_Driver/Src/stm32f4xx_hal_cortex.o
 .text.HAL_NVIC_SetPriorityGrouping
                0x080016f0       0x16 ./Drivers/STM32F4xx_HAL_Driver/Src/stm32f4xx_hal_cortex.o
                0x080016f0                HAL_NVIC_SetPriorityGrouping
 .text.HAL_NVIC_SetPriority
                0x08001706       0x38 ./Drivers/STM32F4xx_HAL_Driver/Src/stm32f4xx_hal_cortex.o
                0x08001706                HAL_NVIC_SetPriority
 .text.HAL_NVIC_EnableIRQ
                0x0800173e       0x1c ./Drivers/STM32F4xx_HAL_Driver/Src/stm32f4xx_hal_cortex.o
                0x0800173e                HAL_NVIC_EnableIRQ
 .text.HAL_SYSTICK_Config
                0x0800175a       0x18 ./Drivers/STM32F4xx_HAL_Driver/Src/stm32f4xx_hal_cortex.o
                0x0800175a                HAL_SYSTICK_Config
 .text.HAL_DMA_Abort
                0x08001772       0xe0 ./Drivers/STM32F4xx_HAL_Driver/Src/stm32f4xx_hal_dma.o
                0x08001772                HAL_DMA_Abort
 .text.HAL_DMA_Abort_IT
                0x08001852       0x44 ./Drivers/STM32F4xx_HAL_Driver/Src/stm32f4xx_hal_dma.o
                0x08001852                HAL_DMA_Abort_IT
 *fill*         0x08001896        0x2 
 .text.HAL_GPIO_Init
                0x08001898      0x308 ./Drivers/STM32F4xx_HAL_Driver/Src/stm32f4xx_hal_gpio.o
                0x08001898                HAL_GPIO_Init
 .text.HAL_GPIO_WritePin
                0x08001ba0       0x32 ./Drivers/STM32F4xx_HAL_Driver/Src/stm32f4xx_hal_gpio.o
                0x08001ba0                HAL_GPIO_WritePin
 .text.HAL_PCD_Init
                0x08001bd2      0x21e ./Drivers/STM32F4xx_HAL_Driver/Src/stm32f4xx_hal_pcd.o
                0x08001bd2                HAL_PCD_Init
 .text.HAL_PCD_Start
                0x08001df0       0x6a ./Drivers/STM32F4xx_HAL_Driver/Src/stm32f4xx_hal_pcd.o
                0x08001df0                HAL_PCD_Start
 .text.HAL_PCD_IRQHandler
                0x08001e5a      0x942 ./Drivers/STM32F4xx_HAL_Driver/Src/stm32f4xx_hal_pcd.o
                0x08001e5a                HAL_PCD_IRQHandler
 .text.HAL_PCD_SetAddress
                0x0800279c       0x48 ./Drivers/STM32F4xx_HAL_Driver/Src/stm32f4xx_hal_pcd.o
                0x0800279c                HAL_PCD_SetAddress
 .text.HAL_PCD_EP_Open
                0x080027e4       0xd4 ./Drivers/STM32F4xx_HAL_Driver/Src/stm32f4xx_hal_pcd.o
                0x080027e4                HAL_PCD_EP_Open
 .text.HAL_PCD_EP_Close
                0x080028b8       0x94 ./Drivers/STM32F4xx_HAL_Driver/Src/stm32f4xx_hal_pcd.o
                0x080028b8                HAL_PCD_EP_Close
 .text.HAL_PCD_EP_Receive
                0x0800294c       0x76 ./Drivers/STM32F4xx_HAL_Driver/Src/stm32f4xx_hal_pcd.o
                0x0800294c                HAL_PCD_EP_Receive
 .text.HAL_PCD_EP_Transmit
                0x080029c2       0x74 ./Drivers/STM32F4xx_HAL_Driver/Src/stm32f4xx_hal_pcd.o
                0x080029c2                HAL_PCD_EP_Transmit
 .text.HAL_PCD_EP_SetStall
                0x08002a36       0xc6 ./Drivers/STM32F4xx_HAL_Driver/Src/stm32f4xx_hal_pcd.o
                0x08002a36                HAL_PCD_EP_SetStall
 .text.HAL_PCD_EP_ClrStall
                0x08002afc       0xac ./Drivers/STM32F4xx_HAL_Driver/Src/stm32f4xx_hal_pcd.o
                0x08002afc                HAL_PCD_EP_ClrStall
 .text.HAL_PCD_EP_Abort
                0x08002ba8       0x62 ./Drivers/STM32F4xx_HAL_Driver/Src/stm32f4xx_hal_pcd.o
                0x08002ba8                HAL_PCD_EP_Abort
 .text.PCD_WriteEmptyTxFifo
                0x08002c0a      0x118 ./Drivers/STM32F4xx_HAL_Driver/Src/stm32f4xx_hal_pcd.o
 *fill*         0x08002d22        0x2 
 .text.PCD_EP_OutXfrComplete_int
                0x08002d24      0x1d0 ./Drivers/STM32F4xx_HAL_Driver/Src/stm32f4xx_hal_pcd.o
 .text.PCD_EP_OutSetupPacket_int
                0x08002ef4       0x8c ./Drivers/STM32F4xx_HAL_Driver/Src/stm32f4xx_hal_pcd.o
 .text.HAL_PCDEx_SetTxFiFo
                0x08002f80       0x8e ./Drivers/STM32F4xx_HAL_Driver/Src/stm32f4xx_hal_pcd_ex.o
                0x08002f80                HAL_PCDEx_SetTxFiFo
 .text.HAL_PCDEx_SetRxFiFo
                0x0800300e       0x22 ./Drivers/STM32F4xx_HAL_Driver/Src/stm32f4xx_hal_pcd_ex.o
                0x0800300e                HAL_PCDEx_SetRxFiFo
 .text.HAL_PCDEx_LPM_Callback
                0x08003030       0x18 ./Drivers/STM32F4xx_HAL_Driver/Src/stm32f4xx_hal_pcd_ex.o
                0x08003030                HAL_PCDEx_LPM_Callback
 .text.HAL_RCC_OscConfig
                0x08003048      0x4f0 ./Drivers/STM32F4xx_HAL_Driver/Src/stm32f4xx_hal_rcc.o
                0x08003048                HAL_RCC_OscConfig
 .text.HAL_RCC_ClockConfig
                0x08003538      0x1cc ./Drivers/STM32F4xx_HAL_Driver/Src/stm32f4xx_hal_rcc.o
                0x08003538                HAL_RCC_ClockConfig
 .text.HAL_RCC_GetSysClockFreq
                0x08003704      0x20c ./Drivers/STM32F4xx_HAL_Driver/Src/stm32f4xx_hal_rcc.o
                0x08003704                HAL_RCC_GetSysClockFreq
 .text.HAL_RCC_GetHCLKFreq
                0x08003910       0x18 ./Drivers/STM32F4xx_HAL_Driver/Src/stm32f4xx_hal_rcc.o
                0x08003910                HAL_RCC_GetHCLKFreq
 .text.HAL_RCC_GetPCLK1Freq
                0x08003928       0x28 ./Drivers/STM32F4xx_HAL_Driver/Src/stm32f4xx_hal_rcc.o
                0x08003928                HAL_RCC_GetPCLK1Freq
 .text.HAL_RCC_GetPCLK2Freq
                0x08003950       0x28 ./Drivers/STM32F4xx_HAL_Driver/Src/stm32f4xx_hal_rcc.o
                0x08003950                HAL_RCC_GetPCLK2Freq
 .text.HAL_UART_Init
                0x08003978       0xa0 ./Drivers/STM32F4xx_HAL_Driver/Src/stm32f4xx_hal_uart.o
                0x08003978                HAL_UART_Init
 .text.HAL_UART_Transmit
                0x08003a18      0x116 ./Drivers/STM32F4xx_HAL_Driver/Src/stm32f4xx_hal_uart.o
                0x08003a18                HAL_UART_Transmit
 .text.HAL_UART_Transmit_IT
                0x08003b2e       0x6c ./Drivers/STM32F4xx_HAL_Driver/Src/stm32f4xx_hal_uart.o
                0x08003b2e                HAL_UART_Transmit_IT
 .text.HAL_UART_Receive_IT
                0x08003b9a       0x4a ./Drivers/STM32F4xx_HAL_Driver/Src/stm32f4xx_hal_uart.o
                0x08003b9a                HAL_UART_Receive_IT
 .text.HAL_UART_IRQHandler
                0x08003be4      0x524 ./Drivers/STM32F4xx_HAL_Driver/Src/stm32f4xx_hal_uart.o
                0x08003be4                HAL_UART_IRQHandler
 .text.HAL_UART_ErrorCallback
                0x08004108       0x14 ./Drivers/STM32F4xx_HAL_Driver/Src/stm32f4xx_hal_uart.o
                0x08004108                HAL_UART_ErrorCallback
 .text.HAL_UARTEx_RxEventCallback
                0x0800411c       0x18 ./Drivers/STM32F4xx_HAL_Driver/Src/stm32f4xx_hal_uart.o
                0x0800411c                HAL_UARTEx_RxEventCallback
 .text.UART_WaitOnFlagUntilTimeout
                0x08004134       0xb2 ./Drivers/STM32F4xx_HAL_Driver/Src/stm32f4xx_hal_uart.o
 .text.UART_Start_Receive_IT
                0x080041e6       0x74 ./Drivers/STM32F4xx_HAL_Driver/Src/stm32f4xx_hal_uart.o
                0x080041e6                UART_Start_Receive_IT
 .text.UART_EndRxTransfer
                0x0800425a       0xc6 ./Drivers/STM32F4xx_HAL_Driver/Src/stm32f4xx_hal_uart.o
 .text.UART_DMAAbortOnError
                0x08004320       0x28 ./Drivers/STM32F4xx_HAL_Driver/Src/stm32f4xx_hal_uart.o
 .text.UART_Transmit_IT
                0x08004348       0xa0 ./Drivers/STM32F4xx_HAL_Driver/Src/stm32f4xx_hal_uart.o
 .text.UART_EndTransmit_IT
                0x080043e8       0x30 ./Drivers/STM32F4xx_HAL_Driver/Src/stm32f4xx_hal_uart.o
 .text.UART_Receive_IT
                0x08004418      0x17c ./Drivers/STM32F4xx_HAL_Driver/Src/stm32f4xx_hal_uart.o
 .text.UART_SetConfig
                0x08004594      0x4e8 ./Drivers/STM32F4xx_HAL_Driver/Src/stm32f4xx_hal_uart.o
 .text.USB_CoreInit
                0x08004a7c       0xc8 ./Drivers/STM32F4xx_HAL_Driver/Src/stm32f4xx_ll_usb.o
                0x08004a7c                USB_CoreInit
 .text.USB_SetTurnaroundTime
                0x08004b44      0x144 ./Drivers/STM32F4xx_HAL_Driver/Src/stm32f4xx_ll_usb.o
                0x08004b44                USB_SetTurnaroundTime
 .text.USB_EnableGlobalInt
                0x08004c88       0x22 ./Drivers/STM32F4xx_HAL_Driver/Src/stm32f4xx_ll_usb.o
                0x08004c88                USB_EnableGlobalInt
 .text.USB_DisableGlobalInt
                0x08004caa       0x22 ./Drivers/STM32F4xx_HAL_Driver/Src/stm32f4xx_ll_usb.o
                0x08004caa                USB_DisableGlobalInt
 .text.USB_SetCurrentMode
                0x08004ccc       0x98 ./Drivers/STM32F4xx_HAL_Driver/Src/stm32f4xx_ll_usb.o
                0x08004ccc                USB_SetCurrentMode
 .text.USB_DevInit
                0x08004d64      0x2c8 ./Drivers/STM32F4xx_HAL_Driver/Src/stm32f4xx_ll_usb.o
                0x08004d64                USB_DevInit
 .text.USB_FlushTxFifo
                0x0800502c       0x64 ./Drivers/STM32F4xx_HAL_Driver/Src/stm32f4xx_ll_usb.o
                0x0800502c                USB_FlushTxFifo
 .text.USB_FlushRxFifo
                0x08005090       0x5c ./Drivers/STM32F4xx_HAL_Driver/Src/stm32f4xx_ll_usb.o
                0x08005090                USB_FlushRxFifo
 .text.USB_SetDevSpeed
                0x080050ec       0x32 ./Drivers/STM32F4xx_HAL_Driver/Src/stm32f4xx_ll_usb.o
                0x080050ec                USB_SetDevSpeed
 .text.USB_GetDevSpeed
                0x0800511e       0x4a ./Drivers/STM32F4xx_HAL_Driver/Src/stm32f4xx_ll_usb.o
                0x0800511e                USB_GetDevSpeed
 .text.USB_ActivateEndpoint
                0x08005168      0x10e ./Drivers/STM32F4xx_HAL_Driver/Src/stm32f4xx_ll_usb.o
                0x08005168                USB_ActivateEndpoint
 *fill*         0x08005276        0x2 
 .text.USB_DeactivateEndpoint
                0x08005278      0x1b8 ./Drivers/STM32F4xx_HAL_Driver/Src/stm32f4xx_ll_usb.o
                0x08005278                USB_DeactivateEndpoint
 .text.USB_EPStartXfer
                0x08005430      0x53c ./Drivers/STM32F4xx_HAL_Driver/Src/stm32f4xx_ll_usb.o
                0x08005430                USB_EPStartXfer
 .text.USB_EPStopXfer
                0x0800596c      0x154 ./Drivers/STM32F4xx_HAL_Driver/Src/stm32f4xx_ll_usb.o
                0x0800596c                USB_EPStopXfer
 .text.USB_WritePacket
                0x08005ac0       0x7c ./Drivers/STM32F4xx_HAL_Driver/Src/stm32f4xx_ll_usb.o
                0x08005ac0                USB_WritePacket
 .text.USB_ReadPacket
                0x08005b3c       0xb0 ./Drivers/STM32F4xx_HAL_Driver/Src/stm32f4xx_ll_usb.o
                0x08005b3c                USB_ReadPacket
 .text.USB_EPSetStall
                0x08005bec       0xdc ./Drivers/STM32F4xx_HAL_Driver/Src/stm32f4xx_ll_usb.o
                0x08005bec                USB_EPSetStall
 .text.USB_EPClearStall
                0x08005cc8       0xcc ./Drivers/STM32F4xx_HAL_Driver/Src/stm32f4xx_ll_usb.o
                0x08005cc8                USB_EPClearStall
 .text.USB_SetDevAddress
                0x08005d94       0x4c ./Drivers/STM32F4xx_HAL_Driver/Src/stm32f4xx_ll_usb.o
                0x08005d94                USB_SetDevAddress
 .text.USB_DevConnect
                0x08005de0       0x42 ./Drivers/STM32F4xx_HAL_Driver/Src/stm32f4xx_ll_usb.o
                0x08005de0                USB_DevConnect
 .text.USB_DevDisconnect
                0x08005e22       0x42 ./Drivers/STM32F4xx_HAL_Driver/Src/stm32f4xx_ll_usb.o
                0x08005e22                USB_DevDisconnect
 .text.USB_ReadInterrupts
                0x08005e64       0x26 ./Drivers/STM32F4xx_HAL_Driver/Src/stm32f4xx_ll_usb.o
                0x08005e64                USB_ReadInterrupts
 .text.USB_ReadDevAllOutEpInterrupt
                0x08005e8a       0x34 ./Drivers/STM32F4xx_HAL_Driver/Src/stm32f4xx_ll_usb.o
                0x08005e8a                USB_ReadDevAllOutEpInterrupt
 .text.USB_ReadDevAllInEpInterrupt
                0x08005ebe       0x34 ./Drivers/STM32F4xx_HAL_Driver/Src/stm32f4xx_ll_usb.o
                0x08005ebe                USB_ReadDevAllInEpInterrupt
 .text.USB_ReadDevOutEPInterrupt
                0x08005ef2       0x3c ./Drivers/STM32F4xx_HAL_Driver/Src/stm32f4xx_ll_usb.o
                0x08005ef2                USB_ReadDevOutEPInterrupt
 .text.USB_ReadDevInEPInterrupt
                0x08005f2e       0x5c ./Drivers/STM32F4xx_HAL_Driver/Src/stm32f4xx_ll_usb.o
                0x08005f2e                USB_ReadDevInEPInterrupt
 .text.USB_GetMode
                0x08005f8a       0x1c ./Drivers/STM32F4xx_HAL_Driver/Src/stm32f4xx_ll_usb.o
                0x08005f8a                USB_GetMode
 .text.USB_ActivateSetup
                0x08005fa6       0x46 ./Drivers/STM32F4xx_HAL_Driver/Src/stm32f4xx_ll_usb.o
                0x08005fa6                USB_ActivateSetup
 .text.USB_EP0_OutStart
                0x08005fec       0xbc ./Drivers/STM32F4xx_HAL_Driver/Src/stm32f4xx_ll_usb.o
                0x08005fec                USB_EP0_OutStart
 .text.USB_CoreReset
                0x080060a8       0x62 ./Drivers/STM32F4xx_HAL_Driver/Src/stm32f4xx_ll_usb.o
 *fill*         0x0800610a        0x2 
 .text.USBD_CUSTOM_HID_Init
                0x0800610c      0x154 ./Middlewares2/ST/STM32_USB_Device_Library/Class/CustomHID/Src/usbd_customhid.o
 .text.USBD_CUSTOM_HID_DeInit
                0x08006260       0xf4 ./Middlewares2/ST/STM32_USB_Device_Library/Class/CustomHID/Src/usbd_customhid.o
 .text.USBD_CUSTOM_HID_Setup
                0x08006354      0x2c0 ./Middlewares2/ST/STM32_USB_Device_Library/Class/CustomHID/Src/usbd_customhid.o
 .text.USBD_CUSTOM_HID_GetFSCfgDesc
                0x08006614       0x64 ./Middlewares2/ST/STM32_USB_Device_Library/Class/CustomHID/Src/usbd_customhid.o
 .text.USBD_CUSTOM_HID_GetHSCfgDesc
                0x08006678       0x64 ./Middlewares2/ST/STM32_USB_Device_Library/Class/CustomHID/Src/usbd_customhid.o
 .text.USBD_CUSTOM_HID_GetOtherSpeedCfgDesc
                0x080066dc       0x64 ./Middlewares2/ST/STM32_USB_Device_Library/Class/CustomHID/Src/usbd_customhid.o
 .text.USBD_CUSTOM_HID_DataIn
                0x08006740       0x2c ./Middlewares2/ST/STM32_USB_Device_Library/Class/CustomHID/Src/usbd_customhid.o
 .text.USBD_CUSTOM_HID_DataOut
                0x0800676c       0x66 ./Middlewares2/ST/STM32_USB_Device_Library/Class/CustomHID/Src/usbd_customhid.o
 .text.USBD_CUSTOM_HID_EP0_RxReady
                0x080067d2       0x58 ./Middlewares2/ST/STM32_USB_Device_Library/Class/CustomHID/Src/usbd_customhid.o
 *fill*         0x0800682a        0x2 
 .text.USBD_CUSTOM_HID_GetDeviceQualifierDesc
                0x0800682c       0x20 ./Middlewares2/ST/STM32_USB_Device_Library/Class/CustomHID/Src/usbd_customhid.o
 .text.USBD_CUSTOM_HID_RegisterInterface
                0x0800684c       0x34 ./Middlewares2/ST/STM32_USB_Device_Library/Class/CustomHID/Src/usbd_customhid.o
                0x0800684c                USBD_CUSTOM_HID_RegisterInterface
 .text.USBD_Init
                0x08006880       0x60 ./Middlewares2/ST/STM32_USB_Device_Library/Core/Src/usbd_core.o
                0x08006880                USBD_Init
 .text.USBD_RegisterClass
                0x080068e0       0x6c ./Middlewares2/ST/STM32_USB_Device_Library/Core/Src/usbd_core.o
                0x080068e0                USBD_RegisterClass
 .text.USBD_Start
                0x0800694c       0x18 ./Middlewares2/ST/STM32_USB_Device_Library/Core/Src/usbd_core.o
                0x0800694c                USBD_Start
 .text.USBD_RunTestMode
                0x08006964       0x16 ./Middlewares2/ST/STM32_USB_Device_Library/Core/Src/usbd_core.o
                0x08006964                USBD_RunTestMode
 .text.USBD_SetClassConfig
                0x0800697a       0x38 ./Middlewares2/ST/STM32_USB_Device_Library/Core/Src/usbd_core.o
                0x0800697a                USBD_SetClassConfig
 .text.USBD_ClrClassConfig
                0x080069b2       0x34 ./Middlewares2/ST/STM32_USB_Device_Library/Core/Src/usbd_core.o
                0x080069b2                USBD_ClrClassConfig
 .text.USBD_LL_SetupStage
                0x080069e6       0xaa ./Middlewares2/ST/STM32_USB_Device_Library/Core/Src/usbd_core.o
                0x080069e6                USBD_LL_SetupStage
 .text.USBD_LL_DataOutStage
                0x08006a90      0x166 ./Middlewares2/ST/STM32_USB_Device_Library/Core/Src/usbd_core.o
                0x08006a90                USBD_LL_DataOutStage
 .text.USBD_LL_DataInStage
                0x08006bf6      0x164 ./Middlewares2/ST/STM32_USB_Device_Library/Core/Src/usbd_core.o
                0x08006bf6                USBD_LL_DataInStage
 .text.USBD_LL_Reset
                0x08006d5a       0xa4 ./Middlewares2/ST/STM32_USB_Device_Library/Core/Src/usbd_core.o
                0x08006d5a                USBD_LL_Reset
 .text.USBD_LL_SetSpeed
                0x08006dfe       0x20 ./Middlewares2/ST/STM32_USB_Device_Library/Core/Src/usbd_core.o
                0x08006dfe                USBD_LL_SetSpeed
 .text.USBD_LL_Suspend
                0x08006e1e       0x38 ./Middlewares2/ST/STM32_USB_Device_Library/Core/Src/usbd_core.o
                0x08006e1e                USBD_LL_Suspend
 .text.USBD_LL_Resume
                0x08006e56       0x30 ./Middlewares2/ST/STM32_USB_Device_Library/Core/Src/usbd_core.o
                0x08006e56                USBD_LL_Resume
 .text.USBD_LL_SOF
                0x08006e86       0x40 ./Middlewares2/ST/STM32_USB_Device_Library/Core/Src/usbd_core.o
                0x08006e86                USBD_LL_SOF
 .text.USBD_LL_IsoINIncomplete
                0x08006ec6       0x64 ./Middlewares2/ST/STM32_USB_Device_Library/Core/Src/usbd_core.o
                0x08006ec6                USBD_LL_IsoINIncomplete
 .text.USBD_LL_IsoOUTIncomplete
                0x08006f2a       0x64 ./Middlewares2/ST/STM32_USB_Device_Library/Core/Src/usbd_core.o
                0x08006f2a                USBD_LL_IsoOUTIncomplete
 .text.USBD_LL_DevConnected
                0x08006f8e       0x16 ./Middlewares2/ST/STM32_USB_Device_Library/Core/Src/usbd_core.o
                0x08006f8e                USBD_LL_DevConnected
 .text.USBD_LL_DevDisconnected
                0x08006fa4       0x46 ./Middlewares2/ST/STM32_USB_Device_Library/Core/Src/usbd_core.o
                0x08006fa4                USBD_LL_DevDisconnected
 .text.USBD_CoreFindIF
                0x08006fea       0x1a ./Middlewares2/ST/STM32_USB_Device_Library/Core/Src/usbd_core.o
                0x08006fea                USBD_CoreFindIF
 .text.USBD_CoreFindEP
                0x08007004       0x1a ./Middlewares2/ST/STM32_USB_Device_Library/Core/Src/usbd_core.o
                0x08007004                USBD_CoreFindEP
 .text.USBD_GetEpDesc
                0x0800701e       0x70 ./Middlewares2/ST/STM32_USB_Device_Library/Core/Src/usbd_core.o
                0x0800701e                USBD_GetEpDesc
 .text.USBD_GetNextDesc
                0x0800708e       0x38 ./Middlewares2/ST/STM32_USB_Device_Library/Core/Src/usbd_core.o
                0x0800708e                USBD_GetNextDesc
 .text.SWAPBYTE
                0x080070c6       0x3c ./Middlewares2/ST/STM32_USB_Device_Library/Core/Src/usbd_ctlreq.o
 *fill*         0x08007102        0x2 
 .text.USBD_StdDevReq
                0x08007104       0xe4 ./Middlewares2/ST/STM32_USB_Device_Library/Core/Src/usbd_ctlreq.o
                0x08007104                USBD_StdDevReq
 .text.USBD_StdItfReq
                0x080071e8       0xd8 ./Middlewares2/ST/STM32_USB_Device_Library/Core/Src/usbd_ctlreq.o
                0x080071e8                USBD_StdItfReq
 .text.USBD_StdEPReq
                0x080072c0      0x33a ./Middlewares2/ST/STM32_USB_Device_Library/Core/Src/usbd_ctlreq.o
                0x080072c0                USBD_StdEPReq
 *fill*         0x080075fa        0x2 
 .text.USBD_GetDescriptor
                0x080075fc      0x2d4 ./Middlewares2/ST/STM32_USB_Device_Library/Core/Src/usbd_ctlreq.o
 .text.USBD_SetAddress
                0x080078d0       0x88 ./Middlewares2/ST/STM32_USB_Device_Library/Core/Src/usbd_ctlreq.o
 .text.USBD_SetConfig
                0x08007958      0x154 ./Middlewares2/ST/STM32_USB_Device_Library/Core/Src/usbd_ctlreq.o
 .text.USBD_GetConfig
                0x08007aac       0x6c ./Middlewares2/ST/STM32_USB_Device_Library/Core/Src/usbd_ctlreq.o
 .text.USBD_GetStatus
                0x08007b18       0x68 ./Middlewares2/ST/STM32_USB_Device_Library/Core/Src/usbd_ctlreq.o
 .text.USBD_SetFeature
                0x08007b80       0x52 ./Middlewares2/ST/STM32_USB_Device_Library/Core/Src/usbd_ctlreq.o
 .text.USBD_ClrFeature
                0x08007bd2       0x44 ./Middlewares2/ST/STM32_USB_Device_Library/Core/Src/usbd_ctlreq.o
 .text.USBD_ParseSetupRequest
                0x08007c16       0x74 ./Middlewares2/ST/STM32_USB_Device_Library/Core/Src/usbd_ctlreq.o
                0x08007c16                USBD_ParseSetupRequest
 .text.USBD_CtlError
                0x08007c8a       0x22 ./Middlewares2/ST/STM32_USB_Device_Library/Core/Src/usbd_ctlreq.o
                0x08007c8a                USBD_CtlError
 .text.USBD_GetString
                0x08007cac       0xa4 ./Middlewares2/ST/STM32_USB_Device_Library/Core/Src/usbd_ctlreq.o
                0x08007cac                USBD_GetString
 .text.USBD_GetLen
                0x08007d50       0x34 ./Middlewares2/ST/STM32_USB_Device_Library/Core/Src/usbd_ctlreq.o
 .text.USBD_CtlSendData
                0x08007d84       0x36 ./Middlewares2/ST/STM32_USB_Device_Library/Core/Src/usbd_ioreq.o
                0x08007d84                USBD_CtlSendData
 .text.USBD_CtlContinueSendData
                0x08007dba       0x22 ./Middlewares2/ST/STM32_USB_Device_Library/Core/Src/usbd_ioreq.o
                0x08007dba                USBD_CtlContinueSendData
 .text.USBD_CtlPrepareRx
                0x08007ddc       0x3a ./Middlewares2/ST/STM32_USB_Device_Library/Core/Src/usbd_ioreq.o
                0x08007ddc                USBD_CtlPrepareRx
 .text.USBD_CtlContinueRx
                0x08007e16       0x22 ./Middlewares2/ST/STM32_USB_Device_Library/Core/Src/usbd_ioreq.o
                0x08007e16                USBD_CtlContinueRx
 .text.USBD_CtlSendStatus
                0x08007e38       0x26 ./Middlewares2/ST/STM32_USB_Device_Library/Core/Src/usbd_ioreq.o
                0x08007e38                USBD_CtlSendStatus
 .text.USBD_CtlReceiveStatus
                0x08007e5e       0x26 ./Middlewares2/ST/STM32_USB_Device_Library/Core/Src/usbd_ioreq.o
                0x08007e5e                USBD_CtlReceiveStatus
 .text.MX_USB_DEVICE_Init
                0x08007e84       0x60 ./USB_DEVICE/App/usb_device.o
                0x08007e84                MX_USB_DEVICE_Init
 .text.CUSTOM_HID_Init_FS
                0x08007ee4       0x10 ./USB_DEVICE/App/usbd_custom_hid_if.o
 .text.CUSTOM_HID_DeInit_FS
                0x08007ef4       0x14 ./USB_DEVICE/App/usbd_custom_hid_if.o
 .text.CUSTOM_HID_OutEvent_FS
                0x08007f08       0x9c ./USB_DEVICE/App/usbd_custom_hid_if.o
 .text.CUSTOM_HID_GetReport
                0x08007fa4       0xb8 ./USB_DEVICE/App/usbd_custom_hid_if.o
 .text.USBD_FS_DeviceDescriptor
                0x0800805c       0x24 ./USB_DEVICE/App/usbd_desc.o
                0x0800805c                USBD_FS_DeviceDescriptor
 .text.USBD_FS_LangIDStrDescriptor
                0x08008080       0x24 ./USB_DEVICE/App/usbd_desc.o
                0x08008080                USBD_FS_LangIDStrDescriptor
 .text.USBD_FS_ProductStrDescriptor
                0x080080a4       0x3c ./USB_DEVICE/App/usbd_desc.o
                0x080080a4                USBD_FS_ProductStrDescriptor
 .text.USBD_FS_ManufacturerStrDescriptor
                0x080080e0       0x28 ./USB_DEVICE/App/usbd_desc.o
                0x080080e0                USBD_FS_ManufacturerStrDescriptor
 .text.USBD_FS_SerialStrDescriptor
                0x08008108       0x24 ./USB_DEVICE/App/usbd_desc.o
                0x08008108                USBD_FS_SerialStrDescriptor
 .text.USBD_FS_ConfigStrDescriptor
                0x0800812c       0x3c ./USB_DEVICE/App/usbd_desc.o
                0x0800812c                USBD_FS_ConfigStrDescriptor
 .text.USBD_FS_InterfaceStrDescriptor
                0x08008168       0x3c ./USB_DEVICE/App/usbd_desc.o
                0x08008168                USBD_FS_InterfaceStrDescriptor
 .text.Get_SerialNum
                0x080081a4       0x58 ./USB_DEVICE/App/usbd_desc.o
 .text.IntToUnicode
                0x080081fc       0x7e ./USB_DEVICE/App/usbd_desc.o
 .text.HAL_PCD_SetupStageCallback
                0x0800827a       0x24 ./USB_DEVICE/Target/usbd_conf.o
                0x0800827a                HAL_PCD_SetupStageCallback
 .text.HAL_PCD_DataOutStageCallback
                0x0800829e       0x36 ./USB_DEVICE/Target/usbd_conf.o
                0x0800829e                HAL_PCD_DataOutStageCallback
 .text.HAL_PCD_DataInStageCallback
                0x080082d4       0x34 ./USB_DEVICE/Target/usbd_conf.o
                0x080082d4                HAL_PCD_DataInStageCallback
 .text.HAL_PCD_SOFCallback
                0x08008308       0x1c ./USB_DEVICE/Target/usbd_conf.o
                0x08008308                HAL_PCD_SOFCallback
 .text.HAL_PCD_ResetCallback
                0x08008324       0x50 ./USB_DEVICE/Target/usbd_conf.o
                0x08008324                HAL_PCD_ResetCallback
 .text.HAL_PCD_SuspendCallback
                0x08008374       0x4c ./USB_DEVICE/Target/usbd_conf.o
                0x08008374                HAL_PCD_SuspendCallback
 .text.HAL_PCD_ResumeCallback
                0x080083c0       0x1c ./USB_DEVICE/Target/usbd_conf.o
                0x080083c0                HAL_PCD_ResumeCallback
 .text.HAL_PCD_ISOOUTIncompleteCallback
                0x080083dc       0x24 ./USB_DEVICE/Target/usbd_conf.o
                0x080083dc                HAL_PCD_ISOOUTIncompleteCallback
 .text.HAL_PCD_ISOINIncompleteCallback
                0x08008400       0x24 ./USB_DEVICE/Target/usbd_conf.o
                0x08008400                HAL_PCD_ISOINIncompleteCallback
 .text.HAL_PCD_ConnectCallback
                0x08008424       0x1c ./USB_DEVICE/Target/usbd_conf.o
                0x08008424                HAL_PCD_ConnectCallback
 .text.HAL_PCD_DisconnectCallback
                0x08008440       0x1c ./USB_DEVICE/Target/usbd_conf.o
                0x08008440                HAL_PCD_DisconnectCallback
 .text.USBD_LL_Init
                0x0800845c       0x98 ./USB_DEVICE/Target/usbd_conf.o
                0x0800845c                USBD_LL_Init
 .text.USBD_LL_Start
                0x080084f4       0x36 ./USB_DEVICE/Target/usbd_conf.o
                0x080084f4                USBD_LL_Start
 .text.USBD_LL_OpenEP
                0x0800852a       0x4c ./USB_DEVICE/Target/usbd_conf.o
                0x0800852a                USBD_LL_OpenEP
 .text.USBD_LL_CloseEP
                0x08008576       0x3e ./USB_DEVICE/Target/usbd_conf.o
                0x08008576                USBD_LL_CloseEP
 .text.USBD_LL_StallEP
                0x080085b4       0x3e ./USB_DEVICE/Target/usbd_conf.o
                0x080085b4                USBD_LL_StallEP
 .text.USBD_LL_ClearStallEP
                0x080085f2       0x3e ./USB_DEVICE/Target/usbd_conf.o
                0x080085f2                USBD_LL_ClearStallEP
 .text.USBD_LL_IsStallEP
                0x08008630       0x58 ./USB_DEVICE/Target/usbd_conf.o
                0x08008630                USBD_LL_IsStallEP
 .text.USBD_LL_SetUSBAddress
                0x08008688       0x3e ./USB_DEVICE/Target/usbd_conf.o
                0x08008688                USBD_LL_SetUSBAddress
 .text.USBD_LL_Transmit
                0x080086c6       0x42 ./USB_DEVICE/Target/usbd_conf.o
                0x080086c6                USBD_LL_Transmit
 .text.USBD_LL_PrepareReceive
                0x08008708       0x42 ./USB_DEVICE/Target/usbd_conf.o
                0x08008708                USBD_LL_PrepareReceive
 *fill*         0x0800874a        0x2 
 .text.USBD_static_malloc
                0x0800874c       0x1c ./USB_DEVICE/Target/usbd_conf.o
                0x0800874c                USBD_static_malloc
 .text.USBD_static_free
                0x08008768       0x14 ./USB_DEVICE/Target/usbd_conf.o
                0x08008768                USBD_static_free
 .text.USBD_Get_USB_Status
                0x0800877c       0x58 ./USB_DEVICE/Target/usbd_conf.o
                0x0800877c                USBD_Get_USB_Status
 .text._vsnprintf_r
                0x080087d4       0x56 C:/ST/STM32CubeIDE_1.17.0/STM32CubeIDE/plugins/com.st.stm32cube.ide.mcu.externaltools.gnu-tools-for-stm32.12.3.rel1.win32_1.1.0.202410251130/tools/bin/../lib/gcc/arm-none-eabi/12.3.1/../../../../arm-none-eabi/lib/thumb/v7e-m+fp/hard\libc_nano.a(libc_a-vsnprintf.o)
                0x080087d4                _vsniprintf_r
                0x080087d4                _vsnprintf_r
 *fill*         0x0800882a        0x2 
 .text.vsnprintf
                0x0800882c       0x1c C:/ST/STM32CubeIDE_1.17.0/STM32CubeIDE/plugins/com.st.stm32cube.ide.mcu.externaltools.gnu-tools-for-stm32.12.3.rel1.win32_1.1.0.202410251130/tools/bin/../lib/gcc/arm-none-eabi/12.3.1/../../../../arm-none-eabi/lib/thumb/v7e-m+fp/hard\libc_nano.a(libc_a-vsnprintf.o)
                0x0800882c                vsniprintf
                0x0800882c                vsnprintf
 .text.memset   0x08008848       0x10 C:/ST/STM32CubeIDE_1.17.0/STM32CubeIDE/plugins/com.st.stm32cube.ide.mcu.externaltools.gnu-tools-for-stm32.12.3.rel1.win32_1.1.0.202410251130/tools/bin/../lib/gcc/arm-none-eabi/12.3.1/../../../../arm-none-eabi/lib/thumb/v7e-m+fp/hard\libc_nano.a(libc_a-memset.o)
                0x08008848                memset
 .text.strsep   0x08008858        0xa C:/ST/STM32CubeIDE_1.17.0/STM32CubeIDE/plugins/com.st.stm32cube.ide.mcu.externaltools.gnu-tools-for-stm32.12.3.rel1.win32_1.1.0.202410251130/tools/bin/../lib/gcc/arm-none-eabi/12.3.1/../../../../arm-none-eabi/lib/thumb/v7e-m+fp/hard\libc_nano.a(libc_a-strsep.o)
                0x08008858                strsep
 .text.__strtok_r
                0x08008862       0x50 C:/ST/STM32CubeIDE_1.17.0/STM32CubeIDE/plugins/com.st.stm32cube.ide.mcu.externaltools.gnu-tools-for-stm32.12.3.rel1.win32_1.1.0.202410251130/tools/bin/../lib/gcc/arm-none-eabi/12.3.1/../../../../arm-none-eabi/lib/thumb/v7e-m+fp/hard\libc_nano.a(libc_a-strtok_r.o)
                0x08008862                __strtok_r
 *fill*         0x080088b2        0x2 
 .text.__errno  0x080088b4        0xc C:/ST/STM32CubeIDE_1.17.0/STM32CubeIDE/plugins/com.st.stm32cube.ide.mcu.externaltools.gnu-tools-for-stm32.12.3.rel1.win32_1.1.0.202410251130/tools/bin/../lib/gcc/arm-none-eabi/12.3.1/../../../../arm-none-eabi/lib/thumb/v7e-m+fp/hard\libc_nano.a(libc_a-errno.o)
                0x080088b4                __errno
 .text.__libc_init_array
                0x080088c0       0x48 C:/ST/STM32CubeIDE_1.17.0/STM32CubeIDE/plugins/com.st.stm32cube.ide.mcu.externaltools.gnu-tools-for-stm32.12.3.rel1.win32_1.1.0.202410251130/tools/bin/../lib/gcc/arm-none-eabi/12.3.1/../../../../arm-none-eabi/lib/thumb/v7e-m+fp/hard\libc_nano.a(libc_a-init.o)
                0x080088c0                __libc_init_array
 .text.__retarget_lock_acquire_recursive
                0x08008908        0x2 C:/ST/STM32CubeIDE_1.17.0/STM32CubeIDE/plugins/com.st.stm32cube.ide.mcu.externaltools.gnu-tools-for-stm32.12.3.rel1.win32_1.1.0.202410251130/tools/bin/../lib/gcc/arm-none-eabi/12.3.1/../../../../arm-none-eabi/lib/thumb/v7e-m+fp/hard\libc_nano.a(libc_a-lock.o)
                0x08008908                __retarget_lock_acquire_recursive
 .text.__retarget_lock_release_recursive
                0x0800890a        0x2 C:/ST/STM32CubeIDE_1.17.0/STM32CubeIDE/plugins/com.st.stm32cube.ide.mcu.externaltools.gnu-tools-for-stm32.12.3.rel1.win32_1.1.0.202410251130/tools/bin/../lib/gcc/arm-none-eabi/12.3.1/../../../../arm-none-eabi/lib/thumb/v7e-m+fp/hard\libc_nano.a(libc_a-lock.o)
                0x0800890a                __retarget_lock_release_recursive
 .text._free_r  0x0800890c       0x94 C:/ST/STM32CubeIDE_1.17.0/STM32CubeIDE/plugins/com.st.stm32cube.ide.mcu.externaltools.gnu-tools-for-stm32.12.3.rel1.win32_1.1.0.202410251130/tools/bin/../lib/gcc/arm-none-eabi/12.3.1/../../../../arm-none-eabi/lib/thumb/v7e-m+fp/hard\libc_nano.a(libc_a-freer.o)
                0x0800890c                _free_r
 .text.sbrk_aligned
                0x080089a0       0x44 C:/ST/STM32CubeIDE_1.17.0/STM32CubeIDE/plugins/com.st.stm32cube.ide.mcu.externaltools.gnu-tools-for-stm32.12.3.rel1.win32_1.1.0.202410251130/tools/bin/../lib/gcc/arm-none-eabi/12.3.1/../../../../arm-none-eabi/lib/thumb/v7e-m+fp/hard\libc_nano.a(libc_a-mallocr.o)
 .text._malloc_r
                0x080089e4      0x100 C:/ST/STM32CubeIDE_1.17.0/STM32CubeIDE/plugins/com.st.stm32cube.ide.mcu.externaltools.gnu-tools-for-stm32.12.3.rel1.win32_1.1.0.202410251130/tools/bin/../lib/gcc/arm-none-eabi/12.3.1/../../../../arm-none-eabi/lib/thumb/v7e-m+fp/hard\libc_nano.a(libc_a-mallocr.o)
                0x080089e4                _malloc_r
 .text.__malloc_lock
                0x08008ae4        0xc C:/ST/STM32CubeIDE_1.17.0/STM32CubeIDE/plugins/com.st.stm32cube.ide.mcu.externaltools.gnu-tools-for-stm32.12.3.rel1.win32_1.1.0.202410251130/tools/bin/../lib/gcc/arm-none-eabi/12.3.1/../../../../arm-none-eabi/lib/thumb/v7e-m+fp/hard\libc_nano.a(libc_a-mlock.o)
                0x08008ae4                __malloc_lock
 .text.__malloc_unlock
                0x08008af0        0xc C:/ST/STM32CubeIDE_1.17.0/STM32CubeIDE/plugins/com.st.stm32cube.ide.mcu.externaltools.gnu-tools-for-stm32.12.3.rel1.win32_1.1.0.202410251130/tools/bin/../lib/gcc/arm-none-eabi/12.3.1/../../../../arm-none-eabi/lib/thumb/v7e-m+fp/hard\libc_nano.a(libc_a-mlock.o)
                0x08008af0                __malloc_unlock
 .text.__ssputs_r
                0x08008afc       0xb6 C:/ST/STM32CubeIDE_1.17.0/STM32CubeIDE/plugins/com.st.stm32cube.ide.mcu.externaltools.gnu-tools-for-stm32.12.3.rel1.win32_1.1.0.202410251130/tools/bin/../lib/gcc/arm-none-eabi/12.3.1/../../../../arm-none-eabi/lib/thumb/v7e-m+fp/hard\libc_nano.a(libc_a-nano-svfprintf.o)
                0x08008afc                __ssputs_r
 *fill*         0x08008bb2        0x2 
 .text._svfprintf_r
                0x08008bb4      0x1f8 C:/ST/STM32CubeIDE_1.17.0/STM32CubeIDE/plugins/com.st.stm32cube.ide.mcu.externaltools.gnu-tools-for-stm32.12.3.rel1.win32_1.1.0.202410251130/tools/bin/../lib/gcc/arm-none-eabi/12.3.1/../../../../arm-none-eabi/lib/thumb/v7e-m+fp/hard\libc_nano.a(libc_a-nano-svfprintf.o)
                0x08008bb4                _svfiprintf_r
                0x08008bb4                _svfprintf_r
 .text._printf_common
                0x08008dac       0xda C:/ST/STM32CubeIDE_1.17.0/STM32CubeIDE/plugins/com.st.stm32cube.ide.mcu.externaltools.gnu-tools-for-stm32.12.3.rel1.win32_1.1.0.202410251130/tools/bin/../lib/gcc/arm-none-eabi/12.3.1/../../../../arm-none-eabi/lib/thumb/v7e-m+fp/hard\libc_nano.a(libc_a-nano-vfprintf_i.o)
                0x08008dac                _printf_common
 *fill*         0x08008e86        0x2 
 .text._printf_i
                0x08008e88      0x240 C:/ST/STM32CubeIDE_1.17.0/STM32CubeIDE/plugins/com.st.stm32cube.ide.mcu.externaltools.gnu-tools-for-stm32.12.3.rel1.win32_1.1.0.202410251130/tools/bin/../lib/gcc/arm-none-eabi/12.3.1/../../../../arm-none-eabi/lib/thumb/v7e-m+fp/hard\libc_nano.a(libc_a-nano-vfprintf_i.o)
                0x08008e88                _printf_i
 .text.memmove  0x080090c8       0x34 C:/ST/STM32CubeIDE_1.17.0/STM32CubeIDE/plugins/com.st.stm32cube.ide.mcu.externaltools.gnu-tools-for-stm32.12.3.rel1.win32_1.1.0.202410251130/tools/bin/../lib/gcc/arm-none-eabi/12.3.1/../../../../arm-none-eabi/lib/thumb/v7e-m+fp/hard\libc_nano.a(libc_a-memmove.o)
                0x080090c8                memmove
 .text._sbrk_r  0x080090fc       0x20 C:/ST/STM32CubeIDE_1.17.0/STM32CubeIDE/plugins/com.st.stm32cube.ide.mcu.externaltools.gnu-tools-for-stm32.12.3.rel1.win32_1.1.0.202410251130/tools/bin/../lib/gcc/arm-none-eabi/12.3.1/../../../../arm-none-eabi/lib/thumb/v7e-m+fp/hard\libc_nano.a(libc_a-sbrkr.o)
                0x080090fc                _sbrk_r
 .text.memcpy   0x0800911c       0x1c C:/ST/STM32CubeIDE_1.17.0/STM32CubeIDE/plugins/com.st.stm32cube.ide.mcu.externaltools.gnu-tools-for-stm32.12.3.rel1.win32_1.1.0.202410251130/tools/bin/../lib/gcc/arm-none-eabi/12.3.1/../../../../arm-none-eabi/lib/thumb/v7e-m+fp/hard\libc_nano.a(libc_a-memcpy-stub.o)
                0x0800911c                memcpy
 .text._realloc_r
                0x08009138       0x5c C:/ST/STM32CubeIDE_1.17.0/STM32CubeIDE/plugins/com.st.stm32cube.ide.mcu.externaltools.gnu-tools-for-stm32.12.3.rel1.win32_1.1.0.202410251130/tools/bin/../lib/gcc/arm-none-eabi/12.3.1/../../../../arm-none-eabi/lib/thumb/v7e-m+fp/hard\libc_nano.a(libc_a-reallocr.o)
                0x08009138                _realloc_r
 .text._malloc_usable_size_r
                0x08009194       0x10 C:/ST/STM32CubeIDE_1.17.0/STM32CubeIDE/plugins/com.st.stm32cube.ide.mcu.externaltools.gnu-tools-for-stm32.12.3.rel1.win32_1.1.0.202410251130/tools/bin/../lib/gcc/arm-none-eabi/12.3.1/../../../../arm-none-eabi/lib/thumb/v7e-m+fp/hard\libc_nano.a(libc_a-msizer.o)
                0x08009194                _malloc_usable_size_r
 *(.glue_7)
 .glue_7        0x080091a4        0x0 linker stubs
 *(.glue_7t)
 .glue_7t       0x080091a4        0x0 linker stubs
 *(.eh_frame)
 .eh_frame      0x080091a4        0x0 C:/ST/STM32CubeIDE_1.17.0/STM32CubeIDE/plugins/com.st.stm32cube.ide.mcu.externaltools.gnu-tools-for-stm32.12.3.rel1.win32_1.1.0.202410251130/tools/bin/../lib/gcc/arm-none-eabi/12.3.1/thumb/v7e-m+fp/hard/crtbegin.o
 *(.init)
 .init          0x080091a4        0x4 C:/ST/STM32CubeIDE_1.17.0/STM32CubeIDE/plugins/com.st.stm32cube.ide.mcu.externaltools.gnu-tools-for-stm32.12.3.rel1.win32_1.1.0.202410251130/tools/bin/../lib/gcc/arm-none-eabi/12.3.1/thumb/v7e-m+fp/hard/crti.o
                0x080091a4                _init
 .init          0x080091a8        0x8 C:/ST/STM32CubeIDE_1.17.0/STM32CubeIDE/plugins/com.st.stm32cube.ide.mcu.externaltools.gnu-tools-for-stm32.12.3.rel1.win32_1.1.0.202410251130/tools/bin/../lib/gcc/arm-none-eabi/12.3.1/thumb/v7e-m+fp/hard/crtn.o
 *(.fini)
 .fini          0x080091b0        0x4 C:/ST/STM32CubeIDE_1.17.0/STM32CubeIDE/plugins/com.st.stm32cube.ide.mcu.externaltools.gnu-tools-for-stm32.12.3.rel1.win32_1.1.0.202410251130/tools/bin/../lib/gcc/arm-none-eabi/12.3.1/thumb/v7e-m+fp/hard/crti.o
                0x080091b0                _fini
 .fini          0x080091b4        0x8 C:/ST/STM32CubeIDE_1.17.0/STM32CubeIDE/plugins/com.st.stm32cube.ide.mcu.externaltools.gnu-tools-for-stm32.12.3.rel1.win32_1.1.0.202410251130/tools/bin/../lib/gcc/arm-none-eabi/12.3.1/thumb/v7e-m+fp/hard/crtn.o
                0x080091bc                        . = ALIGN (0x4)
                0x080091bc                        _etext = .

.vfp11_veneer   0x080091bc        0x0
 .vfp11_veneer  0x080091bc        0x0 linker stubs

.v4_bx          0x080091bc        0x0
 .v4_bx         0x080091bc        0x0 linker stubs

.iplt           0x080091bc        0x0
 .iplt          0x080091bc        0x0 C:/ST/STM32CubeIDE_1.17.0/STM32CubeIDE/plugins/com.st.stm32cube.ide.mcu.externaltools.gnu-tools-for-stm32.12.3.rel1.win32_1.1.0.202410251130/tools/bin/../lib/gcc/arm-none-eabi/12.3.1/thumb/v7e-m+fp/hard/crtbegin.o

.rodata         0x080091bc      0x348
                0x080091bc                        . = ALIGN (0x4)
 *(.rodata)
 .rodata        0x080091bc       0x69 ./Core/Src/console.o
 *fill*         0x08009225        0x3 
 .rodata        0x08009228       0x52 ./Core/Src/logger.o
 *fill*         0x0800927a        0x2 
 .rodata        0x0800927c      0x119 ./Core/Src/main.o
 *fill*         0x08009395        0x3 
 .rodata        0x08009398       0x82 ./USB_DEVICE/App/usbd_custom_hid_if.o
 *fill*         0x0800941a        0x2 
 .rodata        0x0800941c       0x5d ./USB_DEVICE/App/usbd_desc.o
 *(.rodata*)
 *fill*         0x08009479        0x3 
 .rodata.commands
                0x0800947c       0x3c ./Core/Src/main.o
 .rodata.AHBPrescTable
                0x080094b8       0x10 ./Core/Src/system_stm32f4xx.o
                0x080094b8                AHBPrescTable
 .rodata.APBPrescTable
                0x080094c8        0x8 ./Core/Src/system_stm32f4xx.o
                0x080094c8                APBPrescTable
 .rodata._svfprintf_r.str1.1
                0x080094d0       0x11 C:/ST/STM32CubeIDE_1.17.0/STM32CubeIDE/plugins/com.st.stm32cube.ide.mcu.externaltools.gnu-tools-for-stm32.12.3.rel1.win32_1.1.0.202410251130/tools/bin/../lib/gcc/arm-none-eabi/12.3.1/../../../../arm-none-eabi/lib/thumb/v7e-m+fp/hard\libc_nano.a(libc_a-nano-svfprintf.o)
 .rodata._printf_i.str1.1
                0x080094e1       0x22 C:/ST/STM32CubeIDE_1.17.0/STM32CubeIDE/plugins/com.st.stm32cube.ide.mcu.externaltools.gnu-tools-for-stm32.12.3.rel1.win32_1.1.0.202410251130/tools/bin/../lib/gcc/arm-none-eabi/12.3.1/../../../../arm-none-eabi/lib/thumb/v7e-m+fp/hard\libc_nano.a(libc_a-nano-vfprintf_i.o)
                0x08009504                        . = ALIGN (0x4)
 *fill*         0x08009503        0x1 

.ARM.extab      0x08009504        0x0
                0x08009504                        . = ALIGN (0x4)
 *(.ARM.extab* .gnu.linkonce.armextab.*)
                0x08009504                        . = ALIGN (0x4)

.ARM            0x08009504        0x8
                0x08009504                        . = ALIGN (0x4)
                0x08009504                        __exidx_start = .
 *(.ARM.exidx*)
 .ARM.exidx     0x08009504        0x8 C:/ST/STM32CubeIDE_1.17.0/STM32CubeIDE/plugins/com.st.stm32cube.ide.mcu.externaltools.gnu-tools-for-stm32.12.3.rel1.win32_1.1.0.202410251130/tools/bin/../lib/gcc/arm-none-eabi/12.3.1/../../../../arm-none-eabi/lib/thumb/v7e-m+fp/hard\libc_nano.a(libc_a-strcmp.o)
 .ARM.exidx     0x0800950c        0x0 C:/ST/STM32CubeIDE_1.17.0/STM32CubeIDE/plugins/com.st.stm32cube.ide.mcu.externaltools.gnu-tools-for-stm32.12.3.rel1.win32_1.1.0.202410251130/tools/bin/../lib/gcc/arm-none-eabi/12.3.1/../../../../arm-none-eabi/lib/thumb/v7e-m+fp/hard\libc_nano.a(libc_a-strlen.o)
                                  0x8 (size before relaxing)
 .ARM.exidx     0x0800950c        0x0 C:/ST/STM32CubeIDE_1.17.0/STM32CubeIDE/plugins/com.st.stm32cube.ide.mcu.externaltools.gnu-tools-for-stm32.12.3.rel1.win32_1.1.0.202410251130/tools/bin/../lib/gcc/arm-none-eabi/12.3.1/../../../../arm-none-eabi/lib/thumb/v7e-m+fp/hard\libc_nano.a(libc_a-memchr.o)
                                  0x8 (size before relaxing)
 .ARM.exidx     0x0800950c        0x0 C:/ST/STM32CubeIDE_1.17.0/STM32CubeIDE/plugins/com.st.stm32cube.ide.mcu.externaltools.gnu-tools-for-stm32.12.3.rel1.win32_1.1.0.202410251130/tools/bin/../lib/gcc/arm-none-eabi/12.3.1/thumb/v7e-m+fp/hard\libgcc.a(_udivmoddi4.o)
                                  0x8 (size before relaxing)
                0x0800950c                        __exidx_end = .
                0x0800950c                        . = ALIGN (0x4)

.preinit_array  0x0800950c        0x0
                0x0800950c                        . = ALIGN (0x4)
                0x0800950c                        PROVIDE (__preinit_array_start = .)
 *(.preinit_array*)
                0x0800950c                        PROVIDE (__preinit_array_end = .)
                0x0800950c                        . = ALIGN (0x4)

.init_array     0x0800950c        0x4
                0x0800950c                        . = ALIGN (0x4)
                0x0800950c                        PROVIDE (__init_array_start = .)
 *(SORT_BY_NAME(.init_array.*))
 *(.init_array*)
 .init_array    0x0800950c        0x4 C:/ST/STM32CubeIDE_1.17.0/STM32CubeIDE/plugins/com.st.stm32cube.ide.mcu.externaltools.gnu-tools-for-stm32.12.3.rel1.win32_1.1.0.202410251130/tools/bin/../lib/gcc/arm-none-eabi/12.3.1/thumb/v7e-m+fp/hard/crtbegin.o
                0x08009510                        PROVIDE (__init_array_end = .)
                0x08009510                        . = ALIGN (0x4)

.fini_array     0x08009510        0x4
                0x08009510                        . = ALIGN (0x4)
                [!provide]                        PROVIDE (__fini_array_start = .)
 *(SORT_BY_NAME(.fini_array.*))
 *(.fini_array*)
 .fini_array    0x08009510        0x4 C:/ST/STM32CubeIDE_1.17.0/STM32CubeIDE/plugins/com.st.stm32cube.ide.mcu.externaltools.gnu-tools-for-stm32.12.3.rel1.win32_1.1.0.202410251130/tools/bin/../lib/gcc/arm-none-eabi/12.3.1/thumb/v7e-m+fp/hard/crtbegin.o
                [!provide]                        PROVIDE (__fini_array_end = .)
                0x08009514                        . = ALIGN (0x4)
                0x08009514                        _sidata = LOADADDR (.data)

.rel.dyn        0x08009514        0x0
 .rel.iplt      0x08009514        0x0 C:/ST/STM32CubeIDE_1.17.0/STM32CubeIDE/plugins/com.st.stm32cube.ide.mcu.externaltools.gnu-tools-for-stm32.12.3.rel1.win32_1.1.0.202410251130/tools/bin/../lib/gcc/arm-none-eabi/12.3.1/thumb/v7e-m+fp/hard/crtbegin.o

.data           0x20000000      0x684 load address 0x08009514
                0x20000000                        . = ALIGN (0x4)
                0x20000000                        _sdata = .
 *(.data)
 *(.data*)
 .data.command_count
                0x20000000        0x4 ./Core/Src/main.o
                0x20000000                command_count
 .data.SystemCoreClock
                0x20000004        0x4 ./Core/Src/system_stm32f4xx.o
                0x20000004                SystemCoreClock
 .data.uwTickPrio
                0x20000008        0x4 ./Drivers/STM32F4xx_HAL_Driver/Src/stm32f4xx_hal.o
                0x20000008                uwTickPrio
 .data.uwTickFreq
                0x2000000c        0x1 ./Drivers/STM32F4xx_HAL_Driver/Src/stm32f4xx_hal.o
                0x2000000c                uwTickFreq
 *fill*         0x2000000d        0x3 
 .data.USBD_CUSTOM_HID
                0x20000010       0x38 ./Middlewares2/ST/STM32_USB_Device_Library/Class/CustomHID/Src/usbd_customhid.o
                0x20000010                USBD_CUSTOM_HID
 .data.USBD_CUSTOM_HID_CfgDesc
                0x20000048       0x29 ./Middlewares2/ST/STM32_USB_Device_Library/Class/CustomHID/Src/usbd_customhid.o
 *fill*         0x20000071        0x3 
 .data.USBD_CUSTOM_HID_Desc
                0x20000074        0x9 ./Middlewares2/ST/STM32_USB_Device_Library/Class/CustomHID/Src/usbd_customhid.o
 *fill*         0x2000007d        0x3 
 .data.USBD_CUSTOM_HID_DeviceQualifierDesc
                0x20000080        0xa ./Middlewares2/ST/STM32_USB_Device_Library/Class/CustomHID/Src/usbd_customhid.o
 .data.CUSTOMHIDInEpAdd
                0x2000008a        0x1 ./Middlewares2/ST/STM32_USB_Device_Library/Class/CustomHID/Src/usbd_customhid.o
 .data.CUSTOMHIDOutEpAdd
                0x2000008b        0x1 ./Middlewares2/ST/STM32_USB_Device_Library/Class/CustomHID/Src/usbd_customhid.o
 .data.CUSTOM_HID_ReportDesc_FS
                0x2000008c      0x544 ./USB_DEVICE/App/usbd_custom_hid_if.o
 .data.USBD_CustomHID_fops_FS
                0x200005d0       0x14 ./USB_DEVICE/App/usbd_custom_hid_if.o
                0x200005d0                USBD_CustomHID_fops_FS
 .data.FS_Desc  0x200005e4       0x1c ./USB_DEVICE/App/usbd_desc.o
                0x200005e4                FS_Desc
 .data.USBD_FS_DeviceDesc
                0x20000600       0x12 ./USB_DEVICE/App/usbd_desc.o
                0x20000600                USBD_FS_DeviceDesc
 *fill*         0x20000612        0x2 
 .data.USBD_LangIDDesc
                0x20000614        0x4 ./USB_DEVICE/App/usbd_desc.o
                0x20000614                USBD_LangIDDesc
 .data.USBD_StringSerial
                0x20000618       0x1a ./USB_DEVICE/App/usbd_desc.o
                0x20000618                USBD_StringSerial
 *fill*         0x20000632        0x2 
 .data._impure_ptr
                0x20000634        0x4 C:/ST/STM32CubeIDE_1.17.0/STM32CubeIDE/plugins/com.st.stm32cube.ide.mcu.externaltools.gnu-tools-for-stm32.12.3.rel1.win32_1.1.0.202410251130/tools/bin/../lib/gcc/arm-none-eabi/12.3.1/../../../../arm-none-eabi/lib/thumb/v7e-m+fp/hard\libc_nano.a(libc_a-impure.o)
                0x20000634                _impure_ptr
 .data._impure_data
                0x20000638       0x4c C:/ST/STM32CubeIDE_1.17.0/STM32CubeIDE/plugins/com.st.stm32cube.ide.mcu.externaltools.gnu-tools-for-stm32.12.3.rel1.win32_1.1.0.202410251130/tools/bin/../lib/gcc/arm-none-eabi/12.3.1/../../../../arm-none-eabi/lib/thumb/v7e-m+fp/hard\libc_nano.a(libc_a-impure.o)
                0x20000638                _impure_data
 *(.RamFunc)
 *(.RamFunc*)
                0x20000684                        . = ALIGN (0x4)
                0x20000684                        _edata = .

.igot.plt       0x20000684        0x0 load address 0x08009b98
 .igot.plt      0x20000684        0x0 C:/ST/STM32CubeIDE_1.17.0/STM32CubeIDE/plugins/com.st.stm32cube.ide.mcu.externaltools.gnu-tools-for-stm32.12.3.rel1.win32_1.1.0.202410251130/tools/bin/../lib/gcc/arm-none-eabi/12.3.1/thumb/v7e-m+fp/hard/crtbegin.o
                0x20000684                        . = ALIGN (0x4)

.bss            0x20000684     0x147c load address 0x08009b98
                0x20000684                        _sbss = .
                0x20000684                        __bss_start__ = _sbss
 *(.bss)
 .bss           0x20000684       0x1c C:/ST/STM32CubeIDE_1.17.0/STM32CubeIDE/plugins/com.st.stm32cube.ide.mcu.externaltools.gnu-tools-for-stm32.12.3.rel1.win32_1.1.0.202410251130/tools/bin/../lib/gcc/arm-none-eabi/12.3.1/thumb/v7e-m+fp/hard/crtbegin.o
 *(.bss*)
 .bss.g_huart   0x200006a0        0x4 ./Core/Src/console.o
 .bss.input_storage
                0x200006a4      0x100 ./Core/Src/console.o
 .bss.output_storage
                0x200007a4      0x200 ./Core/Src/console.o
 .bss.input_rb  0x200009a4       0x14 ./Core/Src/console.o
 .bss.output_rb
                0x200009b8       0x14 ./Core/Src/console.o
 .bss.tx_in_progress
                0x200009cc        0x1 ./Core/Src/console.o
 *fill*         0x200009cd        0x3 
 .bss.line_buffer
                0x200009d0      0x100 ./Core/Src/console.o
 .bss.line_pos  0x20000ad0        0x4 ./Core/Src/console.o
 .bss.g_commands
                0x20000ad4        0x4 ./Core/Src/console.o
 .bss.g_command_count
                0x20000ad8        0x4 ./Core/Src/console.o
 .bss.rx_char   0x20000adc        0x1 ./Core/Src/console.o
 *fill*         0x20000add        0x3 
 .bss.tx_buffer.0
                0x20000ae0       0x40 ./Core/Src/console.o
 .bss.log_ring_buffer
                0x20000b20       0x14 ./Core/Src/logger.o
 .bss.log_buffer
                0x20000b34      0x400 ./Core/Src/logger.o
 .bss.huart2    0x20000f34       0x48 ./Core/Src/main.o
                0x20000f34                huart2
 .bss.hpcd_USB_OTG_FS
                0x20000f7c      0x4e4 ./Core/Src/main.o
                0x20000f7c                hpcd_USB_OTG_FS
 .bss.__sbrk_heap_end
                0x20001460        0x4 ./Core/Src/sysmem.o
 .bss.uwTick    0x20001464        0x4 ./Drivers/STM32F4xx_HAL_Driver/Src/stm32f4xx_hal.o
                0x20001464                uwTick
 .bss.cfgidx.0  0x20001468        0x1 ./Middlewares2/ST/STM32_USB_Device_Library/Core/Src/usbd_ctlreq.o
 *fill*         0x20001469        0x3 
 .bss.hUsbDeviceFS
                0x2000146c      0x2dc ./USB_DEVICE/App/usb_device.o
                0x2000146c                hUsbDeviceFS
 .bss.pool_report
                0x20001748        0x5 ./USB_DEVICE/App/usbd_custom_hid_if.o
                0x20001748                pool_report
 *fill*         0x2000174d        0x3 
 .bss.create_new_effect_report
                0x20001750        0x4 ./USB_DEVICE/App/usbd_custom_hid_if.o
                0x20001750                create_new_effect_report
 .bss.block_load_report
                0x20001754        0x6 ./USB_DEVICE/App/usbd_custom_hid_if.o
                0x20001754                block_load_report
 *fill*         0x2000175a        0x2 
 .bss.report.0  0x2000175c       0x40 ./USB_DEVICE/App/usbd_custom_hid_if.o
 .bss.USBD_StrDesc
                0x2000179c      0x200 ./USB_DEVICE/App/usbd_desc.o
                0x2000179c                USBD_StrDesc
 .bss.mem.0     0x2000199c       0x1c ./USB_DEVICE/Target/usbd_conf.o
 .bss.__sf      0x200019b8      0x138 C:/ST/STM32CubeIDE_1.17.0/STM32CubeIDE/plugins/com.st.stm32cube.ide.mcu.externaltools.gnu-tools-for-stm32.12.3.rel1.win32_1.1.0.202410251130/tools/bin/../lib/gcc/arm-none-eabi/12.3.1/../../../../arm-none-eabi/lib/thumb/v7e-m+fp/hard\libc_nano.a(libc_a-findfp.o)
                0x200019b8                __sf
 .bss.errno     0x20001af0        0x4 C:/ST/STM32CubeIDE_1.17.0/STM32CubeIDE/plugins/com.st.stm32cube.ide.mcu.externaltools.gnu-tools-for-stm32.12.3.rel1.win32_1.1.0.202410251130/tools/bin/../lib/gcc/arm-none-eabi/12.3.1/../../../../arm-none-eabi/lib/thumb/v7e-m+fp/hard\libc_nano.a(libc_a-reent.o)
                0x20001af0                errno
 .bss.__lock___malloc_recursive_mutex
                0x20001af4        0x1 C:/ST/STM32CubeIDE_1.17.0/STM32CubeIDE/plugins/com.st.stm32cube.ide.mcu.externaltools.gnu-tools-for-stm32.12.3.rel1.win32_1.1.0.202410251130/tools/bin/../lib/gcc/arm-none-eabi/12.3.1/../../../../arm-none-eabi/lib/thumb/v7e-m+fp/hard\libc_nano.a(libc_a-lock.o)
                0x20001af4                __lock___malloc_recursive_mutex
 *fill*         0x20001af5        0x3 
 .bss.__malloc_sbrk_start
                0x20001af8        0x4 C:/ST/STM32CubeIDE_1.17.0/STM32CubeIDE/plugins/com.st.stm32cube.ide.mcu.externaltools.gnu-tools-for-stm32.12.3.rel1.win32_1.1.0.202410251130/tools/bin/../lib/gcc/arm-none-eabi/12.3.1/../../../../arm-none-eabi/lib/thumb/v7e-m+fp/hard\libc_nano.a(libc_a-mallocr.o)
                0x20001af8                __malloc_sbrk_start
 .bss.__malloc_free_list
                0x20001afc        0x4 C:/ST/STM32CubeIDE_1.17.0/STM32CubeIDE/plugins/com.st.stm32cube.ide.mcu.externaltools.gnu-tools-for-stm32.12.3.rel1.win32_1.1.0.202410251130/tools/bin/../lib/gcc/arm-none-eabi/12.3.1/../../../../arm-none-eabi/lib/thumb/v7e-m+fp/hard\libc_nano.a(libc_a-mallocr.o)
                0x20001afc                __malloc_free_list
 *(COMMON)
                0x20001b00                        . = ALIGN (0x4)
                0x20001b00                        _ebss = .
                0x20001b00                        __bss_end__ = _ebss

._user_heap_stack
                0x20001b00      0x600 load address 0x08009b98
                0x20001b00                        . = ALIGN (0x8)
                [!provide]                        PROVIDE (end = .)
                0x20001b00                        PROVIDE (_end = .)
                0x20001d00                        . = (. + _Min_Heap_Size)
 *fill*         0x20001b00      0x200 
                0x20002100                        . = (. + _Min_Stack_Size)
 *fill*         0x20001d00      0x400 
                0x20002100                        . = ALIGN (0x8)

/DISCARD/
 libc.a(*)
 libm.a(*)
 libgcc.a(*)

.ARM.attributes
                0x00000000       0x30
 *(.ARM.attributes)
 .ARM.attributes
                0x00000000       0x22 C:/ST/STM32CubeIDE_1.17.0/STM32CubeIDE/plugins/com.st.stm32cube.ide.mcu.externaltools.gnu-tools-for-stm32.12.3.rel1.win32_1.1.0.202410251130/tools/bin/../lib/gcc/arm-none-eabi/12.3.1/thumb/v7e-m+fp/hard/crti.o
 .ARM.attributes
                0x00000022       0x34 C:/ST/STM32CubeIDE_1.17.0/STM32CubeIDE/plugins/com.st.stm32cube.ide.mcu.externaltools.gnu-tools-for-stm32.12.3.rel1.win32_1.1.0.202410251130/tools/bin/../lib/gcc/arm-none-eabi/12.3.1/thumb/v7e-m+fp/hard/crtbegin.o
 .ARM.attributes
                0x00000056       0x34 ./Core/Src/console.o
 .ARM.attributes
                0x0000008a       0x34 ./Core/Src/logger.o
 .ARM.attributes
                0x000000be       0x34 ./Core/Src/main.o
 .ARM.attributes
                0x000000f2       0x34 ./Core/Src/ring_buffer.o
 .ARM.attributes
                0x00000126       0x34 ./Core/Src/stm32f4xx_hal_msp.o
 .ARM.attributes
                0x0000015a       0x34 ./Core/Src/stm32f4xx_it.o
 .ARM.attributes
                0x0000018e       0x34 ./Core/Src/sysmem.o
 .ARM.attributes
                0x000001c2       0x34 ./Core/Src/system_stm32f4xx.o
 .ARM.attributes
                0x000001f6       0x21 ./Core/Startup/startup_stm32f401retx.o
 .ARM.attributes
                0x00000217       0x34 ./Drivers/STM32F4xx_HAL_Driver/Src/stm32f4xx_hal.o
 .ARM.attributes
                0x0000024b       0x34 ./Drivers/STM32F4xx_HAL_Driver/Src/stm32f4xx_hal_cortex.o
 .ARM.attributes
                0x0000027f       0x34 ./Drivers/STM32F4xx_HAL_Driver/Src/stm32f4xx_hal_dma.o
 .ARM.attributes
                0x000002b3       0x34 ./Drivers/STM32F4xx_HAL_Driver/Src/stm32f4xx_hal_gpio.o
 .ARM.attributes
                0x000002e7       0x34 ./Drivers/STM32F4xx_HAL_Driver/Src/stm32f4xx_hal_pcd.o
 .ARM.attributes
                0x0000031b       0x34 ./Drivers/STM32F4xx_HAL_Driver/Src/stm32f4xx_hal_pcd_ex.o
 .ARM.attributes
                0x0000034f       0x34 ./Drivers/STM32F4xx_HAL_Driver/Src/stm32f4xx_hal_rcc.o
 .ARM.attributes
                0x00000383       0x34 ./Drivers/STM32F4xx_HAL_Driver/Src/stm32f4xx_hal_uart.o
 .ARM.attributes
                0x000003b7       0x34 ./Drivers/STM32F4xx_HAL_Driver/Src/stm32f4xx_ll_usb.o
 .ARM.attributes
                0x000003eb       0x34 ./Middlewares2/ST/STM32_USB_Device_Library/Class/CustomHID/Src/usbd_customhid.o
 .ARM.attributes
                0x0000041f       0x34 ./Middlewares2/ST/STM32_USB_Device_Library/Core/Src/usbd_core.o
 .ARM.attributes
                0x00000453       0x34 ./Middlewares2/ST/STM32_USB_Device_Library/Core/Src/usbd_ctlreq.o
 .ARM.attributes
                0x00000487       0x34 ./Middlewares2/ST/STM32_USB_Device_Library/Core/Src/usbd_ioreq.o
 .ARM.attributes
                0x000004bb       0x34 ./USB_DEVICE/App/usb_device.o
 .ARM.attributes
                0x000004ef       0x34 ./USB_DEVICE/App/usbd_custom_hid_if.o
 .ARM.attributes
                0x00000523       0x34 ./USB_DEVICE/App/usbd_desc.o
 .ARM.attributes
                0x00000557       0x34 ./USB_DEVICE/Target/usbd_conf.o
 .ARM.attributes
                0x0000058b       0x34 C:/ST/STM32CubeIDE_1.17.0/STM32CubeIDE/plugins/com.st.stm32cube.ide.mcu.externaltools.gnu-tools-for-stm32.12.3.rel1.win32_1.1.0.202410251130/tools/bin/../lib/gcc/arm-none-eabi/12.3.1/../../../../arm-none-eabi/lib/thumb/v7e-m+fp/hard\libc_nano.a(libc_a-findfp.o)
 .ARM.attributes
                0x000005bf       0x34 C:/ST/STM32CubeIDE_1.17.0/STM32CubeIDE/plugins/com.st.stm32cube.ide.mcu.externaltools.gnu-tools-for-stm32.12.3.rel1.win32_1.1.0.202410251130/tools/bin/../lib/gcc/arm-none-eabi/12.3.1/../../../../arm-none-eabi/lib/thumb/v7e-m+fp/hard\libc_nano.a(libc_a-vsnprintf.o)
 .ARM.attributes
                0x000005f3       0x34 C:/ST/STM32CubeIDE_1.17.0/STM32CubeIDE/plugins/com.st.stm32cube.ide.mcu.externaltools.gnu-tools-for-stm32.12.3.rel1.win32_1.1.0.202410251130/tools/bin/../lib/gcc/arm-none-eabi/12.3.1/../../../../arm-none-eabi/lib/thumb/v7e-m+fp/hard\libc_nano.a(libc_a-memset.o)
 .ARM.attributes
                0x00000627       0x34 C:/ST/STM32CubeIDE_1.17.0/STM32CubeIDE/plugins/com.st.stm32cube.ide.mcu.externaltools.gnu-tools-for-stm32.12.3.rel1.win32_1.1.0.202410251130/tools/bin/../lib/gcc/arm-none-eabi/12.3.1/../../../../arm-none-eabi/lib/thumb/v7e-m+fp/hard\libc_nano.a(libc_a-strsep.o)
 .ARM.attributes
                0x0000065b       0x34 C:/ST/STM32CubeIDE_1.17.0/STM32CubeIDE/plugins/com.st.stm32cube.ide.mcu.externaltools.gnu-tools-for-stm32.12.3.rel1.win32_1.1.0.202410251130/tools/bin/../lib/gcc/arm-none-eabi/12.3.1/../../../../arm-none-eabi/lib/thumb/v7e-m+fp/hard\libc_nano.a(libc_a-strtok_r.o)
 .ARM.attributes
                0x0000068f       0x34 C:/ST/STM32CubeIDE_1.17.0/STM32CubeIDE/plugins/com.st.stm32cube.ide.mcu.externaltools.gnu-tools-for-stm32.12.3.rel1.win32_1.1.0.202410251130/tools/bin/../lib/gcc/arm-none-eabi/12.3.1/../../../../arm-none-eabi/lib/thumb/v7e-m+fp/hard\libc_nano.a(libc_a-reent.o)
 .ARM.attributes
                0x000006c3       0x34 C:/ST/STM32CubeIDE_1.17.0/STM32CubeIDE/plugins/com.st.stm32cube.ide.mcu.externaltools.gnu-tools-for-stm32.12.3.rel1.win32_1.1.0.202410251130/tools/bin/../lib/gcc/arm-none-eabi/12.3.1/../../../../arm-none-eabi/lib/thumb/v7e-m+fp/hard\libc_nano.a(libc_a-impure.o)
 .ARM.attributes
                0x000006f7       0x34 C:/ST/STM32CubeIDE_1.17.0/STM32CubeIDE/plugins/com.st.stm32cube.ide.mcu.externaltools.gnu-tools-for-stm32.12.3.rel1.win32_1.1.0.202410251130/tools/bin/../lib/gcc/arm-none-eabi/12.3.1/../../../../arm-none-eabi/lib/thumb/v7e-m+fp/hard\libc_nano.a(libc_a-errno.o)
 .ARM.attributes
                0x0000072b       0x34 C:/ST/STM32CubeIDE_1.17.0/STM32CubeIDE/plugins/com.st.stm32cube.ide.mcu.externaltools.gnu-tools-for-stm32.12.3.rel1.win32_1.1.0.202410251130/tools/bin/../lib/gcc/arm-none-eabi/12.3.1/../../../../arm-none-eabi/lib/thumb/v7e-m+fp/hard\libc_nano.a(libc_a-init.o)
 .ARM.attributes
                0x0000075f       0x34 C:/ST/STM32CubeIDE_1.17.0/STM32CubeIDE/plugins/com.st.stm32cube.ide.mcu.externaltools.gnu-tools-for-stm32.12.3.rel1.win32_1.1.0.202410251130/tools/bin/../lib/gcc/arm-none-eabi/12.3.1/../../../../arm-none-eabi/lib/thumb/v7e-m+fp/hard\libc_nano.a(libc_a-lock.o)
 .ARM.attributes
                0x00000793       0x20 C:/ST/STM32CubeIDE_1.17.0/STM32CubeIDE/plugins/com.st.stm32cube.ide.mcu.externaltools.gnu-tools-for-stm32.12.3.rel1.win32_1.1.0.202410251130/tools/bin/../lib/gcc/arm-none-eabi/12.3.1/../../../../arm-none-eabi/lib/thumb/v7e-m+fp/hard\libc_nano.a(libc_a-strcmp.o)
 .ARM.attributes
                0x000007b3       0x17 C:/ST/STM32CubeIDE_1.17.0/STM32CubeIDE/plugins/com.st.stm32cube.ide.mcu.externaltools.gnu-tools-for-stm32.12.3.rel1.win32_1.1.0.202410251130/tools/bin/../lib/gcc/arm-none-eabi/12.3.1/../../../../arm-none-eabi/lib/thumb/v7e-m+fp/hard\libc_nano.a(libc_a-strlen.o)
 .ARM.attributes
                0x000007ca       0x34 C:/ST/STM32CubeIDE_1.17.0/STM32CubeIDE/plugins/com.st.stm32cube.ide.mcu.externaltools.gnu-tools-for-stm32.12.3.rel1.win32_1.1.0.202410251130/tools/bin/../lib/gcc/arm-none-eabi/12.3.1/../../../../arm-none-eabi/lib/thumb/v7e-m+fp/hard\libc_nano.a(libc_a-freer.o)
 .ARM.attributes
                0x000007fe       0x34 C:/ST/STM32CubeIDE_1.17.0/STM32CubeIDE/plugins/com.st.stm32cube.ide.mcu.externaltools.gnu-tools-for-stm32.12.3.rel1.win32_1.1.0.202410251130/tools/bin/../lib/gcc/arm-none-eabi/12.3.1/../../../../arm-none-eabi/lib/thumb/v7e-m+fp/hard\libc_nano.a(libc_a-mallocr.o)
 .ARM.attributes
                0x00000832       0x34 C:/ST/STM32CubeIDE_1.17.0/STM32CubeIDE/plugins/com.st.stm32cube.ide.mcu.externaltools.gnu-tools-for-stm32.12.3.rel1.win32_1.1.0.202410251130/tools/bin/../lib/gcc/arm-none-eabi/12.3.1/../../../../arm-none-eabi/lib/thumb/v7e-m+fp/hard\libc_nano.a(libc_a-mlock.o)
 .ARM.attributes
                0x00000866       0x34 C:/ST/STM32CubeIDE_1.17.0/STM32CubeIDE/plugins/com.st.stm32cube.ide.mcu.externaltools.gnu-tools-for-stm32.12.3.rel1.win32_1.1.0.202410251130/tools/bin/../lib/gcc/arm-none-eabi/12.3.1/../../../../arm-none-eabi/lib/thumb/v7e-m+fp/hard\libc_nano.a(libc_a-nano-svfprintf.o)
 .ARM.attributes
                0x0000089a       0x34 C:/ST/STM32CubeIDE_1.17.0/STM32CubeIDE/plugins/com.st.stm32cube.ide.mcu.externaltools.gnu-tools-for-stm32.12.3.rel1.win32_1.1.0.202410251130/tools/bin/../lib/gcc/arm-none-eabi/12.3.1/../../../../arm-none-eabi/lib/thumb/v7e-m+fp/hard\libc_nano.a(libc_a-nano-vfprintf_i.o)
 .ARM.attributes
                0x000008ce       0x34 C:/ST/STM32CubeIDE_1.17.0/STM32CubeIDE/plugins/com.st.stm32cube.ide.mcu.externaltools.gnu-tools-for-stm32.12.3.rel1.win32_1.1.0.202410251130/tools/bin/../lib/gcc/arm-none-eabi/12.3.1/../../../../arm-none-eabi/lib/thumb/v7e-m+fp/hard\libc_nano.a(libc_a-memmove.o)
 .ARM.attributes
                0x00000902       0x34 C:/ST/STM32CubeIDE_1.17.0/STM32CubeIDE/plugins/com.st.stm32cube.ide.mcu.externaltools.gnu-tools-for-stm32.12.3.rel1.win32_1.1.0.202410251130/tools/bin/../lib/gcc/arm-none-eabi/12.3.1/../../../../arm-none-eabi/lib/thumb/v7e-m+fp/hard\libc_nano.a(libc_a-sbrkr.o)
 .ARM.attributes
                0x00000936       0x1c C:/ST/STM32CubeIDE_1.17.0/STM32CubeIDE/plugins/com.st.stm32cube.ide.mcu.externaltools.gnu-tools-for-stm32.12.3.rel1.win32_1.1.0.202410251130/tools/bin/../lib/gcc/arm-none-eabi/12.3.1/../../../../arm-none-eabi/lib/thumb/v7e-m+fp/hard\libc_nano.a(libc_a-memchr.o)
 .ARM.attributes
                0x00000952       0x34 C:/ST/STM32CubeIDE_1.17.0/STM32CubeIDE/plugins/com.st.stm32cube.ide.mcu.externaltools.gnu-tools-for-stm32.12.3.rel1.win32_1.1.0.202410251130/tools/bin/../lib/gcc/arm-none-eabi/12.3.1/../../../../arm-none-eabi/lib/thumb/v7e-m+fp/hard\libc_nano.a(libc_a-memcpy-stub.o)
 .ARM.attributes
                0x00000986       0x34 C:/ST/STM32CubeIDE_1.17.0/STM32CubeIDE/plugins/com.st.stm32cube.ide.mcu.externaltools.gnu-tools-for-stm32.12.3.rel1.win32_1.1.0.202410251130/tools/bin/../lib/gcc/arm-none-eabi/12.3.1/../../../../arm-none-eabi/lib/thumb/v7e-m+fp/hard\libc_nano.a(libc_a-reallocr.o)
 .ARM.attributes
                0x000009ba       0x34 C:/ST/STM32CubeIDE_1.17.0/STM32CubeIDE/plugins/com.st.stm32cube.ide.mcu.externaltools.gnu-tools-for-stm32.12.3.rel1.win32_1.1.0.202410251130/tools/bin/../lib/gcc/arm-none-eabi/12.3.1/../../../../arm-none-eabi/lib/thumb/v7e-m+fp/hard\libc_nano.a(libc_a-msizer.o)
 .ARM.attributes
                0x000009ee       0x22 C:/ST/STM32CubeIDE_1.17.0/STM32CubeIDE/plugins/com.st.stm32cube.ide.mcu.externaltools.gnu-tools-for-stm32.12.3.rel1.win32_1.1.0.202410251130/tools/bin/../lib/gcc/arm-none-eabi/12.3.1/thumb/v7e-m+fp/hard\libgcc.a(_aeabi_uldivmod.o)
 .ARM.attributes
                0x00000a10       0x34 C:/ST/STM32CubeIDE_1.17.0/STM32CubeIDE/plugins/com.st.stm32cube.ide.mcu.externaltools.gnu-tools-for-stm32.12.3.rel1.win32_1.1.0.202410251130/tools/bin/../lib/gcc/arm-none-eabi/12.3.1/thumb/v7e-m+fp/hard\libgcc.a(_udivmoddi4.o)
 .ARM.attributes
                0x00000a44       0x22 C:/ST/STM32CubeIDE_1.17.0/STM32CubeIDE/plugins/com.st.stm32cube.ide.mcu.externaltools.gnu-tools-for-stm32.12.3.rel1.win32_1.1.0.202410251130/tools/bin/../lib/gcc/arm-none-eabi/12.3.1/thumb/v7e-m+fp/hard\libgcc.a(_dvmd_tls.o)
 .ARM.attributes
                0x00000a66       0x22 C:/ST/STM32CubeIDE_1.17.0/STM32CubeIDE/plugins/com.st.stm32cube.ide.mcu.externaltools.gnu-tools-for-stm32.12.3.rel1.win32_1.1.0.202410251130/tools/bin/../lib/gcc/arm-none-eabi/12.3.1/thumb/v7e-m+fp/hard/crtn.o
OUTPUT(basic-testing.elf elf32-littlearm)
LOAD linker stubs
LOAD C:/ST/STM32CubeIDE_1.17.0/STM32CubeIDE/plugins/com.st.stm32cube.ide.mcu.externaltools.gnu-tools-for-stm32.12.3.rel1.win32_1.1.0.202410251130/tools/bin/../lib/gcc/arm-none-eabi/12.3.1/../../../../arm-none-eabi/lib/thumb/v7e-m+fp/hard\libc.a
LOAD C:/ST/STM32CubeIDE_1.17.0/STM32CubeIDE/plugins/com.st.stm32cube.ide.mcu.externaltools.gnu-tools-for-stm32.12.3.rel1.win32_1.1.0.202410251130/tools/bin/../lib/gcc/arm-none-eabi/12.3.1/../../../../arm-none-eabi/lib/thumb/v7e-m+fp/hard\libm.a
LOAD C:/ST/STM32CubeIDE_1.17.0/STM32CubeIDE/plugins/com.st.stm32cube.ide.mcu.externaltools.gnu-tools-for-stm32.12.3.rel1.win32_1.1.0.202410251130/tools/bin/../lib/gcc/arm-none-eabi/12.3.1/thumb/v7e-m+fp/hard\libgcc.a

.debug_info     0x00000000    0x130bf
 .debug_info    0x00000000      0xac0 ./Core/Src/console.o
 .debug_info    0x00000ac0      0x32c ./Core/Src/logger.o
 .debug_info    0x00000dec     0x1232 ./Core/Src/main.o
 .debug_info    0x0000201e      0x33e ./Core/Src/ring_buffer.o
 .debug_info    0x0000235c     0x1010 ./Core/Src/stm32f4xx_hal_msp.o
 .debug_info    0x0000336c      0xadc ./Core/Src/stm32f4xx_it.o
 .debug_info    0x00003e48      0x168 ./Core/Src/sysmem.o
 .debug_info    0x00003fb0      0x53e ./Core/Src/system_stm32f4xx.o
 .debug_info    0x000044ee       0x30 ./Core/Startup/startup_stm32f401retx.o
 .debug_info    0x0000451e      0x8bb ./Drivers/STM32F4xx_HAL_Driver/Src/stm32f4xx_hal.o
 .debug_info    0x00004dd9      0xcf6 ./Drivers/STM32F4xx_HAL_Driver/Src/stm32f4xx_hal_cortex.o
 .debug_info    0x00005acf      0x8e6 ./Drivers/STM32F4xx_HAL_Driver/Src/stm32f4xx_hal_dma.o
 .debug_info    0x000063b5      0x6f9 ./Drivers/STM32F4xx_HAL_Driver/Src/stm32f4xx_hal_gpio.o
 .debug_info    0x00006aae     0x1577 ./Drivers/STM32F4xx_HAL_Driver/Src/stm32f4xx_hal_pcd.o
 .debug_info    0x00008025      0x6ea ./Drivers/STM32F4xx_HAL_Driver/Src/stm32f4xx_hal_pcd_ex.o
 .debug_info    0x0000870f      0x8f1 ./Drivers/STM32F4xx_HAL_Driver/Src/stm32f4xx_hal_rcc.o
 .debug_info    0x00009000     0x2f56 ./Drivers/STM32F4xx_HAL_Driver/Src/stm32f4xx_hal_uart.o
 .debug_info    0x0000bf56     0x1993 ./Drivers/STM32F4xx_HAL_Driver/Src/stm32f4xx_ll_usb.o
 .debug_info    0x0000d8e9      0xc92 ./Middlewares2/ST/STM32_USB_Device_Library/Class/CustomHID/Src/usbd_customhid.o
 .debug_info    0x0000e57b      0xe05 ./Middlewares2/ST/STM32_USB_Device_Library/Core/Src/usbd_core.o
 .debug_info    0x0000f380      0xade ./Middlewares2/ST/STM32_USB_Device_Library/Core/Src/usbd_ctlreq.o
 .debug_info    0x0000fe5e      0x755 ./Middlewares2/ST/STM32_USB_Device_Library/Core/Src/usbd_ioreq.o
 .debug_info    0x000105b3      0x6f4 ./USB_DEVICE/App/usb_device.o
 .debug_info    0x00010ca7      0x94d ./USB_DEVICE/App/usbd_custom_hid_if.o
 .debug_info    0x000115f4      0x458 ./USB_DEVICE/App/usbd_desc.o
 .debug_info    0x00011a4c     0x1673 ./USB_DEVICE/Target/usbd_conf.o

.debug_abbrev   0x00000000     0x3679
 .debug_abbrev  0x00000000      0x24c ./Core/Src/console.o
 .debug_abbrev  0x0000024c      0x16f ./Core/Src/logger.o
 .debug_abbrev  0x000003bb      0x32c ./Core/Src/main.o
 .debug_abbrev  0x000006e7      0x120 ./Core/Src/ring_buffer.o
 .debug_abbrev  0x00000807      0x20d ./Core/Src/stm32f4xx_hal_msp.o
 .debug_abbrev  0x00000a14      0x1da ./Core/Src/stm32f4xx_it.o
 .debug_abbrev  0x00000bee       0xbc ./Core/Src/sysmem.o
 .debug_abbrev  0x00000caa      0x11a ./Core/Src/system_stm32f4xx.o
 .debug_abbrev  0x00000dc4       0x24 ./Core/Startup/startup_stm32f401retx.o
 .debug_abbrev  0x00000de8      0x24b ./Drivers/STM32F4xx_HAL_Driver/Src/stm32f4xx_hal.o
 .debug_abbrev  0x00001033      0x31d ./Drivers/STM32F4xx_HAL_Driver/Src/stm32f4xx_hal_cortex.o
 .debug_abbrev  0x00001350      0x221 ./Drivers/STM32F4xx_HAL_Driver/Src/stm32f4xx_hal_dma.o
 .debug_abbrev  0x00001571      0x1d3 ./Drivers/STM32F4xx_HAL_Driver/Src/stm32f4xx_hal_gpio.o
 .debug_abbrev  0x00001744      0x2b6 ./Drivers/STM32F4xx_HAL_Driver/Src/stm32f4xx_hal_pcd.o
 .debug_abbrev  0x000019fa      0x1da ./Drivers/STM32F4xx_HAL_Driver/Src/stm32f4xx_hal_pcd_ex.o
 .debug_abbrev  0x00001bd4      0x2b6 ./Drivers/STM32F4xx_HAL_Driver/Src/stm32f4xx_hal_rcc.o
 .debug_abbrev  0x00001e8a      0x31b ./Drivers/STM32F4xx_HAL_Driver/Src/stm32f4xx_hal_uart.o
 .debug_abbrev  0x000021a5      0x2b3 ./Drivers/STM32F4xx_HAL_Driver/Src/stm32f4xx_ll_usb.o
 .debug_abbrev  0x00002458      0x2d0 ./Middlewares2/ST/STM32_USB_Device_Library/Class/CustomHID/Src/usbd_customhid.o
 .debug_abbrev  0x00002728      0x27c ./Middlewares2/ST/STM32_USB_Device_Library/Core/Src/usbd_core.o
 .debug_abbrev  0x000029a4      0x26f ./Middlewares2/ST/STM32_USB_Device_Library/Core/Src/usbd_ctlreq.o
 .debug_abbrev  0x00002c13      0x19a ./Middlewares2/ST/STM32_USB_Device_Library/Core/Src/usbd_ioreq.o
 .debug_abbrev  0x00002dad      0x194 ./USB_DEVICE/App/usb_device.o
 .debug_abbrev  0x00002f41      0x24e ./USB_DEVICE/App/usbd_custom_hid_if.o
 .debug_abbrev  0x0000318f      0x1e1 ./USB_DEVICE/App/usbd_desc.o
 .debug_abbrev  0x00003370      0x309 ./USB_DEVICE/Target/usbd_conf.o

.debug_aranges  0x00000000      0xf10
 .debug_aranges
                0x00000000       0x70 ./Core/Src/console.o
 .debug_aranges
                0x00000070       0x38 ./Core/Src/logger.o
 .debug_aranges
                0x000000a8       0x58 ./Core/Src/main.o
 .debug_aranges
                0x00000100       0x48 ./Core/Src/ring_buffer.o
 .debug_aranges
                0x00000148       0x40 ./Core/Src/stm32f4xx_hal_msp.o
 .debug_aranges
                0x00000188       0x70 ./Core/Src/stm32f4xx_it.o
 .debug_aranges
                0x000001f8       0x20 ./Core/Src/sysmem.o
 .debug_aranges
                0x00000218       0x28 ./Core/Src/system_stm32f4xx.o
 .debug_aranges
                0x00000240       0x28 ./Core/Startup/startup_stm32f401retx.o
 .debug_aranges
                0x00000268       0xf0 ./Drivers/STM32F4xx_HAL_Driver/Src/stm32f4xx_hal.o
 .debug_aranges
                0x00000358      0x130 ./Drivers/STM32F4xx_HAL_Driver/Src/stm32f4xx_hal_cortex.o
 .debug_aranges
                0x00000488       0x90 ./Drivers/STM32F4xx_HAL_Driver/Src/stm32f4xx_hal_dma.o
 .debug_aranges
                0x00000518       0x58 ./Drivers/STM32F4xx_HAL_Driver/Src/stm32f4xx_hal_gpio.o
 .debug_aranges
                0x00000570      0x148 ./Drivers/STM32F4xx_HAL_Driver/Src/stm32f4xx_hal_pcd.o
 .debug_aranges
                0x000006b8       0x38 ./Drivers/STM32F4xx_HAL_Driver/Src/stm32f4xx_hal_pcd_ex.o
 .debug_aranges
                0x000006f0       0x88 ./Drivers/STM32F4xx_HAL_Driver/Src/stm32f4xx_hal_rcc.o
 .debug_aranges
                0x00000778      0x208 ./Drivers/STM32F4xx_HAL_Driver/Src/stm32f4xx_hal_uart.o
 .debug_aranges
                0x00000980      0x1a0 ./Drivers/STM32F4xx_HAL_Driver/Src/stm32f4xx_ll_usb.o
 .debug_aranges
                0x00000b20       0x80 ./Middlewares2/ST/STM32_USB_Device_Library/Class/CustomHID/Src/usbd_customhid.o
 .debug_aranges
                0x00000ba0       0xd8 ./Middlewares2/ST/STM32_USB_Device_Library/Core/Src/usbd_core.o
 .debug_aranges
                0x00000c78       0x90 ./Middlewares2/ST/STM32_USB_Device_Library/Core/Src/usbd_ctlreq.o
 .debug_aranges