Archive member included to satisfy reference by file (symbol)

C:/ST/STM32CubeIDE_1.17.0/STM32CubeIDE/plugins/com.st.stm32cube.ide.mcu.externaltools.gnu-tools-for-stm32.12.3.rel1.win32_1.1.0.202410251130/tools/bin/../lib/gcc/arm-none-eabi/12.3.1/../../../../arm-none-eabi/lib/thumb/v7e-m+fp/hard\libc_nano.a(libc_a-exit.o)
                              C:/ST/STM32CubeIDE_1.17.0/STM32CubeIDE/plugins/com.st.stm32cube.ide.mcu.externaltools.gnu-tools-for-stm32.12.3.rel1.win32_1.1.0.202410251130/tools/bin/../lib/gcc/arm-none-eabi/12.3.1/../../../../arm-none-eabi/lib/thumb/v7e-m+fp/hard/crt0.o (exit)
C:/ST/STM32CubeIDE_1.17.0/STM32CubeIDE/plugins/com.st.stm32cube.ide.mcu.externaltools.gnu-tools-for-stm32.12.3.rel1.win32_1.1.0.202410251130/tools/bin/../lib/gcc/arm-none-eabi/12.3.1/../../../../arm-none-eabi/lib/thumb/v7e-m+fp/hard\libc_nano.a(libc_a-findfp.o)
                              C:/ST/STM32CubeIDE_1.17.0/STM32CubeIDE/plugins/com.st.stm32cube.ide.mcu.externaltools.gnu-tools-for-stm32.12.3.rel1.win32_1.1.0.202410251130/tools/bin/../lib/gcc/arm-none-eabi/12.3.1/../../../../arm-none-eabi/lib/thumb/v7e-m+fp/hard\libc_nano.a(libc_a-exit.o) (__stdio_exit_handler)
C:/ST/STM32CubeIDE_1.17.0/STM32CubeIDE/plugins/com.st.stm32cube.ide.mcu.externaltools.gnu-tools-for-stm32.12.3.rel1.win32_1.1.0.202410251130/tools/bin/../lib/gcc/arm-none-eabi/12.3.1/../../../../arm-none-eabi/lib/thumb/v7e-m+fp/hard\libc_nano.a(libc_a-fwalk.o)
                              C:/ST/STM32CubeIDE_1.17.0/STM32CubeIDE/plugins/com.st.stm32cube.ide.mcu.externaltools.gnu-tools-for-stm32.12.3.rel1.win32_1.1.0.202410251130/tools/bin/../lib/gcc/arm-none-eabi/12.3.1/../../../../arm-none-eabi/lib/thumb/v7e-m+fp/hard\libc_nano.a(libc_a-findfp.o) (_fwalk_sglue)
C:/ST/STM32CubeIDE_1.17.0/STM32CubeIDE/plugins/com.st.stm32cube.ide.mcu.externaltools.gnu-tools-for-stm32.12.3.rel1.win32_1.1.0.202410251130/tools/bin/../lib/gcc/arm-none-eabi/12.3.1/../../../../arm-none-eabi/lib/thumb/v7e-m+fp/hard\libc_nano.a(libc_a-stdio.o)
                              C:/ST/STM32CubeIDE_1.17.0/STM32CubeIDE/plugins/com.st.stm32cube.ide.mcu.externaltools.gnu-tools-for-stm32.12.3.rel1.win32_1.1.0.202410251130/tools/bin/../lib/gcc/arm-none-eabi/12.3.1/../../../../arm-none-eabi/lib/thumb/v7e-m+fp/hard\libc_nano.a(libc_a-findfp.o) (__sread)
C:/ST/STM32CubeIDE_1.17.0/STM32CubeIDE/plugins/com.st.stm32cube.ide.mcu.externaltools.gnu-tools-for-stm32.12.3.rel1.win32_1.1.0.202410251130/tools/bin/../lib/gcc/arm-none-eabi/12.3.1/../../../../arm-none-eabi/lib/thumb/v7e-m+fp/hard\libc_nano.a(libc_a-vsnprintf.o)
                              ./Core/Src/logger.o (vsnprintf)
C:/ST/STM32CubeIDE_1.17.0/STM32CubeIDE/plugins/com.st.stm32cube.ide.mcu.externaltools.gnu-tools-for-stm32.12.3.rel1.win32_1.1.0.202410251130/tools/bin/../lib/gcc/arm-none-eabi/12.3.1/../../../../arm-none-eabi/lib/thumb/v7e-m+fp/hard\libc_nano.a(libc_a-memset.o)
                              C:/ST/STM32CubeIDE_1.17.0/STM32CubeIDE/plugins/com.st.stm32cube.ide.mcu.externaltools.gnu-tools-for-stm32.12.3.rel1.win32_1.1.0.202410251130/tools/bin/../lib/gcc/arm-none-eabi/12.3.1/../../../../arm-none-eabi/lib/thumb/v7e-m+fp/hard/crt0.o (memset)
C:/ST/STM32CubeIDE_1.17.0/STM32CubeIDE/plugins/com.st.stm32cube.ide.mcu.externaltools.gnu-tools-for-stm32.12.3.rel1.win32_1.1.0.202410251130/tools/bin/../lib/gcc/arm-none-eabi/12.3.1/../../../../arm-none-eabi/lib/thumb/v7e-m+fp/hard\libc_nano.a(libc_a-strsep.o)
                              ./Core/Src/console.o (strsep)
C:/ST/STM32CubeIDE_1.17.0/STM32CubeIDE/plugins/com.st.stm32cube.ide.mcu.externaltools.gnu-tools-for-stm32.12.3.rel1.win32_1.1.0.202410251130/tools/bin/../lib/gcc/arm-none-eabi/12.3.1/../../../../arm-none-eabi/lib/thumb/v7e-m+fp/hard\libc_nano.a(libc_a-strtok_r.o)
                              C:/ST/STM32CubeIDE_1.17.0/STM32CubeIDE/plugins/com.st.stm32cube.ide.mcu.externaltools.gnu-tools-for-stm32.12.3.rel1.win32_1.1.0.202410251130/tools/bin/../lib/gcc/arm-none-eabi/12.3.1/../../../../arm-none-eabi/lib/thumb/v7e-m+fp/hard\libc_nano.a(libc_a-strsep.o) (__strtok_r)
C:/ST/STM32CubeIDE_1.17.0/STM32CubeIDE/plugins/com.st.stm32cube.ide.mcu.externaltools.gnu-tools-for-stm32.12.3.rel1.win32_1.1.0.202410251130/tools/bin/../lib/gcc/arm-none-eabi/12.3.1/../../../../arm-none-eabi/lib/thumb/v7e-m+fp/hard\libc_nano.a(libc_a-closer.o)
                              C:/ST/STM32CubeIDE_1.17.0/STM32CubeIDE/plugins/com.st.stm32cube.ide.mcu.externaltools.gnu-tools-for-stm32.12.3.rel1.win32_1.1.0.202410251130/tools/bin/../lib/gcc/arm-none-eabi/12.3.1/../../../../arm-none-eabi/lib/thumb/v7e-m+fp/hard\libc_nano.a(libc_a-stdio.o) (_close_r)
C:/ST/STM32CubeIDE_1.17.0/STM32CubeIDE/plugins/com.st.stm32cube.ide.mcu.externaltools.gnu-tools-for-stm32.12.3.rel1.win32_1.1.0.202410251130/tools/bin/../lib/gcc/arm-none-eabi/12.3.1/../../../../arm-none-eabi/lib/thumb/v7e-m+fp/hard\libc_nano.a(libc_a-reent.o)
[...]
Memory Configuration

Name             Origin             Length             Attributes
RAM              0x20000000         0x00018000         xrw
FLASH            0x08000000         0x00080000         xr
*default*        0x00000000         0xffffffff

Linker script and memory map

LOAD C:/ST/STM32CubeIDE_1.17.0/STM32CubeIDE/plugins/com.st.stm32cube.ide.mcu.externaltools.gnu-tools-for-stm32.12.3.rel1.win32_1.1.0.202410251130/tools/bin/../lib/gcc/arm-none-eabi/12.3.1/thumb/v7e-m+fp/hard/crti.o
LOAD C:/ST/STM32CubeIDE_1.17.0/STM32CubeIDE/plugins/com.st.stm32cube.ide.mcu.externaltools.gnu-tools-for-stm32.12.3.rel1.win32_1.1.0.202410251130/tools/bin/../lib/gcc/arm-none-eabi/12.3.1/thumb/v7e-m+fp/hard/crtbegin.o
LOAD C:/ST/STM32CubeIDE_1.17.0/STM32CubeIDE/plugins/com.st.stm32cube.ide.mcu.externaltools.gnu-tools-for-stm32.12.3.rel1.win32_1.1.0.202410251130/tools/bin/../lib/gcc/arm-none-eabi/12.3.1/../../../../arm-none-eabi/lib/thumb/v7e-m+fp/hard/crt0.o
LOAD ./Core/Src/console.o
LOAD ./Core/Src/logger.o
LOAD ./Core/Src/main.o
LOAD ./Core/Src/ring_buffer.o
LOAD ./Core/Src/stm32f4xx_hal_msp.o
LOAD ./Core/Src/stm32f4xx_it.o
LOAD ./Core/Src/syscalls.o
LOAD ./Core/Src/sysmem.o
LOAD ./Core/Src/system_stm32f4xx.o
LOAD ./Core/Startup/startup_stm32f401retx.o
LOAD ./Drivers/STM32F4xx_HAL_Driver/Src/stm32f4xx_hal.o
LOAD ./Drivers/STM32F4xx_HAL_Driver/Src/stm32f4xx_hal_cortex.o
LOAD ./Drivers/STM32F4xx_HAL_Driver/Src/stm32f4xx_hal_dma.o
LOAD ./Drivers/STM32F4xx_HAL_Driver/Src/stm32f4xx_hal_dma_ex.o
LOAD ./Drivers/STM32F4xx_HAL_Driver/Src/stm32f4xx_hal_exti.o
LOAD ./Drivers/STM32F4xx_HAL_Driver/Src/stm32f4xx_hal_flash.o
LOAD ./Drivers/STM32F4xx_HAL_Driver/Src/stm32f4xx_hal_flash_ex.o
LOAD ./Drivers/STM32F4xx_HAL_Driver/Src/stm32f4xx_hal_flash_ramfunc.o
LOAD ./Drivers/STM32F4xx_HAL_Driver/Src/stm32f4xx_hal_gpio.o
LOAD ./Drivers/STM32F4xx_HAL_Driver/Src/stm32f4xx_hal_pcd.o
LOAD ./Drivers/STM32F4xx_HAL_Driver/Src/stm32f4xx_hal_pcd_ex.o
LOAD ./Drivers/STM32F4xx_HAL_Driver/Src/stm32f4xx_hal_pwr.o
LOAD ./Drivers/STM32F4xx_HAL_Driver/Src/stm32f4xx_hal_pwr_ex.o
LOAD ./Drivers/STM32F4xx_HAL_Driver/Src/stm32f4xx_hal_rcc.o
LOAD ./Drivers/STM32F4xx_HAL_Driver/Src/stm32f4xx_hal_rcc_ex.o
LOAD ./Drivers/STM32F4xx_HAL_Driver/Src/stm32f4xx_hal_uart.o
LOAD ./Drivers/STM32F4xx_HAL_Driver/Src/stm32f4xx_ll_usb.o
LOAD ./Middlewares2/ST/STM32_USB_Device_Library/Class/CustomHID/Src/usbd_customhid.o
LOAD ./Middlewares2/ST/STM32_USB_Device_Library/Core/Src/usbd_core.o
LOAD ./Middlewares2/ST/STM32_USB_Device_Library/Core/Src/usbd_ctlreq.o
LOAD ./Middlewares2/ST/STM32_USB_Device_Library/Core/Src/usbd_ioreq.o
LOAD ./USB_DEVICE/App/usb_device.o
LOAD ./USB_DEVICE/App/usbd_custom_hid_if.o
LOAD ./USB_DEVICE/App/usbd_desc.o
LOAD ./USB_DEVICE/Target/usbd_conf.o
START GROUP
LOAD C:/ST/STM32CubeIDE_1.17.0/STM32CubeIDE/plugins/com.st.stm32cube.ide.mcu.externaltools.gnu-tools-for-stm32.12.3.rel1.win32_1.1.0.202410251130/tools/bin/../lib/gcc/arm-none-eabi/12.3.1/../../../../arm-none-eabi/lib/thumb/v7e-m+fp/hard\libc_nano.a
LOAD C:/ST/STM32CubeIDE_1.17.0/STM32CubeIDE/plugins/com.st.stm32cube.ide.mcu.externaltools.gnu-tools-for-stm32.12.3.rel1.win32_1.1.0.202410251130/tools/bin/../lib/gcc/arm-none-eabi/12.3.1/../../../../arm-none-eabi/lib/thumb/v7e-m+fp/hard\libm.a
END GROUP
START GROUP
LOAD C:/ST/STM32CubeIDE_1.17.0/STM32CubeIDE/plugins/com.st.stm32cube.ide.mcu.externaltools.gnu-tools-for-stm32.12.3.rel1.win32_1.1.0.202410251130/tools/bin/../lib/gcc/arm-none-eabi/12.3.1/thumb/v7e-m+fp/hard\libgcc.a
LOAD C:/ST/STM32CubeIDE_1.17.0/STM32CubeIDE/plugins/com.st.stm32cube.ide.mcu.externaltools.gnu-tools-for-stm32.12.3.rel1.win32_1.1.0.202410251130/tools/bin/../lib/gcc/arm-none-eabi/12.3.1/../../../../arm-none-eabi/lib/thumb/v7e-m+fp/hard\libc_nano.a
END GROUP
START GROUP
LOAD C:/ST/STM32CubeIDE_1.17.0/STM32CubeIDE/plugins/com.st.stm32cube.ide.mcu.externaltools.gnu-tools-for-stm32.12.3.rel1.win32_1.1.0.202410251130/tools/bin/../lib/gcc/arm-none-eabi/12.3.1/thumb/v7e-m+fp/hard\libgcc.a
LOAD C:/ST/STM32CubeIDE_1.17.0/STM32CubeIDE/plugins/com.st.stm32cube.ide.mcu.externaltools.gnu-tools-for-stm32.12.3.rel1.win32_1.1.0.202410251130/tools/bin/../lib/gcc/arm-none-eabi/12.3.1/../../../../arm-none-eabi/lib/thumb/v7e-m+fp/hard\libc_nano.a
LOAD C:/ST/STM32CubeIDE_1.17.0/STM32CubeIDE/plugins/com.st.stm32cube.ide.mcu.externaltools.gnu-tools-for-stm32.12.3.rel1.win32_1.1.0.202410251130/tools/bin/../lib/gcc/arm-none-eabi/12.3.1/../../../../arm-none-eabi/lib/thumb/v7e-m+fp/hard\libnosys.a
END GROUP
START GROUP
LOAD C:/ST/STM32CubeIDE_1.17.0/STM32CubeIDE/plugins/com.st.stm32cube.ide.mcu.externaltools.gnu-tools-for-stm32.12.3.rel1.win32_1.1.0.202410251130/tools/bin/../lib/gcc/arm-none-eabi/12.3.1/thumb/v7e-m+fp/hard\libgcc.a
LOAD C:/ST/STM32CubeIDE_1.17.0/STM32CubeIDE/plugins/com.st.stm32cube.ide.mcu.externaltools.gnu-tools-for-stm32.12.3.rel1.win32_1.1.0.202410251130/tools/bin/../lib/gcc/arm-none-eabi/12.3.1/../../../../arm-none-eabi/lib/thumb/v7e-m+fp/hard\libc_nano.a
LOAD C:/ST/STM32CubeIDE_1.17.0/STM32CubeIDE/plugins/com.st.stm32cube.ide.mcu.externaltools.gnu-tools-for-stm32.12.3.rel1.win32_1.1.0.202410251130/tools/bin/../lib/gcc/arm-none-eabi/12.3.1/../../../../arm-none-eabi/lib/thumb/v7e-m+fp/hard\libnosys.a
END GROUP
LOAD C:/ST/STM32CubeIDE_1.17.0/STM32CubeIDE/plugins/com.st.stm32cube.ide.mcu.externaltools.gnu-tools-for-stm32.12.3.rel1.win32_1.1.0.202410251130/tools/bin/../lib/gcc/arm-none-eabi/12.3.1/thumb/v7e-m+fp/hard/crtend.o
LOAD C:/ST/STM32CubeIDE_1.17.0/STM32CubeIDE/plugins/com.st.stm32cube.ide.mcu.externaltools.gnu-tools-for-stm32.12.3.rel1.win32_1.1.0.202410251130/tools/bin/../lib/gcc/arm-none-eabi/12.3.1/thumb/v7e-m+fp/hard/crtn.o
                0x20018000                        _estack = (ORIGIN (RAM) + LENGTH (RAM))
                0x00000200                        _Min_Heap_Size = 0x200
                0x00000400                        _Min_Stack_Size = 0x400

.isr_vector     0x08000000      0x194
                0x08000000                        . = ALIGN (0x4)
 *(.isr_vector)
 .isr_vector    0x08000000      0x194 ./Core/Startup/startup_stm32f401retx.o
                0x08000000                g_pfnVectors
                0x08000194                        . = ALIGN (0x4)

.text           0x080001a0     0x9070
                0x080001a0                        . = ALIGN (0x4)
 *(.text)
 .text          0x080001a0       0x40 C:/ST/STM32CubeIDE_1.17.0/STM32CubeIDE/plugins/com.st.stm32cube.ide.mcu.externaltools.gnu-tools-for-stm32.12.3.rel1.win32_1.1.0.202410251130/tools/bin/../lib/gcc/arm-none-eabi/12.3.1/thumb/v7e-m+fp/hard/crtbegin.o
 .text          0x080001e0       0x14 C:/ST/STM32CubeIDE_1.17.0/STM32CubeIDE/plugins/com.st.stm32cube.ide.mcu.externaltools.gnu-tools-for-stm32.12.3.rel1.win32_1.1.0.202410251130/tools/bin/../lib/gcc/arm-none-eabi/12.3.1/../../../../arm-none-eabi/lib/thumb/v7e-m+fp/hard\libc_nano.a(libc_a-strcmp.o)
                0x080001e0                strcmp
 .text          0x080001f4       0x10 C:/ST/STM32CubeIDE_1.17.0/STM32CubeIDE/plugins/com.st.stm32cube.ide.mcu.externaltools.gnu-tools-for-stm32.12.3.rel1.win32_1.1.0.202410251130/tools/bin/../lib/gcc/arm-none-eabi/12.3.1/../../../../arm-none-eabi/lib/thumb/v7e-m+fp/hard\libc_nano.a(libc_a-strlen.o)
                0x080001f4                strlen
 *fill*         0x08000204        0xc 
 .text          0x08000210       0xa0 C:/ST/STM32CubeIDE_1.17.0/STM32CubeIDE/plugins/com.st.stm32cube.ide.mcu.externaltools.gnu-tools-for-stm32.12.3.rel1.win32_1.1.0.202410251130/tools/bin/../lib/gcc/arm-none-eabi/12.3.1/../../../../arm-none-eabi/lib/thumb/v7e-m+fp/hard\libc_nano.a(libc_a-memchr.o)
                0x08000210                memchr
 .text          0x080002b0       0x30 C:/ST/STM32CubeIDE_1.17.0/STM32CubeIDE/plugins/com.st.stm32cube.ide.mcu.externaltools.gnu-tools-for-stm32.12.3.rel1.win32_1.1.0.202410251130/tools/bin/../lib/gcc/arm-none-eabi/12.3.1/thumb/v7e-m+fp/hard\libgcc.a(_aeabi_uldivmod.o)
                0x080002b0                __aeabi_uldivmod
 .text          0x080002e0      0x2bc C:/ST/STM32CubeIDE_1.17.0/STM32CubeIDE/plugins/com.st.stm32cube.ide.mcu.externaltools.gnu-tools-for-stm32.12.3.rel1.win32_1.1.0.202410251130/tools/bin/../lib/gcc/arm-none-eabi/12.3.1/thumb/v7e-m+fp/hard\libgcc.a(_udivmoddi4.o)
                0x080002e0                __udivmoddi4
 .text          0x0800059c        0x4 C:/ST/STM32CubeIDE_1.17.0/STM32CubeIDE/plugins/com.st.stm32cube.ide.mcu.externaltools.gnu-tools-for-stm32.12.3.rel1.win32_1.1.0.202410251130/tools/bin/../lib/gcc/arm-none-eabi/12.3.1/thumb/v7e-m+fp/hard\libgcc.a(_dvmd_tls.o)
                0x0800059c                __aeabi_idiv0
                0x0800059c                __aeabi_ldiv0
 *(.text*)
 .text.console_init
                0x080005a0       0x74 ./Core/Src/console.o
                0x080005a0                console_init
 .text.console_register_commands
                0x08000614       0x2c ./Core/Src/console.o
                0x08000614                console_register_commands
 .text.console_write
                0x08000640       0x40 ./Core/Src/console.o
                0x08000640                console_write
 .text.console_clear_screen
                0x08000680       0x14 ./Core/Src/console.o
                0x08000680                console_clear_screen
 .text.cmd_clear
                0x08000694       0x20 ./Core/Src/console.o
                0x08000694                cmd_clear
 .text.console_start_tx
                0x080006b4       0x6c ./Core/Src/console.o
 .text.console_send_char
                0x08000720       0x28 ./Core/Src/console.o
 .text.console_task
                0x08000748       0xf4 ./Core/Src/console.o
                0x08000748                console_task
 .text.console_process_line
                0x0800083c      0x110 ./Core/Src/console.o
 .text.HAL_UART_RxCpltCallback
                0x0800094c       0x40 ./Core/Src/console.o
                0x0800094c                HAL_UART_RxCpltCallback
 .text.HAL_UART_TxCpltCallback
                0x0800098c       0x3c ./Core/Src/console.o
                0x0800098c                HAL_UART_TxCpltCallback
 .text.logger_init
                0x080009c8       0x1c ./Core/Src/logger.o
                0x080009c8                logger_init
 .text.log_message
                0x080009e4       0x74 ./Core/Src/logger.o
                0x080009e4                log_message
 .text.cmd_log_dump
                0x08000a58       0x80 ./Core/Src/logger.o
                0x08000a58                cmd_log_dump
 .text.cmd_log_clear
                0x08000ad8       0x30 ./Core/Src/logger.o
                0x08000ad8                cmd_log_clear
 .text.main     0x08000b08       0x38 ./Core/Src/main.o
                0x08000b08                main
 .text.SystemClock_Config
                0x08000b40       0xd8 ./Core/Src/main.o
                0x08000b40                SystemClock_Config
 .text.MX_USART2_UART_Init
                0x08000c18       0x54 ./Core/Src/main.o
 .text.MX_USB_OTG_FS_PCD_Init
                0x08000c6c       0x60 ./Core/Src/main.o
 .text.MX_GPIO_Init
                0x08000ccc       0xdc ./Core/Src/main.o
 .text.cmd_help
                0x08000da8       0x7c ./Core/Src/main.o
 .text.cmd_info
                0x08000e24       0x30 ./Core/Src/main.o
 .text.Error_Handler
                0x08000e54        0xc ./Core/Src/main.o
                0x08000e54                Error_Handler
 .text.ring_buffer_init
                0x08000e60       0x36 ./Core/Src/ring_buffer.o
                0x08000e60                ring_buffer_init
 .text.ring_buffer_empty
                0x08000e96       0x3a ./Core/Src/ring_buffer.o
                0x08000e96                ring_buffer_empty
 .text.ring_buffer_size
                0x08000ed0       0x50 ./Core/Src/ring_buffer.o
                0x08000ed0                ring_buffer_size
 .text.ring_buffer_enqueue
                0x08000f20      0x11c ./Core/Src/ring_buffer.o
                0x08000f20                ring_buffer_enqueue
 .text.ring_buffer_dequeue
                0x0800103c      0x104 ./Core/Src/ring_buffer.o
                0x0800103c                ring_buffer_dequeue
 .text.HAL_MspInit
                0x08001140       0x50 ./Core/Src/stm32f4xx_hal_msp.o
                0x08001140                HAL_MspInit
 .text.HAL_UART_MspInit
                0x08001190       0xa0 ./Core/Src/stm32f4xx_hal_msp.o
                0x08001190                HAL_UART_MspInit
 .text.HAL_PCD_MspInit
                0x08001230       0xa8 ./Core/Src/stm32f4xx_hal_msp.o
                0x08001230                HAL_PCD_MspInit
 .text.NMI_Handler
                0x080012d8        0x8 ./Core/Src/stm32f4xx_it.o
                0x080012d8                NMI_Handler
 .text.HardFault_Handler
                0x080012e0        0x8 ./Core/Src/stm32f4xx_it.o
                0x080012e0                HardFault_Handler
 .text.MemManage_Handler
                0x080012e8        0x8 ./Core/Src/stm32f4xx_it.o
                0x080012e8                MemManage_Handler
 .text.BusFault_Handler
                0x080012f0        0x8 ./Core/Src/stm32f4xx_it.o
                0x080012f0                BusFault_Handler
 .text.UsageFault_Handler
                0x080012f8        0x8 ./Core/Src/stm32f4xx_it.o
                0x080012f8                UsageFault_Handler
 .text.SVC_Handler
                0x08001300        0xe ./Core/Src/stm32f4xx_it.o
                0x08001300                SVC_Handler
 .text.DebugMon_Handler
                0x0800130e        0xe ./Core/Src/stm32f4xx_it.o
                0x0800130e                DebugMon_Handler
 .text.PendSV_Handler
                0x0800131c        0xe ./Core/Src/stm32f4xx_it.o
                0x0800131c                PendSV_Handler
 .text.SysTick_Handler
                0x0800132a        0xc ./Core/Src/stm32f4xx_it.o
                0x0800132a                SysTick_Handler
 *fill*         0x08001336        0x2 
 .text.USART2_IRQHandler
                0x08001338       0x14 ./Core/Src/stm32f4xx_it.o
                0x08001338                USART2_IRQHandler
 .text.OTG_FS_IRQHandler
                0x0800134c       0x14 ./Core/Src/stm32f4xx_it.o
                0x0800134c                OTG_FS_IRQHandler
 .text._sbrk    0x08001360       0x6c ./Core/Src/sysmem.o
                0x08001360                _sbrk
 .text.SystemInit
                0x080013cc       0x24 ./Core/Src/system_stm32f4xx.o
                0x080013cc                SystemInit
 .text.Reset_Handler
                0x080013f0       0x50 ./Core/Startup/startup_stm32f401retx.o
                0x080013f0                Reset_Handler
 .text.Default_Handler
                0x08001440        0x2 ./Core/Startup/startup_stm32f401retx.o
                0x08001440                RTC_Alarm_IRQHandler
                0x08001440                EXTI2_IRQHandler
                0x08001440                SPI4_IRQHandler
                0x08001440                TIM1_CC_IRQHandler
                0x08001440                DMA2_Stream5_IRQHandler
                0x08001440                DMA1_Stream5_IRQHandler
                0x08001440                PVD_IRQHandler
                0x08001440                SDIO_IRQHandler
                0x08001440                TAMP_STAMP_IRQHandler
                0x08001440                EXTI3_IRQHandler
                0x08001440                TIM1_UP_TIM10_IRQHandler
                0x08001440                I2C3_ER_IRQHandler
                0x08001440                EXTI0_IRQHandler
                0x08001440                I2C2_EV_IRQHandler
                0x08001440                DMA1_Stream2_IRQHandler
                0x08001440                FPU_IRQHandler
                0x08001440                DMA2_Stream2_IRQHandler
                0x08001440                SPI1_IRQHandler
                0x08001440                TIM1_BRK_TIM9_IRQHandler
                0x08001440                DMA2_Stream3_IRQHandler
                0x08001440                USART6_IRQHandler
                0x08001440                DMA2_Stream0_IRQHandler
                0x08001440                TIM4_IRQHandler
                0x08001440                I2C1_EV_IRQHandler
                0x08001440                DMA1_Stream6_IRQHandler
                0x08001440                DMA1_Stream1_IRQHandler
                0x08001440                TIM3_IRQHandler
                0x08001440                RCC_IRQHandler
                0x08001440                Default_Handler
                0x08001440                EXTI15_10_IRQHandler
                0x08001440                ADC_IRQHandler
                0x08001440                DMA1_Stream7_IRQHandler
                0x08001440                TIM5_IRQHandler
                0x08001440                DMA2_Stream7_IRQHandler
                0x08001440                I2C3_EV_IRQHandler
                0x08001440                EXTI9_5_IRQHandler
                0x08001440                RTC_WKUP_IRQHandler
                0x08001440                SPI2_IRQHandler
                0x08001440                DMA1_Stream0_IRQHandler
                0x08001440                EXTI4_IRQHandler
                0x08001440                WWDG_IRQHandler
                0x08001440                TIM2_IRQHandler
                0x08001440                OTG_FS_WKUP_IRQHandler
                0x08001440                TIM1_TRG_COM_TIM11_IRQHandler
                0x08001440                EXTI1_IRQHandler
                0x08001440                I2C2_ER_IRQHandler
                0x08001440                DMA2_Stream1_IRQHandler
                0x08001440                FLASH_IRQHandler
                0x08001440                DMA2_Stream4_IRQHandler
                0x08001440                USART1_IRQHandler
                0x08001440                SPI3_IRQHandler
                0x08001440                DMA1_Stream4_IRQHandler
                0x08001440                I2C1_ER_IRQHandler
                0x08001440                DMA2_Stream6_IRQHandler
                0x08001440                DMA1_Stream3_IRQHandler
 *fill*         0x08001442        0x2 
 .text.HAL_Init
                0x08001444       0x44 ./Drivers/STM32F4xx_HAL_Driver/Src/stm32f4xx_hal.o
                0x08001444                HAL_Init
 .text.HAL_InitTick
                0x08001488       0x60 ./Drivers/STM32F4xx_HAL_Driver/Src/stm32f4xx_hal.o
                0x08001488                HAL_InitTick
 .text.HAL_IncTick
                0x080014e8       0x28 ./Drivers/STM32F4xx_HAL_Driver/Src/stm32f4xx_hal.o
                0x080014e8                HAL_IncTick
 .text.HAL_GetTick
                0x08001510       0x18 ./Drivers/STM32F4xx_HAL_Driver/Src/stm32f4xx_hal.o
                0x08001510                HAL_GetTick
 .text.HAL_Delay
                0x08001528       0x48 ./Drivers/STM32F4xx_HAL_Driver/Src/stm32f4xx_hal.o
                0x08001528                HAL_Delay
 .text.__NVIC_SetPriorityGrouping
                0x08001570       0x48 ./Drivers/STM32F4xx_HAL_Driver/Src/stm32f4xx_hal_cortex.o
 .text.__NVIC_GetPriorityGrouping
                0x080015b8       0x1c ./Drivers/STM32F4xx_HAL_Driver/Src/stm32f4xx_hal_cortex.o
 .text.__NVIC_EnableIRQ
                0x080015d4       0x3c ./Drivers/STM32F4xx_HAL_Driver/Src/stm32f4xx_hal_cortex.o
 .text.__NVIC_SetPriority
                0x08001610       0x54 ./Drivers/STM32F4xx_HAL_Driver/Src/stm32f4xx_hal_cortex.o
 .text.NVIC_EncodePriority
                0x08001664       0x66 ./Drivers/STM32F4xx_HAL_Driver/Src/stm32f4xx_hal_cortex.o
 *fill*         0x080016ca        0x2 
 .text.SysTick_Config
                0x080016cc       0x44 ./Drivers/STM32F4xx_HAL_Driver/Src/stm32f4xx_hal_cortex.o
 .text.HAL_NVIC_SetPriorityGrouping
                0x08001710       0x16 ./Drivers/STM32F4xx_HAL_Driver/Src/stm32f4xx_hal_cortex.o
                0x08001710                HAL_NVIC_SetPriorityGrouping
 .text.HAL_NVIC_SetPriority
                0x08001726       0x38 ./Drivers/STM32F4xx_HAL_Driver/Src/stm32f4xx_hal_cortex.o
                0x08001726                HAL_NVIC_SetPriority
 .text.HAL_NVIC_EnableIRQ
                0x0800175e       0x1c ./Drivers/STM32F4xx_HAL_Driver/Src/stm32f4xx_hal_cortex.o
                0x0800175e                HAL_NVIC_EnableIRQ
 .text.HAL_SYSTICK_Config
                0x0800177a       0x18 ./Drivers/STM32F4xx_HAL_Driver/Src/stm32f4xx_hal_cortex.o
                0x0800177a                HAL_SYSTICK_Config
 .text.HAL_DMA_Abort
                0x08001792       0xe0 ./Drivers/STM32F4xx_HAL_Driver/Src/stm32f4xx_hal_dma.o
                0x08001792                HAL_DMA_Abort
 .text.HAL_DMA_Abort_IT
                0x08001872       0x44 ./Drivers/STM32F4xx_HAL_Driver/Src/stm32f4xx_hal_dma.o
                0x08001872                HAL_DMA_Abort_IT
 *fill*         0x080018b6        0x2 
 .text.HAL_GPIO_Init
                0x080018b8      0x308 ./Drivers/STM32F4xx_HAL_Driver/Src/stm32f4xx_hal_gpio.o
                0x080018b8                HAL_GPIO_Init
 .text.HAL_GPIO_WritePin
                0x08001bc0       0x32 ./Drivers/STM32F4xx_HAL_Driver/Src/stm32f4xx_hal_gpio.o
                0x08001bc0                HAL_GPIO_WritePin
 .text.HAL_PCD_Init
                0x08001bf2      0x21e ./Drivers/STM32F4xx_HAL_Driver/Src/stm32f4xx_hal_pcd.o
                0x08001bf2                HAL_PCD_Init
 .text.HAL_PCD_Start
                0x08001e10       0x6a ./Drivers/STM32F4xx_HAL_Driver/Src/stm32f4xx_hal_pcd.o
                0x08001e10                HAL_PCD_Start
 .text.HAL_PCD_IRQHandler
                0x08001e7a      0x942 ./Drivers/STM32F4xx_HAL_Driver/Src/stm32f4xx_hal_pcd.o
                0x08001e7a                HAL_PCD_IRQHandler
 .text.HAL_PCD_SetAddress
                0x080027bc       0x48 ./Drivers/STM32F4xx_HAL_Driver/Src/stm32f4xx_hal_pcd.o
                0x080027bc                HAL_PCD_SetAddress
 .text.HAL_PCD_EP_Open
                0x08002804       0xd4 ./Drivers/STM32F4xx_HAL_Driver/Src/stm32f4xx_hal_pcd.o
                0x08002804                HAL_PCD_EP_Open
 .text.HAL_PCD_EP_Close
                0x080028d8       0x94 ./Drivers/STM32F4xx_HAL_Driver/Src/stm32f4xx_hal_pcd.o
                0x080028d8                HAL_PCD_EP_Close
 .text.HAL_PCD_EP_Receive
                0x0800296c       0x76 ./Drivers/STM32F4xx_HAL_Driver/Src/stm32f4xx_hal_pcd.o
                0x0800296c                HAL_PCD_EP_Receive
 .text.HAL_PCD_EP_Transmit
                0x080029e2       0x74 ./Drivers/STM32F4xx_HAL_Driver/Src/stm32f4xx_hal_pcd.o
                0x080029e2                HAL_PCD_EP_Transmit
 .text.HAL_PCD_EP_SetStall
                0x08002a56       0xc6 ./Drivers/STM32F4xx_HAL_Driver/Src/stm32f4xx_hal_pcd.o
                0x08002a56                HAL_PCD_EP_SetStall
 .text.HAL_PCD_EP_ClrStall
                0x08002b1c       0xac ./Drivers/STM32F4xx_HAL_Driver/Src/stm32f4xx_hal_pcd.o
                0x08002b1c                HAL_PCD_EP_ClrStall
 .text.HAL_PCD_EP_Abort
                0x08002bc8       0x62 ./Drivers/STM32F4xx_HAL_Driver/Src/stm32f4xx_hal_pcd.o
                0x08002bc8                HAL_PCD_EP_Abort
 .text.PCD_WriteEmptyTxFifo
                0x08002c2a      0x118 ./Drivers/STM32F4xx_HAL_Driver/Src/stm32f4xx_hal_pcd.o
 *fill*         0x08002d42        0x2 
 .text.PCD_EP_OutXfrComplete_int
                0x08002d44      0x1d0 ./Drivers/STM32F4xx_HAL_Driver/Src/stm32f4xx_hal_pcd.o
 .text.PCD_EP_OutSetupPacket_int
                0x08002f14       0x8c ./Drivers/STM32F4xx_HAL_Driver/Src/stm32f4xx_hal_pcd.o
 .text.HAL_PCDEx_SetTxFiFo
                0x08002fa0       0x8e ./Drivers/STM32F4xx_HAL_Driver/Src/stm32f4xx_hal_pcd_ex.o
                0x08002fa0                HAL_PCDEx_SetTxFiFo
 .text.HAL_PCDEx_SetRxFiFo
                0x0800302e       0x22 ./Drivers/STM32F4xx_HAL_Driver/Src/stm32f4xx_hal_pcd_ex.o
                0x0800302e                HAL_PCDEx_SetRxFiFo
 .text.HAL_PCDEx_LPM_Callback
                0x08003050       0x18 ./Drivers/STM32F4xx_HAL_Driver/Src/stm32f4xx_hal_pcd_ex.o
                0x08003050                HAL_PCDEx_LPM_Callback
 .text.HAL_RCC_OscConfig
                0x08003068      0x4f0 ./Drivers/STM32F4xx_HAL_Driver/Src/stm32f4xx_hal_rcc.o
                0x08003068                HAL_RCC_OscConfig
 .text.HAL_RCC_ClockConfig
                0x08003558      0x1cc ./Drivers/STM32F4xx_HAL_Driver/Src/stm32f4xx_hal_rcc.o
                0x08003558                HAL_RCC_ClockConfig
 .text.HAL_RCC_GetSysClockFreq
                0x08003724      0x20c ./Drivers/STM32F4xx_HAL_Driver/Src/stm32f4xx_hal_rcc.o
                0x08003724                HAL_RCC_GetSysClockFreq
 .text.HAL_RCC_GetHCLKFreq
                0x08003930       0x18 ./Drivers/STM32F4xx_HAL_Driver/Src/stm32f4xx_hal_rcc.o
                0x08003930                HAL_RCC_GetHCLKFreq
 .text.HAL_RCC_GetPCLK1Freq
                0x08003948       0x28 ./Drivers/STM32F4xx_HAL_Driver/Src/stm32f4xx_hal_rcc.o
                0x08003948                HAL_RCC_GetPCLK1Freq
 .text.HAL_RCC_GetPCLK2Freq
                0x08003970       0x28 ./Drivers/STM32F4xx_HAL_Driver/Src/stm32f4xx_hal_rcc.o
                0x08003970                HAL_RCC_GetPCLK2Freq
 .text.HAL_UART_Init
                0x08003998       0xa0 ./Drivers/STM32F4xx_HAL_Driver/Src/stm32f4xx_hal_uart.o
                0x08003998                HAL_UART_Init
 .text.HAL_UART_Transmit
                0x08003a38      0x116 ./Drivers/STM32F4xx_HAL_Driver/Src/stm32f4xx_hal_uart.o
                0x08003a38                HAL_UART_Transmit
 .text.HAL_UART_Transmit_IT
                0x08003b4e       0x6c ./Drivers/STM32F4xx_HAL_Driver/Src/stm32f4xx_hal_uart.o
                0x08003b4e                HAL_UART_Transmit_IT
 .text.HAL_UART_Receive_IT
                0x08003bba       0x4a ./Drivers/STM32F4xx_HAL_Driver/Src/stm32f4xx_hal_uart.o
                0x08003bba                HAL_UART_Receive_IT
 .text.HAL_UART_IRQHandler
                0x08003c04      0x524 ./Drivers/STM32F4xx_HAL_Driver/Src/stm32f4xx_hal_uart.o
                0x08003c04                HAL_UART_IRQHandler
 .text.HAL_UART_ErrorCallback
                0x08004128       0x14 ./Drivers/STM32F4xx_HAL_Driver/Src/stm32f4xx_hal_uart.o
                0x08004128                HAL_UART_ErrorCallback
 .text.HAL_UARTEx_RxEventCallback
                0x0800413c       0x18 ./Drivers/STM32F4xx_HAL_Driver/Src/stm32f4xx_hal_uart.o
                0x0800413c                HAL_UARTEx_RxEventCallback
 .text.UART_WaitOnFlagUntilTimeout
                0x08004154       0xb2 ./Drivers/STM32F4xx_HAL_Driver/Src/stm32f4xx_hal_uart.o
 .text.UART_Start_Receive_IT
                0x08004206       0x74 ./Drivers/STM32F4xx_HAL_Driver/Src/stm32f4xx_hal_uart.o
                0x08004206                UART_Start_Receive_IT
 .text.UART_EndRxTransfer
                0x0800427a       0xc6 ./Drivers/STM32F4xx_HAL_Driver/Src/stm32f4xx_hal_uart.o
 .text.UART_DMAAbortOnError
                0x08004340       0x28 ./Drivers/STM32F4xx_HAL_Driver/Src/stm32f4xx_hal_uart.o
 .text.UART_Transmit_IT
                0x08004368       0xa0 ./Drivers/STM32F4xx_HAL_Driver/Src/stm32f4xx_hal_uart.o
 .text.UART_EndTransmit_IT
                0x08004408       0x30 ./Drivers/STM32F4xx_HAL_Driver/Src/stm32f4xx_hal_uart.o
 .text.UART_Receive_IT
                0x08004438      0x17c ./Drivers/STM32F4xx_HAL_Driver/Src/stm32f4xx_hal_uart.o
 .text.UART_SetConfig
                0x080045b4      0x4e8 ./Drivers/STM32F4xx_HAL_Driver/Src/stm32f4xx_hal_uart.o
 .text.USB_CoreInit
                0x08004a9c       0xc8 ./Drivers/STM32F4xx_HAL_Driver/Src/stm32f4xx_ll_usb.o
                0x08004a9c                USB_CoreInit
 .text.USB_SetTurnaroundTime
                0x08004b64      0x144 ./Drivers/STM32F4xx_HAL_Driver/Src/stm32f4xx_ll_usb.o
                0x08004b64                USB_SetTurnaroundTime
 .text.USB_EnableGlobalInt
                0x08004ca8       0x22 ./Drivers/STM32F4xx_HAL_Driver/Src/stm32f4xx_ll_usb.o
                0x08004ca8                USB_EnableGlobalInt
 .text.USB_DisableGlobalInt
                0x08004cca       0x22 ./Drivers/STM32F4xx_HAL_Driver/Src/stm32f4xx_ll_usb.o
                0x08004cca                USB_DisableGlobalInt
 .text.USB_SetCurrentMode
                0x08004cec       0x98 ./Drivers/STM32F4xx_HAL_Driver/Src/stm32f4xx_ll_usb.o
                0x08004cec                USB_SetCurrentMode
 .text.USB_DevInit
                0x08004d84      0x2c8 ./Drivers/STM32F4xx_HAL_Driver/Src/stm32f4xx_ll_usb.o
                0x08004d84                USB_DevInit
 .text.USB_FlushTxFifo
                0x0800504c       0x64 ./Drivers/STM32F4xx_HAL_Driver/Src/stm32f4xx_ll_usb.o
                0x0800504c                USB_FlushTxFifo
 .text.USB_FlushRxFifo
                0x080050b0       0x5c ./Drivers/STM32F4xx_HAL_Driver/Src/stm32f4xx_ll_usb.o
                0x080050b0                USB_FlushRxFifo
 .text.USB_SetDevSpeed
                0x0800510c       0x32 ./Drivers/STM32F4xx_HAL_Driver/Src/stm32f4xx_ll_usb.o
                0x0800510c                USB_SetDevSpeed
 .text.USB_GetDevSpeed
                0x0800513e       0x4a ./Drivers/STM32F4xx_HAL_Driver/Src/stm32f4xx_ll_usb.o
                0x0800513e                USB_GetDevSpeed
 .text.USB_ActivateEndpoint
                0x08005188      0x10e ./Drivers/STM32F4xx_HAL_Driver/Src/stm32f4xx_ll_usb.o
                0x08005188                USB_ActivateEndpoint
 *fill*         0x08005296        0x2 
 .text.USB_DeactivateEndpoint
                0x08005298      0x1b8 ./Drivers/STM32F4xx_HAL_Driver/Src/stm32f4xx_ll_usb.o
                0x08005298                USB_DeactivateEndpoint
 .text.USB_EPStartXfer
                0x08005450      0x53c ./Drivers/STM32F4xx_HAL_Driver/Src/stm32f4xx_ll_usb.o
                0x08005450                USB_EPStartXfer
 .text.USB_EPStopXfer
                0x0800598c      0x154 ./Drivers/STM32F4xx_HAL_Driver/Src/stm32f4xx_ll_usb.o
                0x0800598c                USB_EPStopXfer
 .text.USB_WritePacket
                0x08005ae0       0x7c ./Drivers/STM32F4xx_HAL_Driver/Src/stm32f4xx_ll_usb.o
                0x08005ae0                USB_WritePacket
 .text.USB_ReadPacket
                0x08005b5c       0xb0 ./Drivers/STM32F4xx_HAL_Driver/Src/stm32f4xx_ll_usb.o
                0x08005b5c                USB_ReadPacket
 .text.USB_EPSetStall
                0x08005c0c       0xdc ./Drivers/STM32F4xx_HAL_Driver/Src/stm32f4xx_ll_usb.o
                0x08005c0c                USB_EPSetStall
 .text.USB_EPClearStall
                0x08005ce8       0xcc ./Drivers/STM32F4xx_HAL_Driver/Src/stm32f4xx_ll_usb.o
                0x08005ce8                USB_EPClearStall
 .text.USB_SetDevAddress
                0x08005db4       0x4c ./Drivers/STM32F4xx_HAL_Driver/Src/stm32f4xx_ll_usb.o
                0x08005db4                USB_SetDevAddress
 .text.USB_DevConnect
                0x08005e00       0x42 ./Drivers/STM32F4xx_HAL_Driver/Src/stm32f4xx_ll_usb.o
                0x08005e00                USB_DevConnect
 .text.USB_DevDisconnect
                0x08005e42       0x42 ./Drivers/STM32F4xx_HAL_Driver/Src/stm32f4xx_ll_usb.o
                0x08005e42                USB_DevDisconnect
 .text.USB_ReadInterrupts
                0x08005e84       0x26 ./Drivers/STM32F4xx_HAL_Driver/Src/stm32f4xx_ll_usb.o
                0x08005e84                USB_ReadInterrupts
 .text.USB_ReadDevAllOutEpInterrupt
                0x08005eaa       0x34 ./Drivers/STM32F4xx_HAL_Driver/Src/stm32f4xx_ll_usb.o
                0x08005eaa                USB_ReadDevAllOutEpInterrupt
 .text.USB_ReadDevAllInEpInterrupt
                0x08005ede       0x34 ./Drivers/STM32F4xx_HAL_Driver/Src/stm32f4xx_ll_usb.o
                0x08005ede                USB_ReadDevAllInEpInterrupt
 .text.USB_ReadDevOutEPInterrupt
                0x08005f12       0x3c ./Drivers/STM32F4xx_HAL_Driver/Src/stm32f4xx_ll_usb.o
                0x08005f12                USB_ReadDevOutEPInterrupt
 .text.USB_ReadDevInEPInterrupt
                0x08005f4e       0x5c ./Drivers/STM32F4xx_HAL_Driver/Src/stm32f4xx_ll_usb.o
                0x08005f4e                USB_ReadDevInEPInterrupt
 .text.USB_GetMode
                0x08005faa       0x1c ./Drivers/STM32F4xx_HAL_Driver/Src/stm32f4xx_ll_usb.o
                0x08005faa                USB_GetMode
 .text.USB_ActivateSetup
                0x08005fc6       0x46 ./Drivers/STM32F4xx_HAL_Driver/Src/stm32f4xx_ll_usb.o
                0x08005fc6                USB_ActivateSetup
 .text.USB_EP0_OutStart
                0x0800600c       0xbc ./Drivers/STM32F4xx_HAL_Driver/Src/stm32f4xx_ll_usb.o
                0x0800600c                USB_EP0_OutStart
 .text.USB_CoreReset
                0x080060c8       0x62 ./Drivers/STM32F4xx_HAL_Driver/Src/stm32f4xx_ll_usb.o
 *fill*         0x0800612a        0x2 
 .text.USBD_CUSTOM_HID_Init
                0x0800612c      0x154 ./Middlewares2/ST/STM32_USB_Device_Library/Class/CustomHID/Src/usbd_customhid.o
 .text.USBD_CUSTOM_HID_DeInit
                0x08006280       0xf4 ./Middlewares2/ST/STM32_USB_Device_Library/Class/CustomHID/Src/usbd_customhid.o
 .text.USBD_CUSTOM_HID_Setup
                0x08006374      0x2c0 ./Middlewares2/ST/STM32_USB_Device_Library/Class/CustomHID/Src/usbd_customhid.o
 .text.USBD_CUSTOM_HID_GetFSCfgDesc
                0x08006634       0x64 ./Middlewares2/ST/STM32_USB_Device_Library/Class/CustomHID/Src/usbd_customhid.o
 .text.USBD_CUSTOM_HID_GetHSCfgDesc
                0x08006698       0x64 ./Middlewares2/ST/STM32_USB_Device_Library/Class/CustomHID/Src/usbd_customhid.o
 .text.USBD_CUSTOM_HID_GetOtherSpeedCfgDesc
                0x080066fc       0x64 ./Middlewares2/ST/STM32_USB_Device_Library/Class/CustomHID/Src/usbd_customhid.o
 .text.USBD_CUSTOM_HID_DataIn
                0x08006760       0x2c ./Middlewares2/ST/STM32_USB_Device_Library/Class/CustomHID/Src/usbd_customhid.o
 .text.USBD_CUSTOM_HID_DataOut
                0x0800678c       0x66 ./Middlewares2/ST/STM32_USB_Device_Library/Class/CustomHID/Src/usbd_customhid.o
 .text.USBD_CUSTOM_HID_EP0_RxReady
                0x080067f2       0x58 ./Middlewares2/ST/STM32_USB_Device_Library/Class/CustomHID/Src/usbd_customhid.o
 *fill*         0x0800684a        0x2 
 .text.USBD_CUSTOM_HID_GetDeviceQualifierDesc
                0x0800684c       0x20 ./Middlewares2/ST/STM32_USB_Device_Library/Class/CustomHID/Src/usbd_customhid.o
 .text.USBD_CUSTOM_HID_RegisterInterface
                0x0800686c       0x34 ./Middlewares2/ST/STM32_USB_Device_Library/Class/CustomHID/Src/usbd_customhid.o
                0x0800686c                USBD_CUSTOM_HID_RegisterInterface
 .text.USBD_Init
                0x080068a0       0x60 ./Middlewares2/ST/STM32_USB_Device_Library/Core/Src/usbd_core.o
                0x080068a0                USBD_Init
 .text.USBD_RegisterClass
                0x08006900       0x6c ./Middlewares2/ST/STM32_USB_Device_Library/Core/Src/usbd_core.o
                0x08006900                USBD_RegisterClass
 .text.USBD_Start
                0x0800696c       0x18 ./Middlewares2/ST/STM32_USB_Device_Library/Core/Src/usbd_core.o
                0x0800696c                USBD_Start
 .text.USBD_RunTestMode
                0x08006984       0x16 ./Middlewares2/ST/STM32_USB_Device_Library/Core/Src/usbd_core.o
                0x08006984                USBD_RunTestMode
 .text.USBD_SetClassConfig
                0x0800699a       0x38 ./Middlewares2/ST/STM32_USB_Device_Library/Core/Src/usbd_core.o
                0x0800699a                USBD_SetClassConfig
 .text.USBD_ClrClassConfig
                0x080069d2       0x34 ./Middlewares2/ST/STM32_USB_Device_Library/Core/Src/usbd_core.o
                0x080069d2                USBD_ClrClassConfig
 .text.USBD_LL_SetupStage
                0x08006a06       0xaa ./Middlewares2/ST/STM32_USB_Device_Library/Core/Src/usbd_core.o
                0x08006a06                USBD_LL_SetupStage
 .text.USBD_LL_DataOutStage
                0x08006ab0      0x166 ./Middlewares2/ST/STM32_USB_Device_Library/Core/Src/usbd_core.o
                0x08006ab0                USBD_LL_DataOutStage
 .text.USBD_LL_DataInStage
                0x08006c16      0x164 ./Middlewares2/ST/STM32_USB_Device_Library/Core/Src/usbd_core.o
                0x08006c16                USBD_LL_DataInStage
 .text.USBD_LL_Reset
                0x08006d7a       0xa4 ./Middlewares2/ST/STM32_USB_Device_Library/Core/Src/usbd_core.o
                0x08006d7a                USBD_LL_Reset
 .text.USBD_LL_SetSpeed
                0x08006e1e       0x20 ./Middlewares2/ST/STM32_USB_Device_Library/Core/Src/usbd_core.o
                0x08006e1e                USBD_LL_SetSpeed
 .text.USBD_LL_Suspend
                0x08006e3e       0x38 ./Middlewares2/ST/STM32_USB_Device_Library/Core/Src/usbd_core.o
                0x08006e3e                USBD_LL_Suspend
 .text.USBD_LL_Resume
                0x08006e76       0x30 ./Middlewares2/ST/STM32_USB_Device_Library/Core/Src/usbd_core.o
                0x08006e76                USBD_LL_Resume
 .text.USBD_LL_SOF
                0x08006ea6       0x40 ./Middlewares2/ST/STM32_USB_Device_Library/Core/Src/usbd_core.o
                0x08006ea6                USBD_LL_SOF
 .text.USBD_LL_IsoINIncomplete
                0x08006ee6       0x64 ./Middlewares2/ST/STM32_USB_Device_Library/Core/Src/usbd_core.o
                0x08006ee6                USBD_LL_IsoINIncomplete
 .text.USBD_LL_IsoOUTIncomplete
                0x08006f4a       0x64 ./Middlewares2/ST/STM32_USB_Device_Library/Core/Src/usbd_core.o
                0x08006f4a                USBD_LL_IsoOUTIncomplete
 .text.USBD_LL_DevConnected
                0x08006fae       0x16 ./Middlewares2/ST/STM32_USB_Device_Library/Core/Src/usbd_core.o
                0x08006fae                USBD_LL_DevConnected
 .text.USBD_LL_DevDisconnected
                0x08006fc4       0x46 ./Middlewares2/ST/STM32_USB_Device_Library/Core/Src/usbd_core.o
                0x08006fc4                USBD_LL_DevDisconnected
 .text.USBD_CoreFindIF
                0x0800700a       0x1a ./Middlewares2/ST/STM32_USB_Device_Library/Core/Src/usbd_core.o
                0x0800700a                USBD_CoreFindIF
 .text.USBD_CoreFindEP
                0x08007024       0x1a ./Middlewares2/ST/STM32_USB_Device_Library/Core/Src/usbd_core.o
                0x08007024                USBD_CoreFindEP
 .text.USBD_GetEpDesc
                0x0800703e       0x70 ./Middlewares2/ST/STM32_USB_Device_Library/Core/Src/usbd_core.o
                0x0800703e                USBD_GetEpDesc
 .text.USBD_GetNextDesc
                0x080070ae       0x38 ./Middlewares2/ST/STM32_USB_Device_Library/Core/Src/usbd_core.o
                0x080070ae                USBD_GetNextDesc
 .text.SWAPBYTE
                0x080070e6       0x3c ./Middlewares2/ST/STM32_USB_Device_Library/Core/Src/usbd_ctlreq.o
 *fill*         0x08007122        0x2 
 .text.USBD_StdDevReq
                0x08007124       0xe4 ./Middlewares2/ST/STM32_USB_Device_Library/Core/Src/usbd_ctlreq.o
                0x08007124                USBD_StdDevReq
 .text.USBD_StdItfReq
                0x08007208       0xd8 ./Middlewares2/ST/STM32_USB_Device_Library/Core/Src/usbd_ctlreq.o
                0x08007208                USBD_StdItfReq
 .text.USBD_StdEPReq
                0x080072e0      0x33a ./Middlewares2/ST/STM32_USB_Device_Library/Core/Src/usbd_ctlreq.o
                0x080072e0                USBD_StdEPReq
 *fill*         0x0800761a        0x2 
 .text.USBD_GetDescriptor
                0x0800761c      0x2d4 ./Middlewares2/ST/STM32_USB_Device_Library/Core/Src/usbd_ctlreq.o
 .text.USBD_SetAddress
                0x080078f0       0x88 ./Middlewares2/ST/STM32_USB_Device_Library/Core/Src/usbd_ctlreq.o
 .text.USBD_SetConfig
                0x08007978      0x154 ./Middlewares2/ST/STM32_USB_Device_Library/Core/Src/usbd_ctlreq.o
 .text.USBD_GetConfig
                0x08007acc       0x6c ./Middlewares2/ST/STM32_USB_Device_Library/Core/Src/usbd_ctlreq.o
 .text.USBD_GetStatus
                0x08007b38       0x68 ./Middlewares2/ST/STM32_USB_Device_Library/Core/Src/usbd_ctlreq.o
 .text.USBD_SetFeature
                0x08007ba0       0x52 ./Middlewares2/ST/STM32_USB_Device_Library/Core/Src/usbd_ctlreq.o
 .text.USBD_ClrFeature
                0x08007bf2       0x44 ./Middlewares2/ST/STM32_USB_Device_Library/Core/Src/usbd_ctlreq.o
 .text.USBD_ParseSetupRequest
                0x08007c36       0x74 ./Middlewares2/ST/STM32_USB_Device_Library/Core/Src/usbd_ctlreq.o
                0x08007c36                USBD_ParseSetupRequest
 .text.USBD_CtlError
                0x08007caa       0x22 ./Middlewares2/ST/STM32_USB_Device_Library/Core/Src/usbd_ctlreq.o
                0x08007caa                USBD_CtlError
 .text.USBD_GetString
                0x08007ccc       0xa4 ./Middlewares2/ST/STM32_USB_Device_Library/Core/Src/usbd_ctlreq.o
                0x08007ccc                USBD_GetString
 .text.USBD_GetLen
                0x08007d70       0x34 ./Middlewares2/ST/STM32_USB_Device_Library/Core/Src/usbd_ctlreq.o
 .text.USBD_CtlSendData
                0x08007da4       0x36 ./Middlewares2/ST/STM32_USB_Device_Library/Core/Src/usbd_ioreq.o
                0x08007da4                USBD_CtlSendData
 .text.USBD_CtlContinueSendData
                0x08007dda       0x22 ./Middlewares2/ST/STM32_USB_Device_Library/Core/Src/usbd_ioreq.o
                0x08007dda                USBD_CtlContinueSendData
 .text.USBD_CtlPrepareRx
                0x08007dfc       0x3a ./Middlewares2/ST/STM32_USB_Device_Library/Core/Src/usbd_ioreq.o
                0x08007dfc                USBD_CtlPrepareRx
 .text.USBD_CtlContinueRx
                0x08007e36       0x22 ./Middlewares2/ST/STM32_USB_Device_Library/Core/Src/usbd_ioreq.o
                0x08007e36                USBD_CtlContinueRx
 .text.USBD_CtlSendStatus
                0x08007e58       0x26 ./Middlewares2/ST/STM32_USB_Device_Library/Core/Src/usbd_ioreq.o
                0x08007e58                USBD_CtlSendStatus
 .text.USBD_CtlReceiveStatus
                0x08007e7e       0x26 ./Middlewares2/ST/STM32_USB_Device_Library/Core/Src/usbd_ioreq.o
                0x08007e7e                USBD_CtlReceiveStatus
 .text.MX_USB_DEVICE_Init
                0x08007ea4       0x60 ./USB_DEVICE/App/usb_device.o
                0x08007ea4                MX_USB_DEVICE_Init
 .text.CUSTOM_HID_Init_FS
                0x08007f04       0x10 ./USB_DEVICE/App/usbd_custom_hid_if.o
 .text.CUSTOM_HID_DeInit_FS
                0x08007f14       0x14 ./USB_DEVICE/App/usbd_custom_hid_if.o
 .text.CUSTOM_HID_OutEvent_FS
                0x08007f28       0xcc ./USB_DEVICE/App/usbd_custom_hid_if.o
 .text.CUSTOM_HID_GetReport
                0x08007ff4       0xbc ./USB_DEVICE/App/usbd_custom_hid_if.o
 .text.USBD_FS_DeviceDescriptor
                0x080080b0       0x24 ./USB_DEVICE/App/usbd_desc.o
                0x080080b0                USBD_FS_DeviceDescriptor
 .text.USBD_FS_LangIDStrDescriptor
                0x080080d4       0x24 ./USB_DEVICE/App/usbd_desc.o
                0x080080d4                USBD_FS_LangIDStrDescriptor
 .text.USBD_FS_ProductStrDescriptor
                0x080080f8       0x3c ./USB_DEVICE/App/usbd_desc.o
                0x080080f8                USBD_FS_ProductStrDescriptor
 .text.USBD_FS_ManufacturerStrDescriptor
                0x08008134       0x28 ./USB_DEVICE/App/usbd_desc.o
                0x08008134                USBD_FS_ManufacturerStrDescriptor
 .text.USBD_FS_SerialStrDescriptor
                0x0800815c       0x24 ./USB_DEVICE/App/usbd_desc.o
                0x0800815c                USBD_FS_SerialStrDescriptor
 .text.USBD_FS_ConfigStrDescriptor
                0x08008180       0x3c ./USB_DEVICE/App/usbd_desc.o
                0x08008180                USBD_FS_ConfigStrDescriptor
 .text.USBD_FS_InterfaceStrDescriptor
                0x080081bc       0x3c ./USB_DEVICE/App/usbd_desc.o
                0x080081bc                USBD_FS_InterfaceStrDescriptor
 .text.Get_SerialNum
                0x080081f8       0x58 ./USB_DEVICE/App/usbd_desc.o
 .text.IntToUnicode
                0x08008250       0x7e ./USB_DEVICE/App/usbd_desc.o
 .text.HAL_PCD_SetupStageCallback
                0x080082ce       0x24 ./USB_DEVICE/Target/usbd_conf.o
                0x080082ce                HAL_PCD_SetupStageCallback
 .text.HAL_PCD_DataOutStageCallback
                0x080082f2       0x36 ./USB_DEVICE/Target/usbd_conf.o
                0x080082f2                HAL_PCD_DataOutStageCallback
 .text.HAL_PCD_DataInStageCallback
                0x08008328       0x34 ./USB_DEVICE/Target/usbd_conf.o
                0x08008328                HAL_PCD_DataInStageCallback
 .text.HAL_PCD_SOFCallback
                0x0800835c       0x1c ./USB_DEVICE/Target/usbd_conf.o
                0x0800835c                HAL_PCD_SOFCallback
 .text.HAL_PCD_ResetCallback
                0x08008378       0x50 ./USB_DEVICE/Target/usbd_conf.o
                0x08008378                HAL_PCD_ResetCallback
 .text.HAL_PCD_SuspendCallback
                0x080083c8       0x4c ./USB_DEVICE/Target/usbd_conf.o
                0x080083c8                HAL_PCD_SuspendCallback
 .text.HAL_PCD_ResumeCallback
                0x08008414       0x1c ./USB_DEVICE/Target/usbd_conf.o
                0x08008414                HAL_PCD_ResumeCallback
 .text.HAL_PCD_ISOOUTIncompleteCallback
                0x08008430       0x24 ./USB_DEVICE/Target/usbd_conf.o
                0x08008430                HAL_PCD_ISOOUTIncompleteCallback
 .text.HAL_PCD_ISOINIncompleteCallback
                0x08008454       0x24 ./USB_DEVICE/Target/usbd_conf.o
                0x08008454                HAL_PCD_ISOINIncompleteCallback
 .text.HAL_PCD_ConnectCallback
                0x08008478       0x1c ./USB_DEVICE/Target/usbd_conf.o
                0x08008478                HAL_PCD_ConnectCallback
 .text.HAL_PCD_DisconnectCallback
                0x08008494       0x1c ./USB_DEVICE/Target/usbd_conf.o
                0x08008494                HAL_PCD_DisconnectCallback
 .text.USBD_LL_Init
                0x080084b0       0x98 ./USB_DEVICE/Target/usbd_conf.o
                0x080084b0                USBD_LL_Init
 .text.USBD_LL_Start
                0x08008548       0x36 ./USB_DEVICE/Target/usbd_conf.o
                0x08008548                USBD_LL_Start
 .text.USBD_LL_OpenEP
                0x0800857e       0x4c ./USB_DEVICE/Target/usbd_conf.o
                0x0800857e                USBD_LL_OpenEP
 .text.USBD_LL_CloseEP
                0x080085ca       0x3e ./USB_DEVICE/Target/usbd_conf.o
                0x080085ca                USBD_LL_CloseEP
 .text.USBD_LL_StallEP
                0x08008608       0x3e ./USB_DEVICE/Target/usbd_conf.o
                0x08008608                USBD_LL_StallEP
 .text.USBD_LL_ClearStallEP
                0x08008646       0x3e ./USB_DEVICE/Target/usbd_conf.o
                0x08008646                USBD_LL_ClearStallEP
 .text.USBD_LL_IsStallEP
                0x08008684       0x58 ./USB_DEVICE/Target/usbd_conf.o
                0x08008684                USBD_LL_IsStallEP
 .text.USBD_LL_SetUSBAddress
                0x080086dc       0x3e ./USB_DEVICE/Target/usbd_conf.o
                0x080086dc                USBD_LL_SetUSBAddress
 .text.USBD_LL_Transmit
                0x0800871a       0x42 ./USB_DEVICE/Target/usbd_conf.o
                0x0800871a                USBD_LL_Transmit
 .text.USBD_LL_PrepareReceive
                0x0800875c       0x42 ./USB_DEVICE/Target/usbd_conf.o
                0x0800875c                USBD_LL_PrepareReceive
 *fill*         0x0800879e        0x2 
 .text.USBD_static_malloc
                0x080087a0       0x1c ./USB_DEVICE/Target/usbd_conf.o
                0x080087a0                USBD_static_malloc
 .text.USBD_static_free
                0x080087bc       0x14 ./USB_DEVICE/Target/usbd_conf.o
                0x080087bc                USBD_static_free
 .text.USBD_Get_USB_Status
                0x080087d0       0x58 ./USB_DEVICE/Target/usbd_conf.o
                0x080087d0                USBD_Get_USB_Status
 .text._vsnprintf_r
                0x08008828       0x56 C:/ST/STM32CubeIDE_1.17.0/STM32CubeIDE/plugins/com.st.stm32cube.ide.mcu.externaltools.gnu-tools-for-stm32.12.3.rel1.win32_1.1.0.202410251130/tools/bin/../lib/gcc/arm-none-eabi/12.3.1/../../../../arm-none-eabi/lib/thumb/v7e-m+fp/hard\libc_nano.a(libc_a-vsnprintf.o)
                0x08008828                _vsniprintf_r
                0x08008828                _vsnprintf_r
 *fill*         0x0800887e        0x2 
 .text.vsnprintf
                0x08008880       0x1c C:/ST/STM32CubeIDE_1.17.0/STM32CubeIDE/plugins/com.st.stm32cube.ide.mcu.externaltools.gnu-tools-for-stm32.12.3.rel1.win32_1.1.0.202410251130/tools/bin/../lib/gcc/arm-none-eabi/12.3.1/../../../../arm-none-eabi/lib/thumb/v7e-m+fp/hard\libc_nano.a(libc_a-vsnprintf.o)
                0x08008880                vsniprintf
                0x08008880                vsnprintf
 .text.memset   0x0800889c       0x10 C:/ST/STM32CubeIDE_1.17.0/STM32CubeIDE/plugins/com.st.stm32cube.ide.mcu.externaltools.gnu-tools-for-stm32.12.3.rel1.win32_1.1.0.202410251130/tools/bin/../lib/gcc/arm-none-eabi/12.3.1/../../../../arm-none-eabi/lib/thumb/v7e-m+fp/hard\libc_nano.a(libc_a-memset.o)
                0x0800889c                memset
 .text.strsep   0x080088ac        0xa C:/ST/STM32CubeIDE_1.17.0/STM32CubeIDE/plugins/com.st.stm32cube.ide.mcu.externaltools.gnu-tools-for-stm32.12.3.rel1.win32_1.1.0.202410251130/tools/bin/../lib/gcc/arm-none-eabi/12.3.1/../../../../arm-none-eabi/lib/thumb/v7e-m+fp/hard\libc_nano.a(libc_a-strsep.o)
                0x080088ac                strsep
 .text.__strtok_r
                0x080088b6       0x50 C:/ST/STM32CubeIDE_1.17.0/STM32CubeIDE/plugins/com.st.stm32cube.ide.mcu.externaltools.gnu-tools-for-stm32.12.3.rel1.win32_1.1.0.202410251130/tools/bin/../lib/gcc/arm-none-eabi/12.3.1/../../../../arm-none-eabi/lib/thumb/v7e-m+fp/hard\libc_nano.a(libc_a-strtok_r.o)
                0x080088b6                __strtok_r
 *fill*         0x08008906        0x2 
 .text.__errno  0x08008908        0xc C:/ST/STM32CubeIDE_1.17.0/STM32CubeIDE/plugins/com.st.stm32cube.ide.mcu.externaltools.gnu-tools-for-stm32.12.3.rel1.win32_1.1.0.202410251130/tools/bin/../lib/gcc/arm-none-eabi/12.3.1/../../../../arm-none-eabi/lib/thumb/v7e-m+fp/hard\libc_nano.a(libc_a-errno.o)
                0x08008908                __errno
 .text.__libc_init_array
                0x08008914       0x48 C:/ST/STM32CubeIDE_1.17.0/STM32CubeIDE/plugins/com.st.stm32cube.ide.mcu.externaltools.gnu-tools-for-stm32.12.3.rel1.win32_1.1.0.202410251130/tools/bin/../lib/gcc/arm-none-eabi/12.3.1/../../../../arm-none-eabi/lib/thumb/v7e-m+fp/hard\libc_nano.a(libc_a-init.o)
                0x08008914                __libc_init_array
 .text.__retarget_lock_acquire_recursive
                0x0800895c        0x2 C:/ST/STM32CubeIDE_1.17.0/STM32CubeIDE/plugins/com.st.stm32cube.ide.mcu.externaltools.gnu-tools-for-stm32.12.3.rel1.win32_1.1.0.202410251130/tools/bin/../lib/gcc/arm-none-eabi/12.3.1/../../../../arm-none-eabi/lib/thumb/v7e-m+fp/hard\libc_nano.a(libc_a-lock.o)
                0x0800895c                __retarget_lock_acquire_recursive
 .text.__retarget_lock_release_recursive
                0x0800895e        0x2 C:/ST/STM32CubeIDE_1.17.0/STM32CubeIDE/plugins/com.st.stm32cube.ide.mcu.externaltools.gnu-tools-for-stm32.12.3.rel1.win32_1.1.0.202410251130/tools/bin/../lib/gcc/arm-none-eabi/12.3.1/../../../../arm-none-eabi/lib/thumb/v7e-m+fp/hard\libc_nano.a(libc_a-lock.o)
                0x0800895e                __retarget_lock_release_recursive
 .text._free_r  0x08008960       0x94 C:/ST/STM32CubeIDE_1.17.0/STM32CubeIDE/plugins/com.st.stm32cube.ide.mcu.externaltools.gnu-tools-for-stm32.12.3.rel1.win32_1.1.0.202410251130/tools/bin/../lib/gcc/arm-none-eabi/12.3.1/../../../../arm-none-eabi/lib/thumb/v7e-m+fp/hard\libc_nano.a(libc_a-freer.o)
                0x08008960                _free_r
 .text.sbrk_aligned
                0x080089f4       0x44 C:/ST/STM32CubeIDE_1.17.0/STM32CubeIDE/plugins/com.st.stm32cube.ide.mcu.externaltools.gnu-tools-for-stm32.12.3.rel1.win32_1.1.0.202410251130/tools/bin/../lib/gcc/arm-none-eabi/12.3.1/../../../../arm-none-eabi/lib/thumb/v7e-m+fp/hard\libc_nano.a(libc_a-mallocr.o)
 .text._malloc_r
                0x08008a38      0x100 C:/ST/STM32CubeIDE_1.17.0/STM32CubeIDE/plugins/com.st.stm32cube.ide.mcu.externaltools.gnu-tools-for-stm32.12.3.rel1.win32_1.1.0.202410251130/tools/bin/../lib/gcc/arm-none-eabi/12.3.1/../../../../arm-none-eabi/lib/thumb/v7e-m+fp/hard\libc_nano.a(libc_a-mallocr.o)
                0x08008a38                _malloc_r
 .text.__malloc_lock
                0x08008b38        0xc C:/ST/STM32CubeIDE_1.17.0/STM32CubeIDE/plugins/com.st.stm32cube.ide.mcu.externaltools.gnu-tools-for-stm32.12.3.rel1.win32_1.1.0.202410251130/tools/bin/../lib/gcc/arm-none-eabi/12.3.1/../../../../arm-none-eabi/lib/thumb/v7e-m+fp/hard\libc_nano.a(libc_a-mlock.o)
                0x08008b38                __malloc_lock
 .text.__malloc_unlock
                0x08008b44        0xc C:/ST/STM32CubeIDE_1.17.0/STM32CubeIDE/plugins/com.st.stm32cube.ide.mcu.externaltools.gnu-tools-for-stm32.12.3.rel1.win32_1.1.0.202410251130/tools/bin/../lib/gcc/arm-none-eabi/12.3.1/../../../../arm-none-eabi/lib/thumb/v7e-m+fp/hard\libc_nano.a(libc_a-mlock.o)
                0x08008b44                __malloc_unlock
 .text.__ssputs_r
                0x08008b50       0xb6 C:/ST/STM32CubeIDE_1.17.0/STM32CubeIDE/plugins/com.st.stm32cube.ide.mcu.externaltools.gnu-tools-for-stm32.12.3.rel1.win32_1.1.0.202410251130/tools/bin/../lib/gcc/arm-none-eabi/12.3.1/../../../../arm-none-eabi/lib/thumb/v7e-m+fp/hard\libc_nano.a(libc_a-nano-svfprintf.o)
                0x08008b50                __ssputs_r
 *fill*         0x08008c06        0x2 
 .text._svfprintf_r
                0x08008c08      0x1f8 C:/ST/STM32CubeIDE_1.17.0/STM32CubeIDE/plugins/com.st.stm32cube.ide.mcu.externaltools.gnu-tools-for-stm32.12.3.rel1.win32_1.1.0.202410251130/tools/bin/../lib/gcc/arm-none-eabi/12.3.1/../../../../arm-none-eabi/lib/thumb/v7e-m+fp/hard\libc_nano.a(libc_a-nano-svfprintf.o)
                0x08008c08                _svfiprintf_r
                0x08008c08                _svfprintf_r
 .text._printf_common
                0x08008e00       0xda C:/ST/STM32CubeIDE_1.17.0/STM32CubeIDE/plugins/com.st.stm32cube.ide.mcu.externaltools.gnu-tools-for-stm32.12.3.rel1.win32_1.1.0.202410251130/tools/bin/../lib/gcc/arm-none-eabi/12.3.1/../../../../arm-none-eabi/lib/thumb/v7e-m+fp/hard\libc_nano.a(libc_a-nano-vfprintf_i.o)
                0x08008e00                _printf_common
 *fill*         0x08008eda        0x2 
 .text._printf_i
                0x08008edc      0x240 C:/ST/STM32CubeIDE_1.17.0/STM32CubeIDE/plugins/com.st.stm32cube.ide.mcu.externaltools.gnu-tools-for-stm32.12.3.rel1.win32_1.1.0.202410251130/tools/bin/../lib/gcc/arm-none-eabi/12.3.1/../../../../arm-none-eabi/lib/thumb/v7e-m+fp/hard\libc_nano.a(libc_a-nano-vfprintf_i.o)
                0x08008edc                _printf_i
 .text.memmove  0x0800911c       0x34 C:/ST/STM32CubeIDE_1.17.0/STM32CubeIDE/plugins/com.st.stm32cube.ide.mcu.externaltools.gnu-tools-for-stm32.12.3.rel1.win32_1.1.0.202410251130/tools/bin/../lib/gcc/arm-none-eabi/12.3.1/../../../../arm-none-eabi/lib/thumb/v7e-m+fp/hard\libc_nano.a(libc_a-memmove.o)
                0x0800911c                memmove
 .text._sbrk_r  0x08009150       0x20 C:/ST/STM32CubeIDE_1.17.0/STM32CubeIDE/plugins/com.st.stm32cube.ide.mcu.externaltools.gnu-tools-for-stm32.12.3.rel1.win32_1.1.0.202410251130/tools/bin/../lib/gcc/arm-none-eabi/12.3.1/../../../../arm-none-eabi/lib/thumb/v7e-m+fp/hard\libc_nano.a(libc_a-sbrkr.o)
                0x08009150                _sbrk_r
 .text.memcpy   0x08009170       0x1c C:/ST/STM32CubeIDE_1.17.0/STM32CubeIDE/plugins/com.st.stm32cube.ide.mcu.externaltools.gnu-tools-for-stm32.12.3.rel1.win32_1.1.0.202410251130/tools/bin/../lib/gcc/arm-none-eabi/12.3.1/../../../../arm-none-eabi/lib/thumb/v7e-m+fp/hard\libc_nano.a(libc_a-memcpy-stub.o)
                0x08009170                memcpy
 .text._realloc_r
                0x0800918c       0x5c C:/ST/STM32CubeIDE_1.17.0/STM32CubeIDE/plugins/com.st.stm32cube.ide.mcu.externaltools.gnu-tools-for-stm32.12.3.rel1.win32_1.1.0.202410251130/tools/bin/../lib/gcc/arm-none-eabi/12.3.1/../../../../arm-none-eabi/lib/thumb/v7e-m+fp/hard\libc_nano.a(libc_a-reallocr.o)
                0x0800918c                _realloc_r
 .text._malloc_usable_size_r
                0x080091e8       0x10 C:/ST/STM32CubeIDE_1.17.0/STM32CubeIDE/plugins/com.st.stm32cube.ide.mcu.externaltools.gnu-tools-for-stm32.12.3.rel1.win32_1.1.0.202410251130/tools/bin/../lib/gcc/arm-none-eabi/12.3.1/../../../../arm-none-eabi/lib/thumb/v7e-m+fp/hard\libc_nano.a(libc_a-msizer.o)
                0x080091e8                _malloc_usable_size_r
 *(.glue_7)
 .glue_7        0x080091f8        0x0 linker stubs
 *(.glue_7t)
 .glue_7t       0x080091f8        0x0 linker stubs
 *(.eh_frame)
 .eh_frame      0x080091f8        0x0 C:/ST/STM32CubeIDE_1.17.0/STM32CubeIDE/plugins/com.st.stm32cube.ide.mcu.externaltools.gnu-tools-for-stm32.12.3.rel1.win32_1.1.0.202410251130/tools/bin/../lib/gcc/arm-none-eabi/12.3.1/thumb/v7e-m+fp/hard/crtbegin.o
 *(.init)
 .init          0x080091f8        0x4 C:/ST/STM32CubeIDE_1.17.0/STM32CubeIDE/plugins/com.st.stm32cube.ide.mcu.externaltools.gnu-tools-for-stm32.12.3.rel1.win32_1.1.0.202410251130/tools/bin/../lib/gcc/arm-none-eabi/12.3.1/thumb/v7e-m+fp/hard/crti.o
                0x080091f8                _init
 .init          0x080091fc        0x8 C:/ST/STM32CubeIDE_1.17.0/STM32CubeIDE/plugins/com.st.stm32cube.ide.mcu.externaltools.gnu-tools-for-stm32.12.3.rel1.win32_1.1.0.202410251130/tools/bin/../lib/gcc/arm-none-eabi/12.3.1/thumb/v7e-m+fp/hard/crtn.o
 *(.fini)
 .fini          0x08009204        0x4 C:/ST/STM32CubeIDE_1.17.0/STM32CubeIDE/plugins/com.st.stm32cube.ide.mcu.externaltools.gnu-tools-for-stm32.12.3.rel1.win32_1.1.0.202410251130/tools/bin/../lib/gcc/arm-none-eabi/12.3.1/thumb/v7e-m+fp/hard/crti.o
                0x08009204                _fini
 .fini          0x08009208        0x8 C:/ST/STM32CubeIDE_1.17.0/STM32CubeIDE/plugins/com.st.stm32cube.ide.mcu.externaltools.gnu-tools-for-stm32.12.3.rel1.win32_1.1.0.202410251130/tools/bin/../lib/gcc/arm-none-eabi/12.3.1/thumb/v7e-m+fp/hard/crtn.o
                0x08009210                        . = ALIGN (0x4)
                0x08009210                        _etext = .

.vfp11_veneer   0x08009210        0x0
 .vfp11_veneer  0x08009210        0x0 linker stubs

.v4_bx          0x08009210        0x0
 .v4_bx         0x08009210        0x0 linker stubs

.iplt           0x08009210        0x0
 .iplt          0x08009210        0x0 C:/ST/STM32CubeIDE_1.17.0/STM32CubeIDE/plugins/com.st.stm32cube.ide.mcu.externaltools.gnu-tools-for-stm32.12.3.rel1.win32_1.1.0.202410251130/tools/bin/../lib/gcc/arm-none-eabi/12.3.1/thumb/v7e-m+fp/hard/crtbegin.o

.rodata         0x08009210      0x3a4
                0x08009210                        . = ALIGN (0x4)
 *(.rodata)
 .rodata        0x08009210       0x69 ./Core/Src/console.o
 *fill*         0x08009279        0x3 
 .rodata        0x0800927c       0x52 ./Core/Src/logger.o
 *fill*         0x080092ce        0x2 
 .rodata        0x080092d0      0x119 ./Core/Src/main.o
 *fill*         0x080093e9        0x3 
 .rodata        0x080093ec       0xde ./USB_DEVICE/App/usbd_custom_hid_if.o
 *fill*         0x080094ca        0x2 
 .rodata        0x080094cc       0x5d ./USB_DEVICE/App/usbd_desc.o
 *(.rodata*)
 *fill*         0x08009529        0x3 
 .rodata.commands
                0x0800952c       0x3c ./Core/Src/main.o
 .rodata.AHBPrescTable
                0x08009568       0x10 ./Core/Src/system_stm32f4xx.o
                0x08009568                AHBPrescTable
 .rodata.APBPrescTable
                0x08009578        0x8 ./Core/Src/system_stm32f4xx.o
                0x08009578                APBPrescTable
 .rodata._svfprintf_r.str1.1
                0x08009580       0x11 C:/ST/STM32CubeIDE_1.17.0/STM32CubeIDE/plugins/com.st.stm32cube.ide.mcu.externaltools.gnu-tools-for-stm32.12.3.rel1.win32_1.1.0.202410251130/tools/bin/../lib/gcc/arm-none-eabi/12.3.1/../../../../arm-none-eabi/lib/thumb/v7e-m+fp/hard\libc_nano.a(libc_a-nano-svfprintf.o)
 .rodata._printf_i.str1.1
                0x08009591       0x22 C:/ST/STM32CubeIDE_1.17.0/STM32CubeIDE/plugins/com.st.stm32cube.ide.mcu.externaltools.gnu-tools-for-stm32.12.3.rel1.win32_1.1.0.202410251130/tools/bin/../lib/gcc/arm-none-eabi/12.3.1/../../../../arm-none-eabi/lib/thumb/v7e-m+fp/hard\libc_nano.a(libc_a-nano-vfprintf_i.o)
                0x080095b4                        . = ALIGN (0x4)
 *fill*         0x080095b3        0x1 

.ARM.extab      0x080095b4        0x0
                0x080095b4                        . = ALIGN (0x4)
 *(.ARM.extab* .gnu.linkonce.armextab.*)
                0x080095b4                        . = ALIGN (0x4)

.ARM            0x080095b4        0x8
                0x080095b4                        . = ALIGN (0x4)
                0x080095b4                        __exidx_start = .
 *(.ARM.exidx*)
 .ARM.exidx     0x080095b4        0x8 C:/ST/STM32CubeIDE_1.17.0/STM32CubeIDE/plugins/com.st.stm32cube.ide.mcu.externaltools.gnu-tools-for-stm32.12.3.rel1.win32_1.1.0.202410251130/tools/bin/../lib/gcc/arm-none-eabi/12.3.1/../../../../arm-none-eabi/lib/thumb/v7e-m+fp/hard\libc_nano.a(libc_a-strcmp.o)
 .ARM.exidx     0x080095bc        0x0 C:/ST/STM32CubeIDE_1.17.0/STM32CubeIDE/plugins/com.st.stm32cube.ide.mcu.externaltools.gnu-tools-for-stm32.12.3.rel1.win32_1.1.0.202410251130/tools/bin/../lib/gcc/arm-none-eabi/12.3.1/../../../../arm-none-eabi/lib/thumb/v7e-m+fp/hard\libc_nano.a(libc_a-strlen.o)
                                  0x8 (size before relaxing)
 .ARM.exidx     0x080095bc        0x0 C:/ST/STM32CubeIDE_1.17.0/STM32CubeIDE/plugins/com.st.stm32cube.ide.mcu.externaltools.gnu-tools-for-stm32.12.3.rel1.win32_1.1.0.202410251130/tools/bin/../lib/gcc/arm-none-eabi/12.3.1/../../../../arm-none-eabi/lib/thumb/v7e-m+fp/hard\libc_nano.a(libc_a-memchr.o)
                                  0x8 (size before relaxing)
 .ARM.exidx     0x080095bc        0x0 C:/ST/STM32CubeIDE_1.17.0/STM32CubeIDE/plugins/com.st.stm32cube.ide.mcu.externaltools.gnu-tools-for-stm32.12.3.rel1.win32_1.1.0.202410251130/tools/bin/../lib/gcc/arm-none-eabi/12.3.1/thumb/v7e-m+fp/hard\libgcc.a(_udivmoddi4.o)
                                  0x8 (size before relaxing)
                0x080095bc                        __exidx_end = .
                0x080095bc                        . = ALIGN (0x4)

.preinit_array  0x080095bc        0x0
                0x080095bc                        . = ALIGN (0x4)
                0x080095bc                        PROVIDE (__preinit_array_start = .)
 *(.preinit_array*)
                0x080095bc                        PROVIDE (__preinit_array_end = .)
                0x080095bc                        . = ALIGN (0x4)

.init_array     0x080095bc        0x4
                0x080095bc                        . = ALIGN (0x4)
                0x080095bc                        PROVIDE (__init_array_start = .)
 *(SORT_BY_NAME(.init_array.*))
 *(.init_array*)
 .init_array    0x080095bc        0x4 C:/ST/STM32CubeIDE_1.17.0/STM32CubeIDE/plugins/com.st.stm32cube.ide.mcu.externaltools.gnu-tools-for-stm32.12.3.rel1.win32_1.1.0.202410251130/tools/bin/../lib/gcc/arm-none-eabi/12.3.1/thumb/v7e-m+fp/hard/crtbegin.o
                0x080095c0                        PROVIDE (__init_array_end = .)
                0x080095c0                        . = ALIGN (0x4)

.fini_array     0x080095c0        0x4
                0x080095c0                        . = ALIGN (0x4)
                [!provide]                        PROVIDE (__fini_array_start = .)
 *(SORT_BY_NAME(.fini_array.*))
 *(.fini_array*)
 .fini_array    0x080095c0        0x4 C:/ST/STM32CubeIDE_1.17.0/STM32CubeIDE/plugins/com.st.stm32cube.ide.mcu.externaltools.gnu-tools-for-stm32.12.3.rel1.win32_1.1.0.202410251130/tools/bin/../lib/gcc/arm-none-eabi/12.3.1/thumb/v7e-m+fp/hard/crtbegin.o
                [!provide]                        PROVIDE (__fini_array_end = .)
                0x080095c4                        . = ALIGN (0x4)
                0x080095c4                        _sidata = LOADADDR (.data)

.rel.dyn        0x080095c4        0x0
 .rel.iplt      0x080095c4        0x0 C:/ST/STM32CubeIDE_1.17.0/STM32CubeIDE/plugins/com.st.stm32cube.ide.mcu.externaltools.gnu-tools-for-stm32.12.3.rel1.win32_1.1.0.202410251130/tools/bin/../lib/gcc/arm-none-eabi/12.3.1/thumb/v7e-m+fp/hard/crtbegin.o

.data           0x20000000      0x684 load address 0x080095c4
                0x20000000                        . = ALIGN (0x4)
                0x20000000                        _sdata = .
 *(.data)
 *(.data*)
 .data.command_count
                0x20000000        0x4 ./Core/Src/main.o
                0x20000000                command_count
 .data.SystemCoreClock
                0x20000004        0x4 ./Core/Src/system_stm32f4xx.o
                0x20000004                SystemCoreClock
 .data.uwTickPrio
                0x20000008        0x4 ./Drivers/STM32F4xx_HAL_Driver/Src/stm32f4xx_hal.o
                0x20000008                uwTickPrio
 .data.uwTickFreq
                0x2000000c        0x1 ./Drivers/STM32F4xx_HAL_Driver/Src/stm32f4xx_hal.o
                0x2000000c                uwTickFreq
 *fill*         0x2000000d        0x3 
 .data.USBD_CUSTOM_HID
                0x20000010       0x38 ./Middlewares2/ST/STM32_USB_Device_Library/Class/CustomHID/Src/usbd_customhid.o
                0x20000010                USBD_CUSTOM_HID
 .data.USBD_CUSTOM_HID_CfgDesc
                0x20000048       0x29 ./Middlewares2/ST/STM32_USB_Device_Library/Class/CustomHID/Src/usbd_customhid.o
 *fill*         0x20000071        0x3 
 .data.USBD_CUSTOM_HID_Desc
                0x20000074        0x9 ./Middlewares2/ST/STM32_USB_Device_Library/Class/CustomHID/Src/usbd_customhid.o
 *fill*         0x2000007d        0x3 
 .data.USBD_CUSTOM_HID_DeviceQualifierDesc
                0x20000080        0xa ./Middlewares2/ST/STM32_USB_Device_Library/Class/CustomHID/Src/usbd_customhid.o
 .data.CUSTOMHIDInEpAdd
                0x2000008a        0x1 ./Middlewares2/ST/STM32_USB_Device_Library/Class/CustomHID/Src/usbd_customhid.o
 .data.CUSTOMHIDOutEpAdd
                0x2000008b        0x1 ./Middlewares2/ST/STM32_USB_Device_Library/Class/CustomHID/Src/usbd_customhid.o
 .data.CUSTOM_HID_ReportDesc_FS
                0x2000008c      0x544 ./USB_DEVICE/App/usbd_custom_hid_if.o
 .data.USBD_CustomHID_fops_FS
                0x200005d0       0x14 ./USB_DEVICE/App/usbd_custom_hid_if.o
                0x200005d0                USBD_CustomHID_fops_FS
 .data.FS_Desc  0x200005e4       0x1c ./USB_DEVICE/App/usbd_desc.o
                0x200005e4                FS_Desc
 .data.USBD_FS_DeviceDesc
                0x20000600       0x12 ./USB_DEVICE/App/usbd_desc.o
                0x20000600                USBD_FS_DeviceDesc
 *fill*         0x20000612        0x2 
 .data.USBD_LangIDDesc
                0x20000614        0x4 ./USB_DEVICE/App/usbd_desc.o
                0x20000614                USBD_LangIDDesc
 .data.USBD_StringSerial
                0x20000618       0x1a ./USB_DEVICE/App/usbd_desc.o
                0x20000618                USBD_StringSerial
 *fill*         0x20000632        0x2 
 .data._impure_ptr
                0x20000634        0x4 C:/ST/STM32CubeIDE_1.17.0/STM32CubeIDE/plugins/com.st.stm32cube.ide.mcu.externaltools.gnu-tools-for-stm32.12.3.rel1.win32_1.1.0.202410251130/tools/bin/../lib/gcc/arm-none-eabi/12.3.1/../../../../arm-none-eabi/lib/thumb/v7e-m+fp/hard\libc_nano.a(libc_a-impure.o)
                0x20000634                _impure_ptr
 .data._impure_data
                0x20000638       0x4c C:/ST/STM32CubeIDE_1.17.0/STM32CubeIDE/plugins/com.st.stm32cube.ide.mcu.externaltools.gnu-tools-for-stm32.12.3.rel1.win32_1.1.0.202410251130/tools/bin/../lib/gcc/arm-none-eabi/12.3.1/../../../../arm-none-eabi/lib/thumb/v7e-m+fp/hard\libc_nano.a(libc_a-impure.o)
                0x20000638                _impure_data
 *(.RamFunc)
 *(.RamFunc*)
                0x20000684                        . = ALIGN (0x4)
                0x20000684                        _edata = .

.igot.plt       0x20000684        0x0 load address 0x08009c48
 .igot.plt      0x20000684        0x0 C:/ST/STM32CubeIDE_1.17.0/STM32CubeIDE/plugins/com.st.stm32cube.ide.mcu.externaltools.gnu-tools-for-stm32.12.3.rel1.win32_1.1.0.202410251130/tools/bin/../lib/gcc/arm-none-eabi/12.3.1/thumb/v7e-m+fp/hard/crtbegin.o
                0x20000684                        . = ALIGN (0x4)

.bss            0x20000684     0x2080 load address 0x08009c48
                0x20000684                        _sbss = .
                0x20000684                        __bss_start__ = _sbss
 *(.bss)
 .bss           0x20000684       0x1c C:/ST/STM32CubeIDE_1.17.0/STM32CubeIDE/plugins/com.st.stm32cube.ide.mcu.externaltools.gnu-tools-for-stm32.12.3.rel1.win32_1.1.0.202410251130/tools/bin/../lib/gcc/arm-none-eabi/12.3.1/thumb/v7e-m+fp/hard/crtbegin.o
 *(.bss*)
 .bss.g_huart   0x200006a0        0x4 ./Core/Src/console.o
 .bss.input_storage
                0x200006a4      0x100 ./Core/Src/console.o
 .bss.output_storage
                0x200007a4      0x200 ./Core/Src/console.o
 .bss.input_rb  0x200009a4       0x14 ./Core/Src/console.o
 .bss.output_rb
                0x200009b8       0x14 ./Core/Src/console.o
 .bss.tx_in_progress
                0x200009cc        0x1 ./Core/Src/console.o
 *fill*         0x200009cd        0x3 
 .bss.line_buffer
                0x200009d0      0x100 ./Core/Src/console.o
 .bss.line_pos  0x20000ad0        0x4 ./Core/Src/console.o
 .bss.g_commands
                0x20000ad4        0x4 ./Core/Src/console.o
 .bss.g_command_count
                0x20000ad8        0x4 ./Core/Src/console.o
 .bss.rx_char   0x20000adc        0x1 ./Core/Src/console.o
 *fill*         0x20000add        0x3 
 .bss.tx_buffer.0
                0x20000ae0       0x40 ./Core/Src/console.o
 .bss.log_ring_buffer
                0x20000b20       0x14 ./Core/Src/logger.o
 .bss.log_buffer
                0x20000b34     0x1000 ./Core/Src/logger.o
 .bss.huart2    0x20001b34       0x48 ./Core/Src/main.o
                0x20001b34                huart2
 .bss.hpcd_USB_OTG_FS
                0x20001b7c      0x4e4 ./Core/Src/main.o
                0x20001b7c                hpcd_USB_OTG_FS
 .bss.__sbrk_heap_end
                0x20002060        0x4 ./Core/Src/sysmem.o
 .bss.uwTick    0x20002064        0x4 ./Drivers/STM32F4xx_HAL_Driver/Src/stm32f4xx_hal.o
                0x20002064                uwTick
 .bss.cfgidx.0  0x20002068        0x1 ./Middlewares2/ST/STM32_USB_Device_Library/Core/Src/usbd_ctlreq.o
 *fill*         0x20002069        0x3 
 .bss.hUsbDeviceFS
                0x2000206c      0x2dc ./USB_DEVICE/App/usb_device.o
                0x2000206c                hUsbDeviceFS
 .bss.device_control_report
                0x20002348        0x2 ./USB_DEVICE/App/usbd_custom_hid_if.o
                0x20002348                device_control_report
 *fill*         0x2000234a        0x2 
 .bss.create_new_effect_report
                0x2000234c        0x4 ./USB_DEVICE/App/usbd_custom_hid_if.o
                0x2000234c                create_new_effect_report
 .bss.block_load_report
                0x20002350        0x5 ./USB_DEVICE/App/usbd_custom_hid_if.o
                0x20002350                block_load_report
 *fill*         0x20002355        0x3 
 .bss.pool_report
                0x20002358        0x5 ./USB_DEVICE/App/usbd_custom_hid_if.o
                0x20002358                pool_report
 *fill*         0x2000235d        0x3 
 .bss.report.0  0x20002360       0x40 ./USB_DEVICE/App/usbd_custom_hid_if.o
 .bss.USBD_StrDesc
                0x200023a0      0x200 ./USB_DEVICE/App/usbd_desc.o
                0x200023a0                USBD_StrDesc
 .bss.mem.0     0x200025a0       0x1c ./USB_DEVICE/Target/usbd_conf.o
 .bss.__sf      0x200025bc      0x138 C:/ST/STM32CubeIDE_1.17.0/STM32CubeIDE/plugins/com.st.stm32cube.ide.mcu.externaltools.gnu-tools-for-stm32.12.3.rel1.win32_1.1.0.202410251130/tools/bin/../lib/gcc/arm-none-eabi/12.3.1/../../../../arm-none-eabi/lib/thumb/v7e-m+fp/hard\libc_nano.a(libc_a-findfp.o)
                0x200025bc                __sf
 .bss.errno     0x200026f4        0x4 C:/ST/STM32CubeIDE_1.17.0/STM32CubeIDE/plugins/com.st.stm32cube.ide.mcu.externaltools.gnu-tools-for-stm32.12.3.rel1.win32_1.1.0.202410251130/tools/bin/../lib/gcc/arm-none-eabi/12.3.1/../../../../arm-none-eabi/lib/thumb/v7e-m+fp/hard\libc_nano.a(libc_a-reent.o)
                0x200026f4                errno
 .bss.__lock___malloc_recursive_mutex
                0x200026f8        0x1 C:/ST/STM32CubeIDE_1.17.0/STM32CubeIDE/plugins/com.st.stm32cube.ide.mcu.externaltools.gnu-tools-for-stm32.12.3.rel1.win32_1.1.0.202410251130/tools/bin/../lib/gcc/arm-none-eabi/12.3.1/../../../../arm-none-eabi/lib/thumb/v7e-m+fp/hard\libc_nano.a(libc_a-lock.o)
                0x200026f8                __lock___malloc_recursive_mutex
 *fill*         0x200026f9        0x3 
 .bss.__malloc_sbrk_start
                0x200026fc        0x4 C:/ST/STM32CubeIDE_1.17.0/STM32CubeIDE/plugins/com.st.stm32cube.ide.mcu.externaltools.gnu-tools-for-stm32.12.3.rel1.win32_1.1.0.202410251130/tools/bin/../lib/gcc/arm-none-eabi/12.3.1/../../../../arm-none-eabi/lib/thumb/v7e-m+fp/hard\libc_nano.a(libc_a-mallocr.o)
                0x200026fc                __malloc_sbrk_start
 .bss.__malloc_free_list
                0x20002700        0x4 C:/ST/STM32CubeIDE_1.17.0/STM32CubeIDE/plugins/com.st.stm32cube.ide.mcu.externaltools.gnu-tools-for-stm32.12.3.rel1.win32_1.1.0.202410251130/tools/bin/../lib/gcc/arm-none-eabi/12.3.1/../../../../arm-none-eabi/lib/thumb/v7e-m+fp/hard\libc_nano.a(libc_a-mallocr.o)
                0x20002700                __malloc_free_list
 *(COMMON)
                0x20002704                        . = ALIGN (0x4)
                0x20002704                        _ebss = .
                0x20002704                        __bss_end__ = _ebss

._user_heap_stack
                0x20002704      0x604 load address 0x08009c48
                0x20002708                        . = ALIGN (0x8)
 *fill*         0x20002704        0x4 
                [!provide]                        PROVIDE (end = .)
                0x20002708                        PROVIDE (_end = .)
                0x20002908                        . = (. + _Min_Heap_Size)
 *fill*         0x20002708      0x200 
                0x20002d08                        . = (. + _Min_Stack_Size)
 *fill*         0x20002908      0x400 
                0x20002d08                        . = ALIGN (0x8)

/DISCARD/
 libc.a(*)
 libm.a(*)
 libgcc.a(*)

.ARM.attributes
                0x00000000       0x30
 *(.ARM.attributes)
 .ARM.attributes
                0x00000000       0x22 C:/ST/STM32CubeIDE_1.17.0/STM32CubeIDE/plugins/com.st.stm32cube.ide.mcu.externaltools.gnu-tools-for-stm32.12.3.rel1.win32_1.1.0.202410251130/tools/bin/../lib/gcc/arm-none-eabi/12.3.1/thumb/v7e-m+fp/hard/crti.o
 .ARM.attributes
                0x00000022       0x34 C:/ST/STM32CubeIDE_1.17.0/STM32CubeIDE/plugins/com.st.stm32cube.ide.mcu.externaltools.gnu-tools-for-stm32.12.3.rel1.win32_1.1.0.202410251130/tools/bin/../lib/gcc/arm-none-eabi/12.3.1/thumb/v7e-m+fp/hard/crtbegin.o
 .ARM.attributes
                0x00000056       0x34 ./Core/Src/console.o
 .ARM.attributes
                0x0000008a       0x34 ./Core/Src/logger.o
 .ARM.attributes
                0x000000be       0x34 ./Core/Src/main.o
 .ARM.attributes
                0x000000f2       0x34 ./Core/Src/ring_buffer.o
 .ARM.attributes
                0x00000126       0x34 ./Core/Src/stm32f4xx_hal_msp.o
 .ARM.attributes
                0x0000015a       0x34 ./Core/Src/stm32f4xx_it.o
 .ARM.attributes
                0x0000018e       0x34 ./Core/Src/sysmem.o
 .ARM.attributes
                0x000001c2       0x34 ./Core/Src/system_stm32f4xx.o
 .ARM.attributes
                0x000001f6       0x21 ./Core/Startup/startup_stm32f401retx.o
 .ARM.attributes
                0x00000217       0x34 ./Drivers/STM32F4xx_HAL_Driver/Src/stm32f4xx_hal.o
 .ARM.attributes
                0x0000024b       0x34 ./Drivers/STM32F4xx_HAL_Driver/Src/stm32f4xx_hal_cortex.o
 .ARM.attributes
                0x0000027f       0x34 ./Drivers/STM32F4xx_HAL_Driver/Src/stm32f4xx_hal_dma.o
 .ARM.attributes
                0x000002b3       0x34 ./Drivers/STM32F4xx_HAL_Driver/Src/stm32f4xx_hal_gpio.o
 .ARM.attributes
                0x000002e7       0x34 ./Drivers/STM32F4xx_HAL_Driver/Src/stm32f4xx_hal_pcd.o
 .ARM.attributes
                0x0000031b       0x34 ./Drivers/STM32F4xx_HAL_Driver/Src/stm32f4xx_hal_pcd_ex.o
 .ARM.attributes
                0x0000034f       0x34 ./Drivers/STM32F4xx_HAL_Driver/Src/stm32f4xx_hal_rcc.o
 .ARM.attributes
                0x00000383       0x34 ./Drivers/STM32F4xx_HAL_Driver/Src/stm32f4xx_hal_uart.o
 .ARM.attributes
                0x000003b7       0x34 ./Drivers/STM32F4xx_HAL_Driver/Src/stm32f4xx_ll_usb.o
 .ARM.attributes
                0x000003eb       0x34 ./Middlewares2/ST/STM32_USB_Device_Library/Class/CustomHID/Src/usbd_customhid.o
 .ARM.attributes
                0x0000041f       0x34 ./Middlewares2/ST/STM32_USB_Device_Library/Core/Src/usbd_core.o
 .ARM.attributes
                0x00000453       0x34 ./Middlewares2/ST/STM32_USB_Device_Library/Core/Src/usbd_ctlreq.o
 .ARM.attributes
                0x00000487       0x34 ./Middlewares2/ST/STM32_USB_Device_Library/Core/Src/usbd_ioreq.o
 .ARM.attributes
                0x000004bb       0x34 ./USB_DEVICE/App/usb_device.o
 .ARM.attributes
                0x000004ef       0x34 ./USB_DEVICE/App/usbd_custom_hid_if.o
 .ARM.attributes
                0x00000523       0x34 ./USB_DEVICE/App/usbd_desc.o
 .ARM.attributes
                0x00000557       0x34 ./USB_DEVICE/Target/usbd_conf.o
 .ARM.attributes
                0x0000058b       0x34 C:/ST/STM32CubeIDE_1.17.0/STM32CubeIDE/plugins/com.st.stm32cube.ide.mcu.externaltools.gnu-tools-for-stm32.12.3.rel1.win32_1.1.0.202410251130/tools/bin/../lib/gcc/arm-none-eabi/12.3.1/../../../../arm-none-eabi/lib/thumb/v7e-m+fp/hard\libc_nano.a(libc_a-findfp.o)
 .ARM.attributes
                0x000005bf       0x34 C:/ST/STM32CubeIDE_1.17.0/STM32CubeIDE/plugins/com.st.stm32cube.ide.mcu.externaltools.gnu-tools-for-stm32.12.3.rel1.win32_1.1.0.202410251130/tools/bin/../lib/gcc/arm-none-eabi/12.3.1/../../../../arm-none-eabi/lib/thumb/v7e-m+fp/hard\libc_nano.a(libc_a-vsnprintf.o)
 .ARM.attributes
                0x000005f3       0x34 C:/ST/STM32CubeIDE_1.17.0/STM32CubeIDE/plugins/com.st.stm32cube.ide.mcu.externaltools.gnu-tools-for-stm32.12.3.rel1.win32_1.1.0.202410251130/tools/bin/../lib/gcc/arm-none-eabi/12.3.1/../../../../arm-none-eabi/lib/thumb/v7e-m+fp/hard\libc_nano.a(libc_a-memset.o)
 .ARM.attributes
                0x00000627       0x34 C:/ST/STM32CubeIDE_1.17.0/STM32CubeIDE/plugins/com.st.stm32cube.ide.mcu.externaltools.gnu-tools-for-stm32.12.3.rel1.win32_1.1.0.202410251130/tools/bin/../lib/gcc/arm-none-eabi/12.3.1/../../../../arm-none-eabi/lib/thumb/v7e-m+fp/hard\libc_nano.a(libc_a-strsep.o)
 .ARM.attributes
                0x0000065b       0x34 C:/ST/STM32CubeIDE_1.17.0/STM32CubeIDE/plugins/com.st.stm32cube.ide.mcu.externaltools.gnu-tools-for-stm32.12.3.rel1.win32_1.1.0.202410251130/tools/bin/../lib/gcc/arm-none-eabi/12.3.1/../../../../arm-none-eabi/lib/thumb/v7e-m+fp/hard\libc_nano.a(libc_a-strtok_r.o)
 .ARM.attributes
                0x0000068f       0x34 C:/ST/STM32CubeIDE_1.17.0/STM32CubeIDE/plugins/com.st.stm32cube.ide.mcu.externaltools.gnu-tools-for-stm32.12.3.rel1.win32_1.1.0.202410251130/tools/bin/../lib/gcc/arm-none-eabi/12.3.1/../../../../arm-none-eabi/lib/thumb/v7e-m+fp/hard\libc_nano.a(libc_a-reent.o)
 .ARM.attributes
                0x000006c3       0x34 C:/ST/STM32CubeIDE_1.17.0/STM32CubeIDE/plugins/com.st.stm32cube.ide.mcu.externaltools.gnu-tools-for-stm32.12.3.rel1.win32_1.1.0.202410251130/tools/bin/../lib/gcc/arm-none-eabi/12.3.1/../../../../arm-none-eabi/lib/thumb/v7e-m+fp/hard\libc_nano.a(libc_a-impure.o)
 .ARM.attributes
                0x000006f7       0x34 C:/ST/STM32CubeIDE_1.17.0/STM32CubeIDE/plugins/com.st.stm32cube.ide.mcu.externaltools.gnu-tools-for-stm32.12.3.rel1.win32_1.1.0.202410251130/tools/bin/../lib/gcc/arm-none-eabi/12.3.1/../../../../arm-none-eabi/lib/thumb/v7e-m+fp/hard\libc_nano.a(libc_a-errno.o)
 .ARM.attributes
                0x0000072b       0x34 C:/ST/STM32CubeIDE_1.17.0/STM32CubeIDE/plugins/com.st.stm32cube.ide.mcu.externaltools.gnu-tools-for-stm32.12.3.rel1.win32_1.1.0.202410251130/tools/bin/../lib/gcc/arm-none-eabi/12.3.1/../../../../arm-none-eabi/lib/thumb/v7e-m+fp/hard\libc_nano.a(libc_a-init.o)
 .ARM.attributes
                0x0000075f       0x34 C:/ST/STM32CubeIDE_1.17.0/STM32CubeIDE/plugins/com.st.stm32cube.ide.mcu.externaltools.gnu-tools-for-stm32.12.3.rel1.win32_1.1.0.202410251130/tools/bin/../lib/gcc/arm-none-eabi/12.3.1/../../../../arm-none-eabi/lib/thumb/v7e-m+fp/hard\libc_nano.a(libc_a-lock.o)
 .ARM.attributes
                0x00000793       0x20 C:/ST/STM32CubeIDE_1.17.0/STM32CubeIDE/plugins/com.st.stm32cube.ide.mcu.externaltools.gnu-tools-for-stm32.12.3.rel1.win32_1.1.0.202410251130/tools/bin/../lib/gcc/arm-none-eabi/12.3.1/../../../../arm-none-eabi/lib/thumb/v7e-m+fp/hard\libc_nano.a(libc_a-strcmp.o)
 .ARM.attributes
                0x000007b3       0x17 C:/ST/STM32CubeIDE_1.17.0/STM32CubeIDE/plugins/com.st.stm32cube.ide.mcu.externaltools.gnu-tools-for-stm32.12.3.rel1.win32_1.1.0.202410251130/tools/bin/../lib/gcc/arm-none-eabi/12.3.1/../../../../arm-none-eabi/lib/thumb/v7e-m+fp/hard\libc_nano.a(libc_a-strlen.o)
 .ARM.attributes
                0x000007ca       0x34 C:/ST/STM32CubeIDE_1.17.0/STM32CubeIDE/plugins/com.st.stm32cube.ide.mcu.externaltools.gnu-tools-for-stm32.12.3.rel1.win32_1.1.0.202410251130/tools/bin/../lib/gcc/arm-none-eabi/12.3.1/../../../../arm-none-eabi/lib/thumb/v7e-m+fp/hard\libc_nano.a(libc_a-freer.o)
 .ARM.attributes
                0x000007fe       0x34 C:/ST/STM32CubeIDE_1.17.0/STM32CubeIDE/plugins/com.st.stm32cube.ide.mcu.externaltools.gnu-tools-for-stm32.12.3.rel1.win32_1.1.0.202410251130/tools/bin/../lib/gcc/arm-none-eabi/12.3.1/../../../../arm-none-eabi/lib/thumb/v7e-m+fp/hard\libc_nano.a(libc_a-mallocr.o)
 .ARM.attributes
                0x00000832       0x34 C:/ST/STM32CubeIDE_1.17.0/STM32CubeIDE/plugins/com.st.stm32cube.ide.mcu.externaltools.gnu-tools-for-stm32.12.3.rel1.win32_1.1.0.202410251130/tools/bin/../lib/gcc/arm-none-eabi/12.3.1/../../../../arm-none-eabi/lib/thumb/v7e-m+fp/hard\libc_nano.a(libc_a-mlock.o)
 .ARM.attributes
                0x00000866       0x34 C:/ST/STM32CubeIDE_1.17.0/STM32CubeIDE/plugins/com.st.stm32cube.ide.mcu.externaltools.gnu-tools-for-stm32.12.3.rel1.win32_1.1.0.202410251130/tools/bin/../lib/gcc/arm-none-eabi/12.3.1/../../../../arm-none-eabi/lib/thumb/v7e-m+fp/hard\libc_nano.a(libc_a-nano-svfprintf.o)
 .ARM.attributes
                0x0000089a       0x34 C:/ST/STM32CubeIDE_1.17.0/STM32CubeIDE/plugins/com.st.stm32cube.ide.mcu.externaltools.gnu-tools-for-stm32.12.3.rel1.win32_1.1.0.202410251130/tools/bin/../lib/gcc/arm-none-eabi/12.3.1/../../../../arm-none-eabi/lib/thumb/v7e-m+fp/hard\libc_nano.a(libc_a-nano-vfprintf_i.o)
 .ARM.attributes
                0x000008ce       0x34 C:/ST/STM32CubeIDE_1.17.0/STM32CubeIDE/plugins/com.st.stm32cube.ide.mcu.externaltools.gnu-tools-for-stm32.12.3.rel1.win32_1.1.0.202410251130/tools/bin/../lib/gcc/arm-none-eabi/12.3.1/../../../../arm-none-eabi/lib/thumb/v7e-m+fp/hard\libc_nano.a(libc_a-memmove.o)
 .ARM.attributes
                0x00000902       0x34 C:/ST/STM32CubeIDE_1.17.0/STM32CubeIDE/plugins/com.st.stm32cube.ide.mcu.externaltools.gnu-tools-for-stm32.12.3.rel1.win32_1.1.0.202410251130/tools/bin/../lib/gcc/arm-none-eabi/12.3.1/../../../../arm-none-eabi/lib/thumb/v7e-m+fp/hard\libc_nano.a(libc_a-sbrkr.o)
 .ARM.attributes
                0x00000936       0x1c C:/ST/STM32CubeIDE_1.17.0/STM32CubeIDE/plugins/com.st.stm32cube.ide.mcu.externaltools.gnu-tools-for-stm32.12.3.rel1.win32_1.1.0.202410251130/tools/bin/../lib/gcc/arm-none-eabi/12.3.1/../../../../arm-none-eabi/lib/thumb/v7e-m+fp/hard\libc_nano.a(libc_a-memchr.o)
 .ARM.attributes
                0x00000952       0x34 C:/ST/STM32CubeIDE_1.17.0/STM32CubeIDE/plugins/com.st.stm32cube.ide.mcu.externaltools.gnu-tools-for-stm32.12.3.rel1.win32_1.1.0.202410251130/tools/bin/../lib/gcc/arm-none-eabi/12.3.1/../../../../arm-none-eabi/lib/thumb/v7e-m+fp/hard\libc_nano.a(libc_a-memcpy-stub.o)
 .ARM.attributes
                0x00000986       0x34 C:/ST/STM32CubeIDE_1.17.0/STM32CubeIDE/plugins/com.st.stm32cube.ide.mcu.externaltools.gnu-tools-for-stm32.12.3.rel1.win32_1.1.0.202410251130/tools/bin/../lib/gcc/arm-none-eabi/12.3.1/../../../../arm-none-eabi/lib/thumb/v7e-m+fp/hard\libc_nano.a(libc_a-reallocr.o)
 .ARM.attributes
                0x000009ba       0x34 C:/ST/STM32CubeIDE_1.17.0/STM32CubeIDE/plugins/com.st.stm32cube.ide.mcu.externaltools.gnu-tools-for-stm32.12.3.rel1.win32_1.1.0.202410251130/tools/bin/../lib/gcc/arm-none-eabi/12.3.1/../../../../arm-none-eabi/lib/thumb/v7e-m+fp/hard\libc_nano.a(libc_a-msizer.o)
 .ARM.attributes
                0x000009ee       0x22 C:/ST/STM32CubeIDE_1.17.0/STM32CubeIDE/plugins/com.st.stm32cube.ide.mcu.externaltools.gnu-tools-for-stm32.12.3.rel1.win32_1.1.0.202410251130/tools/bin/../lib/gcc/arm-none-eabi/12.3.1/thumb/v7e-m+fp/hard\libgcc.a(_aeabi_uldivmod.o)
 .ARM.attributes
                0x00000a10       0x34 C:/ST/STM32CubeIDE_1.17.0/STM32CubeIDE/plugins/com.st.stm32cube.ide.mcu.externaltools.gnu-tools-for-stm32.12.3.rel1.win32_1.1.0.202410251130/tools/bin/../lib/gcc/arm-none-eabi/12.3.1/thumb/v7e-m+fp/hard\libgcc.a(_udivmoddi4.o)
 .ARM.attributes
                0x00000a44       0x22 C:/ST/STM32CubeIDE_1.17.0/STM32CubeIDE/plugins/com.st.stm32cube.ide.mcu.externaltools.gnu-tools-for-stm32.12.3.rel1.win32_1.1.0.202410251130/tools/bin/../lib/gcc/arm-none-eabi/12.3.1/thumb/v7e-m+fp/hard\libgcc.a(_dvmd_tls.o)
 .ARM.attributes
                0x00000a66       0x22 C:/ST/STM32CubeIDE_1.17.0/STM32CubeIDE/plugins/com.st.stm32cube.ide.mcu.externaltools.gnu-tools-for-stm32.12.3.rel1.win32_1.1.0.202410251130/tools/bin/../lib/gcc/arm-none-eabi/12.3.1/thumb/v7e-m+fp/hard/crtn.o
OUTPUT(basic-testing.elf elf32-littlearm)
LOAD linker stubs
LOAD C:/ST/STM32CubeIDE_1.17.0/STM32CubeIDE/plugins/com.st.stm32cube.ide.mcu.externaltools.gnu-tools-for-stm32.12.3.rel1.win32_1.1.0.202410251130/tools/bin/../lib/gcc/arm-none-eabi/12.3.1/../../../../arm-none-eabi/lib/thumb/v7e-m+fp/hard\libc.a
LOAD C:/ST/STM32CubeIDE_1.17.0/STM32CubeIDE/plugins/com.st.stm32cube.ide.mcu.externaltools.gnu-tools-for-stm32.12.3.rel1.win32_1.1.0.202410251130/tools/bin/../lib/gcc/arm-none-eabi/12.3.1/../../../../arm-none-eabi/lib/thumb/v7e-m+fp/hard\libm.a
LOAD C:/ST/STM32CubeIDE_1.17.0/STM32CubeIDE/plugins/com.st.stm32cube.ide.mcu.externaltools.gnu-tools-for-stm32.12.3.rel1.win32_1.1.0.202410251130/tools/bin/../lib/gcc/arm-none-eabi/12.3.1/thumb/v7e-m+fp/hard\libgcc.a

.debug_info     0x00000000    0x135f1
 .debug_info    0x00000000      0xac0 ./Core/Src/console.o
 .debug_info    0x00000ac0      0x32c ./Core/Src/logger.o
 .debug_info    0x00000dec     0x1232 ./Core/Src/main.o
 .debug_info    0x0000201e      0x33e ./Core/Src/ring_buffer.o
 .debug_info    0x0000235c     0x1010 ./Core/Src/stm32f4xx_hal_msp.o
 .debug_info    0x0000336c      0xadc ./Core/Src/stm32f4xx_it.o
 .debug_info    0x00003e48      0x168 ./Core/Src/sysmem.o
 .debug_info    0x00003fb0      0x53e ./Core/Src/system_stm32f4xx.o
 .debug_info    0x000044ee       0x30 ./Core/Startup/startup_stm32f401retx.o
 .debug_info    0x0000451e      0x8bb ./Drivers/STM32F4xx_HAL_Driver/Src/stm32f4xx_hal.o
 .debug_info    0x00004dd9      0xcf6 ./Drivers/STM32F4xx_HAL_Driver/Src/stm32f4xx_hal_cortex.o
 .debug_info    0x00005acf      0x8e6 ./Drivers/STM32F4xx_HAL_Driver/Src/stm32f4xx_hal_dma.o
 .debug_info    0x000063b5      0x6f9 ./Drivers/STM32F4xx_HAL_Driver/Src/stm32f4xx_hal_gpio.o
 .debug_info    0x00006aae     0x1577 ./Drivers/STM32F4xx_HAL_Driver/Src/stm32f4xx_hal_pcd.o
 .debug_info    0x00008025      0x6ea ./Drivers/STM32F4xx_HAL_Driver/Src/stm32f4xx_hal_pcd_ex.o
 .debug_info    0x0000870f      0x8f1 ./Drivers/STM32F4xx_HAL_Driver/Src/stm32f4xx_hal_rcc.o
 .debug_info    0x00009000     0x2f56 ./Drivers/STM32F4xx_HAL_Driver/Src/stm32f4xx_hal_uart.o
 .debug_info    0x0000bf56     0x1993 ./Drivers/STM32F4xx_HAL_Driver/Src/stm32f4xx_ll_usb.o
 .debug_info    0x0000d8e9      0xc92 ./Middlewares2/ST/STM32_USB_Device_Library/Class/CustomHID/Src/usbd_customhid.o
 .debug_info    0x0000e57b      0xe05 ./Middlewares2/ST/STM32_USB_Device_Library/Core/Src/usbd_core.o
 .debug_info    0x0000f380      0xade ./Middlewares2/ST/STM32_USB_Device_Library/Core/Src/usbd_ctlreq.o
 .debug_info    0x0000fe5e      0x755 ./Middlewares2/ST/STM32_USB_Device_Library/Core/Src/usbd_ioreq.o
 .debug_info    0x000105b3      0x6f4 ./USB_DEVICE/App/usb_device.o
 .debug_info    0x00010ca7      0xe7f ./USB_DEVICE/App/usbd_custom_hid_if.o
 .debug_info    0x00011b26      0x458 ./USB_DEVICE/App/usbd_desc.o
 .debug_info    0x00011f7e     0x1673 ./USB_DEVICE/Target/usbd_conf.o

.debug_abbrev   0x00000000     0x368c
 .debug_abbrev  0x00000000      0x24c ./Core/Src/console.o
 .debug_abbrev  0x0000024c      0x16f ./Core/Src/logger.o
 .debug_abbrev  0x000003bb      0x32c ./Core/Src/main.o
 .debug_abbrev  0x000006e7      0x120 ./Core/Src/ring_buffer.o
 .debug_abbrev  0x00000807      0x20d ./Core/Src/stm32f4xx_hal_msp.o
 .debug_abbrev  0x00000a14      0x1da ./Core/Src/stm32f4xx_it.o
 .debug_abbrev  0x00000bee       0xbc ./Core/Src/sysmem.o
 .debug_abbrev  0x00000caa      0x11a ./Core/Src/system_stm32f4xx.o
 .debug_abbrev  0x00000dc4       0x24 ./Core/Startup/startup_stm32f401retx.o
 .debug_abbrev  0x00000de8      0x24b ./Drivers/STM32F4xx_HAL_Driver/Src/stm32f4xx_hal.o
 .debug_abbrev  0x00001033      0x31d ./Drivers/STM32F4xx_HAL_Driver/Src/stm32f4xx_hal_cortex.o
 .debug_abbrev  0x00001350      0x221 ./Drivers/STM32F4xx_HAL_Driver/Src/stm32f4xx_hal_dma.o
 .debug_abbrev  0x00001571      0x1d3 ./Drivers/STM32F4xx_HAL_Driver/Src/stm32f4xx_hal_gpio.o
 .debug_abbrev  0x00001744      0x2b6 ./Drivers/STM32F4xx_HAL_Driver/Src/stm32f4xx_hal_pcd.o
 .debug_abbrev  0x000019fa      0x1da ./Drivers/STM32F4xx_HAL_Driver/Src/stm32f4xx_hal_pcd_ex.o
 .debug_abbrev  0x00001bd4      0x2b6 ./Drivers/STM32F4xx_HAL_Driver/Src/stm32f4xx_hal_rcc.o
 .debug_abbrev  0x00001e8a      0x31b ./Drivers/STM32F4xx_HAL_Driver/Src/stm32f4xx_hal_uart.o
 .debug_abbrev  0x000021a5      0x2b3 ./Drivers/STM32F4xx_HAL_Driver/Src/stm32f4xx_ll_usb.o
 .debug_abbrev  0x00002458      0x2d0 ./Middlewares2/ST/STM32_USB_Device_Library/Class/CustomHID/Src/usbd_customhid.o
 .debug_abbrev  0x00002728      0x27c ./Middlewares2/ST/STM32_USB_Device_Library/Core/Src/usbd_core.o
 .debug_abbrev  0x000029a4      0x26f ./Middlewares2/ST/STM32_USB_Device_Library/Core/Src/usbd_ctlreq.o
 .debug_abbrev  0x00002c13      0x19a ./Middlewares2/ST/STM32_USB_Device_Library/Core/Src/usbd_ioreq.o
 .debug_abbrev  0x00002dad      0x194 ./USB_DEVICE/App/usb_device.o
 .debug_abbrev  0x00002f41      0x261 ./USB_DEVICE/App/usbd_custom_hid_if.o
 .debug_abbrev  0x000031a2      0x1e1 ./USB_DEVICE/App/usbd_desc.o
 .debug_abbrev  0x00003383      0x309 ./USB_DEVICE/Target/usbd_conf.o

.debug_aranges  0x00000000      0xf10
 .debug_aranges
                0x00000000       0x70 ./Core/Src/console.o
 .debug_aranges
                0x00000070       0x38 ./Core/Src/logger.o
 .debug_aranges
                0x000000a8       0x58 ./Core/Src/main.o
 .debug_aranges
                0x00000100       0x48 ./Core/Src/ring_buffer.o
 .debug_aranges
                0x00000148       0x40 ./Core/Src/stm32f4xx_hal_msp.o
 .debug_aranges
                0x00000188       0x70 ./Core/Src/stm32f4xx_it.o
 .debug_aranges
                0x000001f8       0x20 ./Core/Src/sysmem.o
 .debug_aranges
                0x00000218       0x28 ./Core/Src/system_stm32f4xx.o
 .debug_aranges
                0x00000240       0x28 ./Core/Startup/startup_stm32f401retx.o
 .debug_aranges
                0x00000268       0xf0 ./Drivers/STM32F4xx_HAL_Driver/Src/stm32f4xx_hal.o
 .debug_aranges
                0x00000358      0x130 ./Drivers/STM32F4xx_HAL_Driver/Src/stm32f4xx_hal_cortex.o
 .debug_aranges
                0x00000488       0x90 ./Drivers/STM32F4xx_HAL_Driver/Src/stm32f4xx_hal_dma.o
 .debug_aranges
                0x00000518       0x58 ./Drivers/STM32F4xx_HAL_Driver/Src/stm32f4xx_hal_gpio.o
 .debug_aranges
                0x00000570      0x148 ./Drivers/STM32F4xx_HAL_Driver/Src/stm32f4xx_hal_pcd.o
 .debug_aranges
                0x000006b8       0x38 ./Drivers/STM32F4xx_HAL_Driver/Src/stm32f4xx_hal_pcd_ex.o
 .debug_aranges
                0x000006f0       0x88 ./Drivers/STM32F4xx_HAL_Driver/Src/stm32f4xx_hal_rcc.o
 .debug_aranges
                0x00000778      0x208 ./Drivers/STM32F4xx_HAL_Driver/Src/stm32f4xx_hal_uart.o
 .debug_aranges
                0x00000980      0x1a0 ./Drivers/STM32F4xx_HAL_Driver/Src/stm32f4xx_ll_usb.o
 .debug_aranges
                0x00000b20       0x80 ./Middlewares2/ST/STM32_USB_Device_Library/Class/CustomHID/Src/usbd_customhid.o
 .debug_aranges